Java HotSpot(TM) 64-Bit Server VM (25.271-b09) for windows-amd64 JRE (1.8.0_271-b09), built on Sep 16 2020 19:14:59 by "" with MS VC++ 15.9 (VS2017)
Memory: 4k page, physical 16707876k(9015144k free), swap 19198244k(8988336k free)
CommandLine flags: -XX:InitialHeapSize=134217728 -XX:MaxHeapSize=134217728 -XX:MaxNewSize=44740608 -XX:MaxTenuringThreshold=6 -XX:OldPLABSize=16 -XX:+PrintGC -XX:+PrintGCDateStamps -XX:+PrintGCDetails -XX:+PrintGCTimeStamps -XX:+UseCompressedClassPointers -XX:+UseCompressedOops -XX:+UseConcMarkSweepGC -XX:-UseLargePagesIndividualAllocation -XX:+UseParNewGC 
2020-11-16T00:02:00.509+0800: 0.207: [GC (Allocation Failure) 2020-11-16T00:02:00.509+0800: 0.207: [ParNew: 34704K->4352K(39296K), 0.0047693 secs] 34704K->13397K(126720K), 0.0049626 secs] [Times: user=0.00 sys=0.00, real=0.00 secs] 
2020-11-16T00:02:00.527+0800: 0.225: [GC (Allocation Failure) 2020-11-16T00:02:00.527+0800: 0.225: [ParNew: 38971K->4352K(39296K), 0.0049629 secs] 48016K->24906K(126720K), 0.0050267 secs] [Times: user=0.02 sys=0.00, real=0.01 secs] 
2020-11-16T00:02:00.544+0800: 0.242: [GC (Allocation Failure) 2020-11-16T00:02:00.544+0800: 0.242: [ParNew: 38982K->4352K(39296K), 0.0059917 secs] 59536K->37203K(126720K), 0.0060674 secs] [Times: user=0.02 sys=0.02, real=0.01 secs] 
2020-11-16T00:02:00.557+0800: 0.255: [GC (Allocation Failure) 2020-11-16T00:02:00.557+0800: 0.255: [ParNew: 39296K->4346K(39296K), 0.0067226 secs] 72147K->50098K(126720K), 0.0068564 secs] [Times: user=0.03 sys=0.00, real=0.01 secs] 
2020-11-16T00:02:00.564+0800: 0.262: [GC (CMS Initial Mark) [1 CMS-initial-mark: 45752K(87424K)] 50170K(126720K), 0.0001225 secs] [Times: user=0.00 sys=0.00, real=0.00 secs] 
2020-11-16T00:02:00.564+0800: 0.262: [CMS-concurrent-mark-start]
2020-11-16T00:02:00.565+0800: 0.264: [CMS-concurrent-mark: 0.001/0.001 secs] [Times: user=0.00 sys=0.00, real=0.00 secs] 
2020-11-16T00:02:00.565+0800: 0.264: [CMS-concurrent-preclean-start]
2020-11-16T00:02:00.566+0800: 0.264: [CMS-concurrent-preclean: 0.000/0.000 secs] [Times: user=0.00 sys=0.00, real=0.00 secs] 
2020-11-16T00:02:00.566+0800: 0.264: [CMS-concurrent-abortable-preclean-start]
2020-11-16T00:02:00.571+0800: 0.269: [GC (Allocation Failure) 2020-11-16T00:02:00.571+0800: 0.269: [ParNew: 39218K->4351K(39296K), 0.0076348 secs] 84970K->63133K(126720K), 0.0077109 secs] [Times: user=0.00 sys=0.00, real=0.01 secs] 
2020-11-16T00:02:00.585+0800: 0.284: [GC (Allocation Failure) 2020-11-16T00:02:00.585+0800: 0.284: [ParNew: 39270K->4348K(39296K), 0.0061451 secs] 98052K->75998K(126720K), 0.0062170 secs] [Times: user=0.00 sys=0.00, real=0.01 secs] 
2020-11-16T00:02:00.600+0800: 0.299: [GC (Allocation Failure) 2020-11-16T00:02:00.600+0800: 0.299: [ParNew: 39292K->4350K(39296K), 0.0052577 secs] 110942K->85264K(126720K), 0.0053579 secs] [Times: user=0.00 sys=0.00, real=0.01 secs] 
2020-11-16T00:02:00.614+0800: 0.313: [GC (Allocation Failure) 2020-11-16T00:02:00.614+0800: 0.313: [ParNew: 39139K->39139K(39296K), 0.0000198 secs]2020-11-16T00:02:00.614+0800: 0.313: [CMS2020-11-16T00:02:00.614+0800: 0.313: [CMS-concurrent-abortable-preclean: 0.001/0.049 secs] [Times: user=0.03 sys=0.01, real=0.05 secs] 
 (concurrent mode failure): 80913K->87421K(87424K), 0.0234962 secs] 120052K->87421K(126720K), [Metaspace: 3347K->3347K(1056768K)], 0.0236139 secs] [Times: user=0.01 sys=0.00, real=0.02 secs] 
2020-11-16T00:02:00.646+0800: 0.345: [GC (Allocation Failure) 2020-11-16T00:02:00.646+0800: 0.345: [ParNew: 34866K->34866K(39296K), 0.0000167 secs]2020-11-16T00:02:00.646+0800: 0.345: [CMS: 87421K->87318K(87424K), 0.0253678 secs] 122287K->96505K(126720K), [Metaspace: 3347K->3347K(1056768K)], 0.0254686 secs] [Times: user=0.00 sys=0.02, real=0.03 secs] 
2020-11-16T00:02:00.672+0800: 0.370: [GC (CMS Initial Mark) [1 CMS-initial-mark: 87318K(87424K)] 96649K(126720K), 0.0004280 secs] [Times: user=0.00 sys=0.00, real=0.00 secs] 
2020-11-16T00:02:00.672+0800: 0.371: [CMS-concurrent-mark-start]
2020-11-16T00:02:00.673+0800: 0.372: [CMS-concurrent-mark: 0.001/0.001 secs] [Times: user=0.00 sys=0.00, real=0.00 secs] 
2020-11-16T00:02:00.673+0800: 0.372: [CMS-concurrent-preclean-start]
2020-11-16T00:02:00.674+0800: 0.373: [CMS-concurrent-preclean: 0.001/0.001 secs] [Times: user=0.00 sys=0.00, real=0.00 secs] 
2020-11-16T00:02:00.674+0800: 0.373: [CMS-concurrent-abortable-preclean-start]
2020-11-16T00:02:00.674+0800: 0.373: [CMS-concurrent-abortable-preclean: 0.000/0.000 secs] [Times: user=0.00 sys=0.00, real=0.00 secs] 
2020-11-16T00:02:00.676+0800: 0.375: [GC (CMS Final Remark) [YG occupancy: 25538 K (39296 K)]2020-11-16T00:02:00.676+0800: 0.375: [Rescan (parallel) , 0.0002695 secs]2020-11-16T00:02:00.676+0800: 0.375: [weak refs processing, 0.0000127 secs]2020-11-16T00:02:00.676+0800: 0.375: [class unloading, 0.0003197 secs]2020-11-16T00:02:00.676+0800: 0.375: [scrub symbol table, 0.0007264 secs]2020-11-16T00:02:00.677+0800: 0.376: [scrub string table, 0.0001060 secs][1 CMS-remark: 87318K(87424K)] 112856K(126720K), 0.0015499 secs] [Times: user=0.00 sys=0.00, real=0.00 secs] 
2020-11-16T00:02:00.680+0800: 0.379: [CMS-concurrent-sweep-start]
2020-11-16T00:02:00.680+0800: 0.379: [CMS-concurrent-sweep: 0.000/0.000 secs] [Times: user=0.00 sys=0.00, real=0.00 secs] 
2020-11-16T00:02:00.680+0800: 0.379: [CMS-concurrent-reset-start]
2020-11-16T00:02:00.680+0800: 0.379: [CMS-concurrent-reset: 0.000/0.000 secs] [Times: user=0.00 sys=0.00, real=0.00 secs] 
2020-11-16T00:02:00.680+0800: 0.379: [GC (Allocation Failure) 2020-11-16T00:02:00.680+0800: 0.379: [ParNew: 38731K->38731K(39296K), 0.0000253 secs]2020-11-16T00:02:00.680+0800: 0.379: [CMS: 87318K->87223K(87424K), 0.0270063 secs] 126049K->104766K(126720K), [Metaspace: 3347K->3347K(1056768K)], 0.0272513 secs] [Times: user=0.03 sys=0.00, real=0.03 secs] 
2020-11-16T00:02:00.708+0800: 0.407: [GC (CMS Initial Mark) [1 CMS-initial-mark: 87223K(87424K)] 105548K(126720K), 0.0001344 secs] [Times: user=0.00 sys=0.00, real=0.00 secs] 
2020-11-16T00:02:00.708+0800: 0.407: [CMS-concurrent-mark-start]
2020-11-16T00:02:00.709+0800: 0.408: [CMS-concurrent-mark: 0.001/0.001 secs] [Times: user=0.00 sys=0.00, real=0.00 secs] 
2020-11-16T00:02:00.709+0800: 0.408: [CMS-concurrent-preclean-start]
2020-11-16T00:02:00.710+0800: 0.408: [CMS-concurrent-preclean: 0.001/0.001 secs] [Times: user=0.00 sys=0.00, real=0.00 secs] 
2020-11-16T00:02:00.710+0800: 0.408: [CMS-concurrent-abortable-preclean-start]
2020-11-16T00:02:00.710+0800: 0.408: [CMS-concurrent-abortable-preclean: 0.000/0.000 secs] [Times: user=0.00 sys=0.00, real=0.00 secs] 
2020-11-16T00:02:00.710+0800: 0.409: [GC (CMS Final Remark) [YG occupancy: 22102 K (39296 K)]2020-11-16T00:02:00.710+0800: 0.409: [Rescan (parallel) , 0.0002133 secs]2020-11-16T00:02:00.710+0800: 0.409: [weak refs processing, 0.0000111 secs]2020-11-16T00:02:00.710+0800: 0.409: [class unloading, 0.0002373 secs]2020-11-16T00:02:00.710+0800: 0.409: [scrub symbol table, 0.0003317 secs]2020-11-16T00:02:00.711+0800: 0.409: [scrub string table, 0.0000880 secs][1 CMS-remark: 87223K(87424K)] 109325K(126720K), 0.0009425 secs] [Times: user=0.00 sys=0.00, real=0.00 secs] 
2020-11-16T00:02:00.711+0800: 0.410: [CMS-concurrent-sweep-start]
2020-11-16T00:02:00.711+0800: 0.410: [CMS-concurrent-sweep: 0.000/0.000 secs] [Times: user=0.00 sys=0.00, real=0.00 secs] 
2020-11-16T00:02:00.711+0800: 0.410: [CMS-concurrent-reset-start]
2020-11-16T00:02:00.711+0800: 0.410: [CMS-concurrent-reset: 0.000/0.000 secs] [Times: user=0.00 sys=0.00, real=0.00 secs] 
2020-11-16T00:02:00.714+0800: 0.412: [GC (Allocation Failure) 2020-11-16T00:02:00.714+0800: 0.412: [ParNew: 39294K->39294K(39296K), 0.0000150 secs]2020-11-16T00:02:00.714+0800: 0.412: [CMS: 87223K->87416K(87424K), 0.0247550 secs] 126518K->111691K(126720K), [Metaspace: 3347K->3347K(1056768K)], 0.0248662 secs] [Times: user=0.02 sys=0.00, real=0.03 secs] 
2020-11-16T00:02:00.739+0800: 0.437: [GC (CMS Initial Mark) [1 CMS-initial-mark: 87416K(87424K)] 112283K(126720K), 0.0001469 secs] [Times: user=0.00 sys=0.00, real=0.00 secs] 
2020-11-16T00:02:00.739+0800: 0.438: [CMS-concurrent-mark-start]
2020-11-16T00:02:00.740+0800: 0.439: [CMS-concurrent-mark: 0.001/0.001 secs] [Times: user=0.00 sys=0.00, real=0.00 secs] 
2020-11-16T00:02:00.740+0800: 0.439: [CMS-concurrent-preclean-start]
2020-11-16T00:02:00.741+0800: 0.440: [CMS-concurrent-preclean: 0.001/0.001 secs] [Times: user=0.00 sys=0.00, real=0.00 secs] 
2020-11-16T00:02:00.741+0800: 0.440: [CMS-concurrent-abortable-preclean-start]
2020-11-16T00:02:00.741+0800: 0.440: [CMS-concurrent-abortable-preclean: 0.000/0.000 secs] [Times: user=0.00 sys=0.00, real=0.00 secs] 
2020-11-16T00:02:00.741+0800: 0.440: [GC (CMS Final Remark) [YG occupancy: 38260 K (39296 K)]2020-11-16T00:02:00.741+0800: 0.440: [Rescan (parallel) , 0.0002043 secs]2020-11-16T00:02:00.741+0800: 0.440: [weak refs processing, 0.0000123 secs]2020-11-16T00:02:00.741+0800: 0.440: [class unloading, 0.0004205 secs]2020-11-16T00:02:00.742+0800: 0.441: [scrub symbol table, 0.0004905 secs]2020-11-16T00:02:00.742+0800: 0.441: [scrub string table, 0.0001364 secs][1 CMS-remark: 87416K(87424K)] 125677K(126720K), 0.0013623 secs] [Times: user=0.00 sys=0.00, real=0.00 secs] 
2020-11-16T00:02:00.743+0800: 0.442: [CMS-concurrent-sweep-start]
2020-11-16T00:02:00.743+0800: 0.442: [CMS-concurrent-sweep: 0.000/0.000 secs] [Times: user=0.00 sys=0.00, real=0.00 secs] 
2020-11-16T00:02:00.743+0800: 0.442: [CMS-concurrent-reset-start]
2020-11-16T00:02:00.743+0800: 0.442: [CMS-concurrent-reset: 0.000/0.000 secs] [Times: user=0.00 sys=0.00, real=0.00 secs] 
2020-11-16T00:02:00.743+0800: 0.442: [GC (Allocation Failure) 2020-11-16T00:02:00.743+0800: 0.442: [ParNew: 39185K->39185K(39296K), 0.0000125 secs]2020-11-16T00:02:00.743+0800: 0.442: [CMS: 87416K->87284K(87424K), 0.0312897 secs] 126602K->119030K(126720K), [Metaspace: 3347K->3347K(1056768K)], 0.0313841 secs] [Times: user=0.03 sys=0.00, real=0.03 secs] 
2020-11-16T00:02:00.775+0800: 0.474: [GC (CMS Initial Mark) [1 CMS-initial-mark: 87284K(87424K)] 119318K(126720K), 0.0007380 secs] [Times: user=0.00 sys=0.00, real=0.00 secs] 
2020-11-16T00:02:00.776+0800: 0.475: [CMS-concurrent-mark-start]
2020-11-16T00:02:00.777+0800: 0.476: [CMS-concurrent-mark: 0.002/0.002 secs] [Times: user=0.00 sys=0.00, real=0.00 secs] 
2020-11-16T00:02:00.778+0800: 0.476: [Full GC (Allocation Failure) 2020-11-16T00:02:00.778+0800: 0.476: [CMS (concurrent mode failure): 87378K->87271K(87424K), 0.0107647 secs] 126673K->122326K(126720K), [Metaspace: 3347K->3347K(1056768K)], 0.0108371 secs] [Times: user=0.02 sys=0.00, real=0.01 secs] 
2020-11-16T00:02:00.789+0800: 0.488: [Full GC (Allocation Failure) 2020-11-16T00:02:00.789+0800: 0.488: [CMS: 87271K->87422K(87424K), 0.0208823 secs] 126469K->124727K(126720K), [Metaspace: 3347K->3347K(1056768K)], 0.0209818 secs] [Times: user=0.01 sys=0.00, real=0.02 secs] 
2020-11-16T00:02:00.811+0800: 0.509: [GC (CMS Initial Mark) [1 CMS-initial-mark: 87422K(87424K)] 125010K(126720K), 0.0001628 secs] [Times: user=0.00 sys=0.00, real=0.00 secs] 
2020-11-16T00:02:00.811+0800: 0.509: [CMS-concurrent-mark-start]
2020-11-16T00:02:00.811+0800: 0.510: [Full GC (Allocation Failure) 2020-11-16T00:02:00.812+0800: 0.510: [CMS2020-11-16T00:02:00.812+0800: 0.511: [CMS-concurrent-mark: 0.001/0.001 secs] [Times: user=0.00 sys=0.00, real=0.00 secs] 
 (concurrent mode failure): 87422K->87124K(87424K), 0.0154741 secs] 126630K->125403K(126720K), [Metaspace: 3347K->3347K(1056768K)], 0.0155563 secs] [Times: user=0.02 sys=0.00, real=0.02 secs] 
2020-11-16T00:02:00.828+0800: 0.526: [Full GC (Allocation Failure) 2020-11-16T00:02:00.828+0800: 0.526: [CMS: 87232K->87196K(87424K), 0.0024368 secs] 126522K->126026K(126720K), [Metaspace: 3347K->3347K(1056768K)], 0.0025103 secs] [Times: user=0.02 sys=0.00, real=0.00 secs] 
2020-11-16T00:02:00.830+0800: 0.529: [GC (CMS Initial Mark) [1 CMS-initial-mark: 87196K(87424K)] 126170K(126720K), 0.0001135 secs] [Times: user=0.00 sys=0.00, real=0.00 secs] 
2020-11-16T00:02:00.830+0800: 0.529: [CMS-concurrent-mark-start]
2020-11-16T00:02:00.831+0800: 0.529: [Full GC (Allocation Failure) 2020-11-16T00:02:00.831+0800: 0.529: [CMS2020-11-16T00:02:00.832+0800: 0.530: [CMS-concurrent-mark: 0.001/0.001 secs] [Times: user=0.00 sys=0.00, real=0.00 secs] 
 (concurrent mode failure): 87196K->87124K(87424K), 0.0062733 secs] 126400K->125985K(126720K), [Metaspace: 3347K->3347K(1056768K)], 0.0063252 secs] [Times: user=0.00 sys=0.00, real=0.01 secs] 
2020-11-16T00:02:00.837+0800: 0.536: [Full GC (Allocation Failure) 2020-11-16T00:02:00.837+0800: 0.536: [CMS: 87124K->87098K(87424K), 0.0184401 secs] 125985K->125960K(126720K), [Metaspace: 3347K->3347K(1056768K)], 0.0184913 secs] [Times: user=0.02 sys=0.00, real=0.02 secs] 
Heap
 par new generation   total 39296K, used 39008K [0x00000000f8000000, 0x00000000faaa0000, 0x00000000faaa0000)
  eden space 34944K, 100% used [0x00000000f8000000, 0x00000000fa220000, 0x00000000fa220000)
  from space 4352K,  93% used [0x00000000fa660000, 0x00000000faa583c8, 0x00000000faaa0000)
  to   space 4352K,   0% used [0x00000000fa220000, 0x00000000fa220000, 0x00000000fa660000)
 concurrent mark-sweep generation total 87424K, used 87098K [0x00000000faaa0000, 0x0000000100000000, 0x0000000100000000)
 Metaspace       used 3378K, capacity 4500K, committed 4864K, reserved 1056768K
  class space    used 369K, capacity 388K, committed 512K, reserved 1048576K
