Java HotSpot(TM) 64-Bit Server VM (25.271-b09) for windows-amd64 JRE (1.8.0_271-b09), built on Sep 16 2020 19:14:59 by "" with MS VC++ 15.9 (VS2017)
Memory: 4k page, physical 16707876k(8867604k free), swap 19198244k(8000488k free)
CommandLine flags: -XX:InitialHeapSize=267326016 -XX:MaxHeapSize=1073741824 -XX:MaxNewSize=348966912 -XX:MaxTenuringThreshold=6 -XX:OldPLABSize=16 -XX:+PrintGC -XX:+PrintGCDateStamps -XX:+PrintGCDetails -XX:+PrintGCTimeStamps -XX:+UseCompressedClassPointers -XX:+UseCompressedOops -XX:+UseConcMarkSweepGC -XX:-UseLargePagesIndividualAllocation -XX:+UseParNewGC 
2020-11-16T00:35:43.964+0800: 0.169: [GC (Allocation Failure) 2020-11-16T00:35:43.964+0800: 0.169: [ParNew: 69920K->8703K(78656K), 0.0061784 secs] 69920K->28138K(253440K), 0.0069175 secs] [Times: user=0.03 sys=0.03, real=0.01 secs] 
2020-11-16T00:35:43.986+0800: 0.191: [GC (Allocation Failure) 2020-11-16T00:35:43.986+0800: 0.191: [ParNew: 78655K->8702K(78656K), 0.0083848 secs] 98090K->56082K(253440K), 0.0084532 secs] [Times: user=0.00 sys=0.00, real=0.01 secs] 
2020-11-16T00:35:44.004+0800: 0.209: [GC (Allocation Failure) 2020-11-16T00:35:44.004+0800: 0.209: [ParNew: 78572K->8704K(78656K), 0.0114795 secs] 125951K->81884K(253440K), 0.0115358 secs] [Times: user=0.03 sys=0.02, real=0.01 secs] 
2020-11-16T00:35:44.025+0800: 0.230: [GC (Allocation Failure) 2020-11-16T00:35:44.025+0800: 0.230: [ParNew: 78656K->8703K(78656K), 0.0118112 secs] 151836K->107773K(253440K), 0.0118784 secs] [Times: user=0.05 sys=0.00, real=0.01 secs] 
2020-11-16T00:35:44.037+0800: 0.242: [GC (CMS Initial Mark) [1 CMS-initial-mark: 99069K(174784K)] 108179K(253440K), 0.0001389 secs] [Times: user=0.00 sys=0.00, real=0.00 secs] 
2020-11-16T00:35:44.037+0800: 0.242: [CMS-concurrent-mark-start]
2020-11-16T00:35:44.045+0800: 0.250: [CMS-concurrent-mark: 0.008/0.008 secs] [Times: user=0.01 sys=0.01, real=0.01 secs] 
2020-11-16T00:35:44.045+0800: 0.250: [CMS-concurrent-preclean-start]
2020-11-16T00:35:44.046+0800: 0.251: [CMS-concurrent-preclean: 0.000/0.000 secs] [Times: user=0.00 sys=0.00, real=0.00 secs] 
2020-11-16T00:35:44.046+0800: 0.251: [CMS-concurrent-abortable-preclean-start]
2020-11-16T00:35:44.048+0800: 0.253: [GC (Allocation Failure) 2020-11-16T00:35:44.048+0800: 0.253: [ParNew: 78655K->8703K(78656K), 0.0140631 secs] 177725K->134441K(253440K), 0.0141255 secs] [Times: user=0.05 sys=0.00, real=0.01 secs] 
2020-11-16T00:35:44.073+0800: 0.278: [GC (Allocation Failure) 2020-11-16T00:35:44.073+0800: 0.278: [ParNew: 78655K->8703K(78656K), 0.0130519 secs] 204393K->160956K(253440K), 0.0131230 secs] [Times: user=0.05 sys=0.00, real=0.01 secs] 
2020-11-16T00:35:44.096+0800: 0.301: [GC (Allocation Failure) 2020-11-16T00:35:44.096+0800: 0.301: [ParNew: 78633K->8688K(78656K), 0.0124942 secs] 230885K->183944K(254452K), 0.0125504 secs] [Times: user=0.03 sys=0.02, real=0.01 secs] 
2020-11-16T00:35:44.120+0800: 0.324: [GC (Allocation Failure) 2020-11-16T00:35:44.120+0800: 0.324: [ParNew: 78379K->8702K(78656K), 0.0135272 secs] 253635K->209740K(280332K), 0.0135867 secs] [Times: user=0.03 sys=0.01, real=0.01 secs] 
2020-11-16T00:35:44.146+0800: 0.350: [GC (Allocation Failure) 2020-11-16T00:35:44.146+0800: 0.350: [ParNew: 78654K->8699K(78656K), 0.0119892 secs] 279692K->230206K(300816K), 0.0120832 secs] [Times: user=0.02 sys=0.02, real=0.01 secs] 
2020-11-16T00:35:44.169+0800: 0.374: [GC (Allocation Failure) 2020-11-16T00:35:44.169+0800: 0.375: [ParNew: 78564K->8703K(78656K), 0.0116962 secs] 300072K->254094K(324664K), 0.0117659 secs] [Times: user=0.05 sys=0.00, real=0.01 secs] 
2020-11-16T00:35:44.193+0800: 0.398: [GC (Allocation Failure) 2020-11-16T00:35:44.193+0800: 0.398: [ParNew: 78655K->8701K(78656K), 0.0109869 secs] 324046K->276547K(347116K), 0.0110496 secs] [Times: user=0.03 sys=0.02, real=0.01 secs] 
2020-11-16T00:35:44.215+0800: 0.420: [GC (Allocation Failure) 2020-11-16T00:35:44.215+0800: 0.421: [ParNew: 78198K->8699K(78656K), 0.0116716 secs] 346045K->298769K(369396K), 0.0117424 secs] [Times: user=0.00 sys=0.03, real=0.01 secs] 
2020-11-16T00:35:44.238+0800: 0.443: [GC (Allocation Failure) 2020-11-16T00:35:44.238+0800: 0.443: [ParNew: 78651K->8701K(78656K), 0.0106674 secs] 368721K->319622K(390272K), 0.0107992 secs] [Times: user=0.03 sys=0.00, real=0.01 secs] 
2020-11-16T00:35:44.261+0800: 0.466: [GC (Allocation Failure) 2020-11-16T00:35:44.261+0800: 0.466: [ParNew: 78586K->8703K(78656K), 0.0123750 secs] 389508K->343206K(413940K), 0.0124579 secs] [Times: user=0.02 sys=0.02, real=0.01 secs] 
2020-11-16T00:35:44.284+0800: 0.489: [GC (Allocation Failure) 2020-11-16T00:35:44.284+0800: 0.489: [ParNew: 78655K->8700K(78656K), 0.0139863 secs] 413158K->369470K(440080K), 0.0140490 secs] [Times: user=0.03 sys=0.01, real=0.01 secs] 
2020-11-16T00:35:44.309+0800: 0.514: [GC (Allocation Failure) 2020-11-16T00:35:44.309+0800: 0.514: [ParNew: 78647K->8703K(78656K), 0.0116395 secs] 439416K->391364K(462104K), 0.0116979 secs] [Times: user=0.02 sys=0.02, real=0.01 secs] 
2020-11-16T00:35:44.331+0800: 0.536: [GC (Allocation Failure) 2020-11-16T00:35:44.331+0800: 0.536: [ParNew: 78316K->8700K(78656K), 0.0119791 secs] 460977K->413430K(484088K), 0.0120338 secs] [Times: user=0.05 sys=0.00, real=0.01 secs] 
2020-11-16T00:35:44.353+0800: 0.558: [GC (Allocation Failure) 2020-11-16T00:35:44.353+0800: 0.558: [ParNew: 78375K->8703K(78656K), 0.0137041 secs] 483105K->441283K(512068K), 0.0137527 secs] [Times: user=0.03 sys=0.00, real=0.01 secs] 
2020-11-16T00:35:44.378+0800: 0.582: [GC (Allocation Failure) 2020-11-16T00:35:44.378+0800: 0.582: [ParNew: 78655K->8703K(78656K), 0.0118343 secs] 511235K->464594K(535348K), 0.0118857 secs] [Times: user=0.00 sys=0.00, real=0.01 secs] 
2020-11-16T00:35:44.400+0800: 0.605: [GC (Allocation Failure) 2020-11-16T00:35:44.400+0800: 0.605: [ParNew: 78655K->8702K(78656K), 0.0110531 secs] 534546K->485600K(556264K), 0.0111083 secs] [Times: user=0.05 sys=0.00, real=0.01 secs] 
2020-11-16T00:35:44.422+0800: 0.627: [GC (Allocation Failure) 2020-11-16T00:35:44.422+0800: 0.627: [ParNew: 78631K->8695K(78656K), 0.0106083 secs] 555529K->505405K(576172K), 0.0106697 secs] [Times: user=0.00 sys=0.00, real=0.01 secs] 
2020-11-16T00:35:44.443+0800: 0.647: [GC (Allocation Failure) 2020-11-16T00:35:44.443+0800: 0.648: [ParNew: 78647K->8703K(78656K), 0.0135708 secs] 575357K->531703K(602400K), 0.0136220 secs] [Times: user=0.03 sys=0.02, real=0.01 secs] 
2020-11-16T00:35:44.468+0800: 0.673: [GC (Allocation Failure) 2020-11-16T00:35:44.468+0800: 0.673: [ParNew: 78611K->8699K(78656K), 0.0122187 secs] 601611K->555550K(626392K), 0.0122965 secs] [Times: user=0.00 sys=0.00, real=0.01 secs] 
2020-11-16T00:35:44.492+0800: 0.696: [GC (Allocation Failure) 2020-11-16T00:35:44.492+0800: 0.696: [ParNew: 78651K->8701K(78656K), 0.0121915 secs] 625502K->578625K(649460K), 0.0122729 secs] [Times: user=0.02 sys=0.02, real=0.01 secs] 
2020-11-16T00:35:44.515+0800: 0.719: [GC (Allocation Failure) 2020-11-16T00:35:44.515+0800: 0.719: [ParNew: 78653K->8699K(78656K), 0.0104495 secs] 648577K->598937K(669720K), 0.0105295 secs] [Times: user=0.00 sys=0.00, real=0.01 secs] 
2020-11-16T00:35:44.535+0800: 0.741: [GC (Allocation Failure) 2020-11-16T00:35:44.535+0800: 0.741: [ParNew: 78651K->8703K(78656K), 0.0105198 secs] 668889K->616880K(687648K), 0.0106021 secs] [Times: user=0.02 sys=0.03, real=0.01 secs] 
2020-11-16T00:35:44.556+0800: 0.761: [GC (Allocation Failure) 2020-11-16T00:35:44.556+0800: 0.761: [ParNew: 78655K->8695K(78656K), 0.0135903 secs] 686832K->643691K(714636K), 0.0136650 secs] [Times: user=0.01 sys=0.03, real=0.01 secs] 
2020-11-16T00:35:44.580+0800: 0.785: [GC (Allocation Failure) 2020-11-16T00:35:44.580+0800: 0.785: [ParNew: 78623K->8702K(78656K), 0.0128612 secs] 713619K->666500K(737348K), 0.0129269 secs] [Times: user=0.03 sys=0.02, real=0.01 secs] 
2020-11-16T00:35:44.605+0800: 0.810: [GC (Allocation Failure) 2020-11-16T00:35:44.605+0800: 0.810: [ParNew: 78148K->8703K(78656K), 0.0171577 secs] 735946K->690159K(760924K), 0.0172262 secs] [Times: user=0.05 sys=0.00, real=0.02 secs] 
2020-11-16T00:35:44.636+0800: 0.841: [GC (Allocation Failure) 2020-11-16T00:35:44.636+0800: 0.841: [ParNew: 78655K->8696K(78656K), 0.0154689 secs] 760111K->715184K(786028K), 0.0156219 secs] [Times: user=0.03 sys=0.01, real=0.02 secs] 
2020-11-16T00:35:44.652+0800: 0.856: [CMS-concurrent-abortable-preclean: 0.030/0.606 secs] [Times: user=0.94 sys=0.28, real=0.61 secs] 
2020-11-16T00:35:44.652+0800: 0.857: [GC (CMS Final Remark) [YG occupancy: 10301 K (78656 K)]2020-11-16T00:35:44.652+0800: 0.857: [Rescan (parallel) , 0.0004562 secs]2020-11-16T00:35:44.652+0800: 0.857: [weak refs processing, 0.0203387 secs]2020-11-16T00:35:44.673+0800: 0.877: [class unloading, 0.0002213 secs]2020-11-16T00:35:44.673+0800: 0.878: [scrub symbol table, 0.0003153 secs]2020-11-16T00:35:44.673+0800: 0.878: [scrub string table, 0.0000973 secs][1 CMS-remark: 706487K(707372K)] 716789K(786028K), 0.0215226 secs] [Times: user=0.00 sys=0.00, real=0.02 secs] 
2020-11-16T00:35:44.673+0800: 0.878: [CMS-concurrent-sweep-start]
2020-11-16T00:35:44.674+0800: 0.879: [CMS-concurrent-sweep: 0.000/0.000 secs] [Times: user=0.00 sys=0.00, real=0.00 secs] 
2020-11-16T00:35:44.674+0800: 0.879: [CMS-concurrent-reset-start]
2020-11-16T00:35:44.675+0800: 0.880: [CMS-concurrent-reset: 0.001/0.001 secs] [Times: user=0.00 sys=0.00, real=0.00 secs] 
2020-11-16T00:35:44.685+0800: 0.890: [GC (Allocation Failure) 2020-11-16T00:35:44.685+0800: 0.890: [ParNew: 78440K->78440K(78656K), 0.0000145 secs]2020-11-16T00:35:44.685+0800: 0.890: [CMS: 694099K->325973K(707840K), 0.0673913 secs] 772539K->325973K(786496K), [Metaspace: 3348K->3348K(1056768K)], 0.0680315 secs] [Times: user=0.06 sys=0.00, real=0.07 secs] 
2020-11-16T00:35:44.855+0800: 1.059: [GC (Allocation Failure) 2020-11-16T00:35:44.855+0800: 1.059: [ParNew: 272640K->34046K(306688K), 0.0230957 secs] 598613K->408590K(1014528K), 0.0231472 secs] [Times: user=0.06 sys=0.02, real=0.02 secs] 
2020-11-16T00:35:44.920+0800: 1.125: [GC (Allocation Failure) 2020-11-16T00:35:44.920+0800: 1.125: [ParNew: 306686K->34048K(306688K), 0.0308591 secs] 681230K->490193K(1014528K), 0.0309346 secs] [Times: user=0.02 sys=0.02, real=0.03 secs] 
2020-11-16T00:35:44.951+0800: 1.157: [GC (CMS Initial Mark) [1 CMS-initial-mark: 456145K(707840K)] 490334K(1014528K), 0.0002878 secs] [Times: user=0.02 sys=0.00, real=0.00 secs] 
2020-11-16T00:35:44.952+0800: 1.157: [CMS-concurrent-mark-start]
Heap
 par new generation   total 306688K, used 42259K [0x00000000c0000000, 0x00000000d4cc0000, 0x00000000d4cc0000)
  eden space 272640K,   3% used [0x00000000c0000000, 0x00000000c0804c30, 0x00000000d0a40000)
  from space 34048K, 100% used [0x00000000d0a40000, 0x00000000d2b80000, 0x00000000d2b80000)
  to   space 34048K,   0% used [0x00000000d2b80000, 0x00000000d2b80000, 0x00000000d4cc0000)
 concurrent mark-sweep generation total 707840K, used 456145K [0x00000000d4cc0000, 0x0000000100000000, 0x0000000100000000)
 Metaspace       used 3860K, capacity 4540K, committed 4864K, reserved 1056768K
  class space    used 426K, capacity 428K, committed 512K, reserved 1048576K
