Java HotSpot(TM) 64-Bit Server VM (25.271-b09) for windows-amd64 JRE (1.8.0_271-b09), built on Sep 16 2020 19:14:59 by "" with MS VC++ 15.9 (VS2017)
Memory: 4k page, physical 16707876k(8589280k free), swap 19198244k(6825536k free)
CommandLine flags: -XX:InitialHeapSize=134217728 -XX:MaxHeapSize=134217728 -XX:+PrintGC -XX:+PrintGCDateStamps -XX:+PrintGCDetails -XX:+PrintGCTimeStamps -XX:+UseCompressedClassPointers -XX:+UseCompressedOops -XX:-UseLargePagesIndividualAllocation -XX:+UseSerialGC 
2020-11-15T00:32:12.359+0800: 0.221: [GC (Allocation Failure) 2020-11-15T00:32:12.359+0800: 0.221: [DefNew: 34693K->4351K(39296K), 0.0075011 secs] 34693K->10058K(126720K), 0.0076165 secs] [Times: user=0.00 sys=0.00, real=0.01 secs] 
2020-11-15T00:32:12.380+0800: 0.241: [GC (Allocation Failure) 2020-11-15T00:32:12.380+0800: 0.241: [DefNew: 39278K->4341K(39296K), 0.0086059 secs] 44984K->20644K(126720K), 0.0086775 secs] [Times: user=0.01 sys=0.00, real=0.01 secs] 
2020-11-15T00:32:12.397+0800: 0.260: [GC (Allocation Failure) 2020-11-15T00:32:12.397+0800: 0.260: [DefNew: 39285K->4349K(39296K), 0.0090879 secs] 55588K->34124K(126720K), 0.0091434 secs] [Times: user=0.02 sys=0.02, real=0.01 secs] 
2020-11-15T00:32:12.413+0800: 0.275: [GC (Allocation Failure) 2020-11-15T00:32:12.413+0800: 0.275: [DefNew: 38623K->4349K(39296K), 0.0088696 secs] 68399K->46148K(126720K), 0.0089394 secs] [Times: user=0.02 sys=0.00, real=0.01 secs] 
2020-11-15T00:32:12.428+0800: 0.290: [GC (Allocation Failure) 2020-11-15T00:32:12.428+0800: 0.290: [DefNew: 39151K->4348K(39296K), 0.0072805 secs] 80950K->58123K(126720K), 0.0073325 secs] [Times: user=0.02 sys=0.00, real=0.01 secs] 
2020-11-15T00:32:12.447+0800: 0.309: [GC (Allocation Failure) 2020-11-15T00:32:12.447+0800: 0.309: [DefNew: 39269K->4349K(39296K), 0.0077634 secs] 93044K->69580K(126720K), 0.0078282 secs] [Times: user=0.02 sys=0.00, real=0.01 secs] 
2020-11-15T00:32:12.461+0800: 0.323: [GC (Allocation Failure) 2020-11-15T00:32:12.461+0800: 0.323: [DefNew: 39089K->4348K(39296K), 0.0088286 secs] 104319K->83135K(126720K), 0.0088995 secs] [Times: user=0.00 sys=0.01, real=0.01 secs] 
2020-11-15T00:32:12.477+0800: 0.339: [GC (Allocation Failure) 2020-11-15T00:32:12.477+0800: 0.339: [DefNew: 39260K->39260K(39296K), 0.0000136 secs]2020-11-15T00:32:12.477+0800: 0.339: [Tenured: 78787K->86962K(87424K), 0.0155936 secs] 118047K->90943K(126720K), [Metaspace: 3348K->3348K(1056768K)], 0.0156911 secs] [Times: user=0.02 sys=0.00, real=0.02 secs] 
2020-11-15T00:32:12.499+0800: 0.361: [Full GC (Allocation Failure) 2020-11-15T00:32:12.499+0800: 0.361: [Tenured: 87400K->87336K(87424K), 0.0190392 secs] 126691K->97570K(126720K), [Metaspace: 3349K->3349K(1056768K)], 0.0192630 secs] [Times: user=0.02 sys=0.00, real=0.02 secs] 
2020-11-15T00:32:12.523+0800: 0.385: [Full GC (Allocation Failure) 2020-11-15T00:32:12.523+0800: 0.385: [Tenured: 87336K->87314K(87424K), 0.0211157 secs] 126238K->107392K(126720K), [Metaspace: 3349K->3349K(1056768K)], 0.0212080 secs] [Times: user=0.03 sys=0.00, real=0.02 secs] 
2020-11-15T00:32:12.548+0800: 0.410: [Full GC (Allocation Failure) 2020-11-15T00:32:12.548+0800: 0.410: [Tenured: 87314K->87394K(87424K), 0.0287717 secs] 126324K->111292K(126720K), [Metaspace: 3349K->3349K(1056768K)], 0.0288536 secs] [Times: user=0.03 sys=0.00, real=0.03 secs] 
2020-11-15T00:32:12.579+0800: 0.441: [Full GC (Allocation Failure) 2020-11-15T00:32:12.579+0800: 0.441: [Tenured: 87394K->87394K(87424K), 0.0031564 secs] 126630K->114503K(126720K), [Metaspace: 3349K->3349K(1056768K)], 0.0032348 secs] [Times: user=0.00 sys=0.00, real=0.00 secs] 
2020-11-15T00:32:12.587+0800: 0.449: [Full GC (Allocation Failure) 2020-11-15T00:32:12.587+0800: 0.449: [Tenured: 87394K->87394K(87424K), 0.0028991 secs] 126673K->118703K(126720K), [Metaspace: 3349K->3349K(1056768K)], 0.0029638 secs] [Times: user=0.02 sys=0.00, real=0.00 secs] 
2020-11-15T00:32:12.592+0800: 0.454: [Full GC (Allocation Failure) 2020-11-15T00:32:12.592+0800: 0.454: [Tenured: 87394K->87394K(87424K), 0.0035663 secs] 126650K->122033K(126720K), [Metaspace: 3349K->3349K(1056768K)], 0.0036319 secs] [Times: user=0.00 sys=0.00, real=0.00 secs] 
2020-11-15T00:32:12.597+0800: 0.459: [Full GC (Allocation Failure) 2020-11-15T00:32:12.597+0800: 0.459: [Tenured: 87394K->87068K(87424K), 0.0269015 secs] 126322K->120738K(126720K), [Metaspace: 3349K->3349K(1056768K)], 0.0269640 secs] [Times: user=0.03 sys=0.00, real=0.03 secs] 
2020-11-15T00:32:12.624+0800: 0.486: [Full GC (Allocation Failure) 2020-11-15T00:32:12.624+0800: 0.486: [Tenured: 87294K->87294K(87424K), 0.0020483 secs] 126589K->122479K(126720K), [Metaspace: 3349K->3349K(1056768K)], 0.0021087 secs] [Times: user=0.00 sys=0.00, real=0.00 secs] 
2020-11-15T00:32:12.627+0800: 0.489: [Full GC (Allocation Failure) 2020-11-15T00:32:12.627+0800: 0.489: [Tenured: 87294K->87294K(87424K), 0.0030220 secs] 126518K->123924K(126720K), [Metaspace: 3349K->3349K(1056768K)], 0.0030897 secs] [Times: user=0.00 sys=0.00, real=0.00 secs] 
2020-11-15T00:32:12.631+0800: 0.493: [Full GC (Allocation Failure) 2020-11-15T00:32:12.632+0800: 0.493: [Tenured: 87360K->87360K(87424K), 0.0023693 secs] 126634K->124586K(126720K), [Metaspace: 3349K->3349K(1056768K)], 0.0024686 secs] [Times: user=0.00 sys=0.00, real=0.00 secs] 
2020-11-15T00:32:12.639+0800: 0.500: [Full GC (Allocation Failure) 2020-11-15T00:32:12.639+0800: 0.500: [Tenured: 87360K->87132K(87424K), 0.0259562 secs] 126578K->123331K(126720K), [Metaspace: 3349K->3349K(1056768K)], 0.0260384 secs] [Times: user=0.02 sys=0.00, real=0.03 secs] 
2020-11-15T00:32:12.665+0800: 0.527: [Full GC (Allocation Failure) 2020-11-15T00:32:12.665+0800: 0.527: [Tenured: 87372K->87372K(87424K), 0.0088844 secs] 126635K->124204K(126720K), [Metaspace: 3349K->3349K(1056768K)], 0.0089575 secs] [Times: user=0.01 sys=0.00, real=0.01 secs] 
2020-11-15T00:32:12.675+0800: 0.536: [Full GC (Allocation Failure) 2020-11-15T00:32:12.675+0800: 0.536: [Tenured: 87372K->87372K(87424K), 0.0027660 secs] 126520K->125679K(126720K), [Metaspace: 3349K->3349K(1056768K)], 0.0028326 secs] [Times: user=0.00 sys=0.00, real=0.00 secs] 
2020-11-15T00:32:12.678+0800: 0.539: [Full GC (Allocation Failure) 2020-11-15T00:32:12.678+0800: 0.539: [Tenured: 87372K->87372K(87424K), 0.0018050 secs] 126609K->125831K(126720K), [Metaspace: 3349K->3349K(1056768K)], 0.0018559 secs] [Times: user=0.00 sys=0.00, real=0.00 secs] 
2020-11-15T00:32:12.680+0800: 0.541: [Full GC (Allocation Failure) 2020-11-15T00:32:12.680+0800: 0.541: [Tenured: 87406K->87208K(87424K), 0.0217718 secs] 126701K->125384K(126720K), [Metaspace: 3349K->3349K(1056768K)], 0.0218530 secs] [Times: user=0.03 sys=0.00, real=0.02 secs] 
2020-11-15T00:32:12.702+0800: 0.564: [Full GC (Allocation Failure) 2020-11-15T00:32:12.702+0800: 0.564: [Tenured: 87208K->87208K(87424K), 0.0023518 secs] 126398K->125508K(126720K), [Metaspace: 3349K->3349K(1056768K)], 0.0024013 secs] [Times: user=0.00 sys=0.00, real=0.00 secs] 
2020-11-15T00:32:12.705+0800: 0.567: [Full GC (Allocation Failure) 2020-11-15T00:32:12.705+0800: 0.567: [Tenured: 87208K->87208K(87424K), 0.0019067 secs] 126322K->125652K(126720K), [Metaspace: 3349K->3349K(1056768K)], 0.0019533 secs] [Times: user=0.00 sys=0.00, real=0.00 secs] 
2020-11-15T00:32:12.707+0800: 0.569: [Full GC (Allocation Failure) 2020-11-15T00:32:12.707+0800: 0.569: [Tenured: 87319K->87319K(87424K), 0.0018571 secs] 126515K->125784K(126720K), [Metaspace: 3349K->3349K(1056768K)], 0.0019066 secs] [Times: user=0.00 sys=0.00, real=0.00 secs] 
2020-11-15T00:32:12.709+0800: 0.571: [Full GC (Allocation Failure) 2020-11-15T00:32:12.709+0800: 0.571: [Tenured: 87396K->87211K(87424K), 0.0158464 secs] 126678K->126017K(126720K), [Metaspace: 3349K->3349K(1056768K)], 0.0158990 secs] [Times: user=0.02 sys=0.00, real=0.02 secs] 
2020-11-15T00:32:12.726+0800: 0.587: [Full GC (Allocation Failure) 2020-11-15T00:32:12.726+0800: 0.587: [Tenured: 87211K->87211K(87424K), 0.0018999 secs] 126409K->126082K(126720K), [Metaspace: 3349K->3349K(1056768K)], 0.0019634 secs] [Times: user=0.00 sys=0.00, real=0.00 secs] 
2020-11-15T00:32:12.728+0800: 0.589: [Full GC (Allocation Failure) 2020-11-15T00:32:12.728+0800: 0.589: [Tenured: 87211K->87185K(87424K), 0.0161709 secs] 126082K->126057K(126720K), [Metaspace: 3349K->3349K(1056768K)], 0.0162144 secs] [Times: user=0.02 sys=0.00, real=0.02 secs] 
Heap
 def new generation   total 39296K, used 39033K [0x00000000f8000000, 0x00000000faaa0000, 0x00000000faaa0000)
  eden space 34944K, 100% used [0x00000000f8000000, 0x00000000fa220000, 0x00000000fa220000)
  from space 4352K,  93% used [0x00000000fa660000, 0x00000000faa5e7f8, 0x00000000faaa0000)
  to   space 4352K,   0% used [0x00000000fa220000, 0x00000000fa220000, 0x00000000fa660000)
 tenured generation   total 87424K, used 87185K [0x00000000faaa0000, 0x0000000100000000, 0x0000000100000000)
   the space 87424K,  99% used [0x00000000faaa0000, 0x00000000fffc47f0, 0x00000000fffc4800, 0x0000000100000000)
 Metaspace       used 3379K, capacity 4500K, committed 4864K, reserved 1056768K
  class space    used 369K, capacity 388K, committed 512K, reserved 1048576K
