Java HotSpot(TM) 64-Bit Server VM (25.251-b08) for windows-amd64 JRE (1.8.0_251-b08), built on Mar 12 2020 06:31:49 by "" with MS VC++ 10.0 (VS2010)
Memory: 4k page, physical 33401132k(21683612k free), swap 38381868k(24091776k free)
CommandLine flags: -XX:InitialHeapSize=534418112 -XX:MaxHeapSize=1073741824 -XX:+PrintGC -XX:+PrintGCDateStamps -XX:+PrintGCDetails -XX:+PrintGCTimeStamps -XX:+UseCompressedClassPointers -XX:+UseCompressedOops -XX:+UseG1GC -XX:-UseLargePagesIndividualAllocation 
2020-11-18T13:55:11.840+0800: 0.127: [GC pause (G1 Evacuation Pause) (young), 0.0019850 secs]
   [Parallel Time: 1.6 ms, GC Workers: 10]
      [GC Worker Start (ms): Min: 127.3, Avg: 127.4, Max: 127.4, Diff: 0.1]
      [Ext Root Scanning (ms): Min: 0.1, Avg: 0.3, Max: 1.1, Diff: 1.0, Sum: 2.5]
      [Update RS (ms): Min: 0.0, Avg: 0.0, Max: 0.0, Diff: 0.0, Sum: 0.0]
         [Processed Buffers: Min: 0, Avg: 0.0, Max: 0, Diff: 0, Sum: 0]
      [Scan RS (ms): Min: 0.0, Avg: 0.0, Max: 0.0, Diff: 0.0, Sum: 0.0]
      [Code Root Scanning (ms): Min: 0.0, Avg: 0.0, Max: 0.0, Diff: 0.0, Sum: 0.0]
      [Object Copy (ms): Min: 0.0, Avg: 1.0, Max: 1.2, Diff: 1.2, Sum: 9.6]
      [Termination (ms): Min: 0.0, Avg: 0.2, Max: 0.3, Diff: 0.3, Sum: 1.8]
         [Termination Attempts: Min: 1, Avg: 1.4, Max: 2, Diff: 1, Sum: 14]
      [GC Worker Other (ms): Min: 0.0, Avg: 0.0, Max: 0.0, Diff: 0.0, Sum: 0.3]
      [GC Worker Total (ms): Min: 1.4, Avg: 1.4, Max: 1.5, Diff: 0.1, Sum: 14.3]
      [GC Worker End (ms): Min: 128.8, Avg: 128.8, Max: 128.8, Diff: 0.0]
   [Code Root Fixup: 0.0 ms]
   [Code Root Purge: 0.0 ms]
   [Clear CT: 0.1 ms]
   [Other: 0.3 ms]
      [Choose CSet: 0.0 ms]
      [Ref Proc: 0.1 ms]
      [Ref Enq: 0.0 ms]
      [Redirty Cards: 0.1 ms]
      [Humongous Register: 0.0 ms]
      [Humongous Reclaim: 0.0 ms]
      [Free CSet: 0.0 ms]
   [Eden: 25.0M(25.0M)->0.0B(24.0M) Survivors: 0.0B->4096.0K Heap: 36.9M(510.0M)->12.4M(510.0M)]
 [Times: user=0.00 sys=0.00, real=0.00 secs] 
2020-11-18T13:55:11.849+0800: 0.136: [GC pause (G1 Evacuation Pause) (young), 0.0020822 secs]
   [Parallel Time: 1.7 ms, GC Workers: 10]
      [GC Worker Start (ms): Min: 136.4, Avg: 136.4, Max: 136.4, Diff: 0.1]
      [Ext Root Scanning (ms): Min: 0.1, Avg: 0.1, Max: 0.2, Diff: 0.2, Sum: 1.1]
      [Update RS (ms): Min: 0.0, Avg: 0.0, Max: 0.1, Diff: 0.1, Sum: 0.3]
         [Processed Buffers: Min: 0, Avg: 0.5, Max: 1, Diff: 1, Sum: 5]
      [Scan RS (ms): Min: 0.0, Avg: 0.0, Max: 0.0, Diff: 0.0, Sum: 0.0]
      [Code Root Scanning (ms): Min: 0.0, Avg: 0.0, Max: 0.0, Diff: 0.0, Sum: 0.0]
      [Object Copy (ms): Min: 1.3, Avg: 1.4, Max: 1.6, Diff: 0.3, Sum: 13.7]
      [Termination (ms): Min: 0.0, Avg: 0.2, Max: 0.3, Diff: 0.3, Sum: 1.6]
         [Termination Attempts: Min: 1, Avg: 1.0, Max: 1, Diff: 0, Sum: 10]
      [GC Worker Other (ms): Min: 0.0, Avg: 0.0, Max: 0.0, Diff: 0.0, Sum: 0.1]
      [GC Worker Total (ms): Min: 1.6, Avg: 1.7, Max: 1.7, Diff: 0.1, Sum: 16.8]
      [GC Worker End (ms): Min: 138.1, Avg: 138.1, Max: 138.1, Diff: 0.0]
   [Code Root Fixup: 0.0 ms]
   [Code Root Purge: 0.0 ms]
   [Clear CT: 0.1 ms]
   [Other: 0.3 ms]
      [Choose CSet: 0.0 ms]
      [Ref Proc: 0.1 ms]
      [Ref Enq: 0.0 ms]
      [Redirty Cards: 0.1 ms]
      [Humongous Register: 0.0 ms]
      [Humongous Reclaim: 0.0 ms]
      [Free CSet: 0.0 ms]
   [Eden: 24.0M(24.0M)->0.0B(36.0M) Survivors: 4096.0K->4096.0K Heap: 44.9M(510.0M)->20.7M(510.0M)]
 [Times: user=0.00 sys=0.00, real=0.00 secs] 
2020-11-18T13:55:11.860+0800: 0.148: [GC pause (G1 Evacuation Pause) (young), 0.0031321 secs]
   [Parallel Time: 2.8 ms, GC Workers: 10]
      [GC Worker Start (ms): Min: 147.9, Avg: 147.9, Max: 148.0, Diff: 0.2]
      [Ext Root Scanning (ms): Min: 0.0, Avg: 0.1, Max: 0.1, Diff: 0.1, Sum: 0.8]
      [Update RS (ms): Min: 0.0, Avg: 0.1, Max: 0.8, Diff: 0.8, Sum: 1.1]
         [Processed Buffers: Min: 0, Avg: 1.2, Max: 2, Diff: 2, Sum: 12]
      [Scan RS (ms): Min: 0.0, Avg: 0.0, Max: 0.0, Diff: 0.0, Sum: 0.0]
      [Code Root Scanning (ms): Min: 0.0, Avg: 0.0, Max: 0.0, Diff: 0.0, Sum: 0.0]
      [Object Copy (ms): Min: 1.7, Avg: 2.3, Max: 2.5, Diff: 0.8, Sum: 23.1]
      [Termination (ms): Min: 0.0, Avg: 0.2, Max: 0.3, Diff: 0.3, Sum: 1.7]
         [Termination Attempts: Min: 1, Avg: 1.0, Max: 1, Diff: 0, Sum: 10]
      [GC Worker Other (ms): Min: 0.0, Avg: 0.0, Max: 0.0, Diff: 0.0, Sum: 0.1]
      [GC Worker Total (ms): Min: 2.6, Avg: 2.7, Max: 2.7, Diff: 0.2, Sum: 26.7]
      [GC Worker End (ms): Min: 150.6, Avg: 150.6, Max: 150.6, Diff: 0.0]
   [Code Root Fixup: 0.0 ms]
   [Code Root Purge: 0.0 ms]
   [Clear CT: 0.1 ms]
   [Other: 0.3 ms]
      [Choose CSet: 0.0 ms]
      [Ref Proc: 0.1 ms]
      [Ref Enq: 0.0 ms]
      [Redirty Cards: 0.1 ms]
      [Humongous Register: 0.0 ms]
      [Humongous Reclaim: 0.0 ms]
      [Free CSet: 0.0 ms]
   [Eden: 36.0M(36.0M)->0.0B(51.0M) Survivors: 4096.0K->5120.0K Heap: 65.4M(510.0M)->37.6M(510.0M)]
 [Times: user=0.00 sys=0.00, real=0.00 secs] 
2020-11-18T13:55:11.876+0800: 0.164: [GC pause (G1 Evacuation Pause) (young), 0.0037341 secs]
   [Parallel Time: 3.4 ms, GC Workers: 10]
      [GC Worker Start (ms): Min: 164.1, Avg: 164.1, Max: 164.2, Diff: 0.1]
      [Ext Root Scanning (ms): Min: 0.0, Avg: 0.1, Max: 0.1, Diff: 0.1, Sum: 1.0]
      [Update RS (ms): Min: 0.1, Avg: 0.1, Max: 0.2, Diff: 0.1, Sum: 1.3]
         [Processed Buffers: Min: 1, Avg: 2.7, Max: 4, Diff: 3, Sum: 27]
      [Scan RS (ms): Min: 0.0, Avg: 0.0, Max: 0.0, Diff: 0.0, Sum: 0.0]
      [Code Root Scanning (ms): Min: 0.0, Avg: 0.0, Max: 0.0, Diff: 0.0, Sum: 0.0]
      [Object Copy (ms): Min: 2.8, Avg: 2.9, Max: 3.0, Diff: 0.3, Sum: 28.8]
      [Termination (ms): Min: 0.0, Avg: 0.2, Max: 0.3, Diff: 0.3, Sum: 1.6]
         [Termination Attempts: Min: 1, Avg: 1.0, Max: 1, Diff: 0, Sum: 10]
      [GC Worker Other (ms): Min: 0.0, Avg: 0.0, Max: 0.0, Diff: 0.0, Sum: 0.1]
      [GC Worker Total (ms): Min: 3.2, Avg: 3.3, Max: 3.3, Diff: 0.1, Sum: 32.8]
      [GC Worker End (ms): Min: 167.4, Avg: 167.4, Max: 167.4, Diff: 0.0]
   [Code Root Fixup: 0.0 ms]
   [Code Root Purge: 0.0 ms]
   [Clear CT: 0.1 ms]
   [Other: 0.3 ms]
      [Choose CSet: 0.0 ms]
      [Ref Proc: 0.1 ms]
      [Ref Enq: 0.0 ms]
      [Redirty Cards: 0.1 ms]
      [Humongous Register: 0.0 ms]
      [Humongous Reclaim: 0.0 ms]
      [Free CSet: 0.0 ms]
   [Eden: 51.0M(51.0M)->0.0B(173.0M) Survivors: 5120.0K->7168.0K Heap: 99.5M(510.0M)->58.4M(510.0M)]
 [Times: user=0.03 sys=0.13, real=0.00 secs] 
2020-11-18T13:55:11.950+0800: 0.237: [GC pause (G1 Evacuation Pause) (young), 0.0073422 secs]
   [Parallel Time: 6.8 ms, GC Workers: 10]
      [GC Worker Start (ms): Min: 237.4, Avg: 237.4, Max: 237.7, Diff: 0.3]
      [Ext Root Scanning (ms): Min: 0.0, Avg: 0.1, Max: 0.1, Diff: 0.1, Sum: 1.1]
      [Update RS (ms): Min: 0.0, Avg: 0.1, Max: 0.1, Diff: 0.1, Sum: 1.0]
         [Processed Buffers: Min: 0, Avg: 1.5, Max: 2, Diff: 2, Sum: 15]
      [Scan RS (ms): Min: 0.0, Avg: 0.0, Max: 0.0, Diff: 0.0, Sum: 0.1]
      [Code Root Scanning (ms): Min: 0.0, Avg: 0.0, Max: 0.0, Diff: 0.0, Sum: 0.0]
      [Object Copy (ms): Min: 6.3, Avg: 6.4, Max: 6.6, Diff: 0.2, Sum: 64.1]
      [Termination (ms): Min: 0.0, Avg: 0.1, Max: 0.2, Diff: 0.2, Sum: 1.0]
         [Termination Attempts: Min: 1, Avg: 1.0, Max: 1, Diff: 0, Sum: 10]
      [GC Worker Other (ms): Min: 0.0, Avg: 0.0, Max: 0.0, Diff: 0.0, Sum: 0.1]
      [GC Worker Total (ms): Min: 6.5, Avg: 6.7, Max: 6.8, Diff: 0.3, Sum: 67.5]
      [GC Worker End (ms): Min: 244.2, Avg: 244.2, Max: 244.2, Diff: 0.0]
   [Code Root Fixup: 0.0 ms]
   [Code Root Purge: 0.0 ms]
   [Clear CT: 0.1 ms]
   [Other: 0.4 ms]
      [Choose CSet: 0.0 ms]
      [Ref Proc: 0.1 ms]
      [Ref Enq: 0.0 ms]
      [Redirty Cards: 0.1 ms]
      [Humongous Register: 0.1 ms]
      [Humongous Reclaim: 0.0 ms]
      [Free CSet: 0.1 ms]
   [Eden: 165.0M(165.0M)->0.0B(91.0M) Survivors: 7168.0K->22.0M Heap: 254.0M(510.0M)->119.8M(510.0M)]
 [Times: user=0.00 sys=0.00, real=0.01 secs] 
2020-11-18T13:55:11.974+0800: 0.261: [GC pause (G1 Evacuation Pause) (young), 0.0060947 secs]
   [Parallel Time: 5.7 ms, GC Workers: 10]
      [GC Worker Start (ms): Min: 261.5, Avg: 261.5, Max: 261.6, Diff: 0.1]
      [Ext Root Scanning (ms): Min: 0.0, Avg: 0.1, Max: 0.1, Diff: 0.1, Sum: 1.0]
      [Update RS (ms): Min: 0.1, Avg: 0.2, Max: 0.3, Diff: 0.2, Sum: 1.8]
         [Processed Buffers: Min: 0, Avg: 1.9, Max: 3, Diff: 3, Sum: 19]
      [Scan RS (ms): Min: 0.0, Avg: 0.0, Max: 0.0, Diff: 0.0, Sum: 0.1]
      [Code Root Scanning (ms): Min: 0.0, Avg: 0.0, Max: 0.0, Diff: 0.0, Sum: 0.0]
      [Object Copy (ms): Min: 5.0, Avg: 5.2, Max: 5.4, Diff: 0.3, Sum: 52.3]
      [Termination (ms): Min: 0.0, Avg: 0.1, Max: 0.2, Diff: 0.2, Sum: 1.1]
         [Termination Attempts: Min: 1, Avg: 1.9, Max: 5, Diff: 4, Sum: 19]
      [GC Worker Other (ms): Min: 0.0, Avg: 0.0, Max: 0.0, Diff: 0.0, Sum: 0.1]
      [GC Worker Total (ms): Min: 5.5, Avg: 5.6, Max: 5.7, Diff: 0.1, Sum: 56.4]
      [GC Worker End (ms): Min: 267.1, Avg: 267.1, Max: 267.1, Diff: 0.0]
   [Code Root Fixup: 0.0 ms]
   [Code Root Purge: 0.0 ms]
   [Clear CT: 0.1 ms]
   [Other: 0.3 ms]
      [Choose CSet: 0.0 ms]
      [Ref Proc: 0.1 ms]
      [Ref Enq: 0.0 ms]
      [Redirty Cards: 0.1 ms]
      [Humongous Register: 0.0 ms]
      [Humongous Reclaim: 0.0 ms]
      [Free CSet: 0.0 ms]
   [Eden: 91.0M(91.0M)->0.0B(156.0M) Survivors: 22.0M->15.0M Heap: 239.3M(510.0M)->160.1M(510.0M)]
 [Times: user=0.00 sys=0.00, real=0.01 secs] 
2020-11-18T13:55:12.004+0800: 0.292: [GC pause (G1 Humongous Allocation) (young) (initial-mark), 0.0057830 secs]
   [Parallel Time: 5.4 ms, GC Workers: 10]
      [GC Worker Start (ms): Min: 291.8, Avg: 291.9, Max: 292.0, Diff: 0.1]
      [Ext Root Scanning (ms): Min: 0.0, Avg: 0.1, Max: 0.3, Diff: 0.3, Sum: 1.4]
      [Update RS (ms): Min: 0.0, Avg: 0.1, Max: 0.2, Diff: 0.2, Sum: 1.3]
         [Processed Buffers: Min: 0, Avg: 2.2, Max: 3, Diff: 3, Sum: 22]
      [Scan RS (ms): Min: 0.0, Avg: 0.0, Max: 0.0, Diff: 0.0, Sum: 0.1]
      [Code Root Scanning (ms): Min: 0.0, Avg: 0.0, Max: 0.0, Diff: 0.0, Sum: 0.0]
      [Object Copy (ms): Min: 4.7, Avg: 4.9, Max: 5.0, Diff: 0.2, Sum: 48.7]
      [Termination (ms): Min: 0.0, Avg: 0.1, Max: 0.2, Diff: 0.2, Sum: 1.3]
         [Termination Attempts: Min: 1, Avg: 1.3, Max: 2, Diff: 1, Sum: 13]
      [GC Worker Other (ms): Min: 0.0, Avg: 0.0, Max: 0.0, Diff: 0.0, Sum: 0.1]
      [GC Worker Total (ms): Min: 5.2, Avg: 5.3, Max: 5.3, Diff: 0.1, Sum: 52.9]
      [GC Worker End (ms): Min: 297.2, Avg: 297.2, Max: 297.2, Diff: 0.0]
   [Code Root Fixup: 0.0 ms]
   [Code Root Purge: 0.0 ms]
   [Clear CT: 0.1 ms]
   [Other: 0.4 ms]
      [Choose CSet: 0.0 ms]
      [Ref Proc: 0.1 ms]
      [Ref Enq: 0.0 ms]
      [Redirty Cards: 0.1 ms]
      [Humongous Register: 0.0 ms]
      [Humongous Reclaim: 0.0 ms]
      [Free CSet: 0.0 ms]
   [Eden: 129.0M(156.0M)->0.0B(163.0M) Survivors: 15.0M->22.0M Heap: 327.4M(510.0M)->208.9M(510.0M)]
 [Times: user=0.02 sys=0.00, real=0.01 secs] 
2020-11-18T13:55:12.010+0800: 0.298: [GC concurrent-root-region-scan-start]
2020-11-18T13:55:12.010+0800: 0.298: [GC concurrent-root-region-scan-end, 0.0001068 secs]
2020-11-18T13:55:12.011+0800: 0.298: [GC concurrent-mark-start]
2020-11-18T13:55:12.011+0800: 0.299: [GC concurrent-mark-end, 0.0008325 secs]
2020-11-18T13:55:12.011+0800: 0.299: [GC remark 2020-11-18T13:55:12.011+0800: 0.299: [Finalize Marking, 0.0001016 secs] 2020-11-18T13:55:12.012+0800: 0.299: [GC ref-proc, 0.0000711 secs] 2020-11-18T13:55:12.012+0800: 0.299: [Unloading, 0.0003677 secs], 0.0008942 secs]
 [Times: user=0.00 sys=0.00, real=0.00 secs] 
2020-11-18T13:55:12.012+0800: 0.300: [GC cleanup 217M->215M(510M), 0.0003741 secs]
 [Times: user=0.00 sys=0.00, real=0.00 secs] 
2020-11-18T13:55:12.013+0800: 0.300: [GC concurrent-cleanup-start]
2020-11-18T13:55:12.013+0800: 0.300: [GC concurrent-cleanup-end, 0.0000070 secs]
2020-11-18T13:55:12.041+0800: 0.328: [GC pause (G1 Evacuation Pause) (young), 0.0095385 secs]
   [Parallel Time: 8.1 ms, GC Workers: 10]
      [GC Worker Start (ms): Min: 328.1, Avg: 328.1, Max: 328.1, Diff: 0.0]
      [Ext Root Scanning (ms): Min: 0.1, Avg: 0.1, Max: 0.1, Diff: 0.0, Sum: 1.0]
      [Update RS (ms): Min: 0.1, Avg: 0.2, Max: 0.3, Diff: 0.2, Sum: 1.7]
         [Processed Buffers: Min: 0, Avg: 2.4, Max: 3, Diff: 3, Sum: 24]
      [Scan RS (ms): Min: 0.0, Avg: 0.0, Max: 0.0, Diff: 0.0, Sum: 0.1]
      [Code Root Scanning (ms): Min: 0.0, Avg: 0.0, Max: 0.0, Diff: 0.0, Sum: 0.0]
      [Object Copy (ms): Min: 7.4, Avg: 7.6, Max: 7.7, Diff: 0.4, Sum: 75.8]
      [Termination (ms): Min: 0.0, Avg: 0.1, Max: 0.2, Diff: 0.2, Sum: 1.2]
         [Termination Attempts: Min: 1, Avg: 1.4, Max: 2, Diff: 1, Sum: 14]
      [GC Worker Other (ms): Min: 0.0, Avg: 0.0, Max: 0.0, Diff: 0.0, Sum: 0.1]
      [GC Worker Total (ms): Min: 8.0, Avg: 8.0, Max: 8.0, Diff: 0.0, Sum: 79.9]
      [GC Worker End (ms): Min: 336.1, Avg: 336.1, Max: 336.1, Diff: 0.0]
   [Code Root Fixup: 0.0 ms]
   [Code Root Purge: 0.0 ms]
   [Clear CT: 0.1 ms]
   [Other: 1.4 ms]
      [Choose CSet: 0.0 ms]
      [Ref Proc: 0.1 ms]
      [Ref Enq: 0.0 ms]
      [Redirty Cards: 0.1 ms]
      [Humongous Register: 0.1 ms]
      [Humongous Reclaim: 0.1 ms]
      [Free CSet: 0.1 ms]
   [Eden: 163.0M(163.0M)->0.0B(8192.0K) Survivors: 22.0M->24.0M Heap: 424.6M(510.0M)->272.4M(651.0M)]
 [Times: user=0.00 sys=0.00, real=0.01 secs] 
2020-11-18T13:55:12.053+0800: 0.340: [GC pause (G1 Evacuation Pause) (mixed), 0.0041493 secs]
   [Parallel Time: 2.7 ms, GC Workers: 10]
      [GC Worker Start (ms): Min: 340.5, Avg: 340.6, Max: 340.7, Diff: 0.2]
      [Ext Root Scanning (ms): Min: 0.0, Avg: 0.1, Max: 0.1, Diff: 0.1, Sum: 0.9]
      [Update RS (ms): Min: 0.0, Avg: 0.1, Max: 0.4, Diff: 0.4, Sum: 1.0]
         [Processed Buffers: Min: 0, Avg: 1.1, Max: 3, Diff: 3, Sum: 11]
      [Scan RS (ms): Min: 0.0, Avg: 0.0, Max: 0.0, Diff: 0.0, Sum: 0.0]
      [Code Root Scanning (ms): Min: 0.0, Avg: 0.0, Max: 0.0, Diff: 0.0, Sum: 0.0]
      [Object Copy (ms): Min: 2.0, Avg: 2.3, Max: 2.4, Diff: 0.4, Sum: 23.0]
      [Termination (ms): Min: 0.0, Avg: 0.1, Max: 0.1, Diff: 0.1, Sum: 0.6]
         [Termination Attempts: Min: 1, Avg: 1.0, Max: 1, Diff: 0, Sum: 10]
      [GC Worker Other (ms): Min: 0.0, Avg: 0.0, Max: 0.0, Diff: 0.0, Sum: 0.0]
      [GC Worker Total (ms): Min: 2.4, Avg: 2.6, Max: 2.6, Diff: 0.2, Sum: 25.6]
      [GC Worker End (ms): Min: 343.1, Avg: 343.1, Max: 343.1, Diff: 0.0]
   [Code Root Fixup: 0.0 ms]
   [Code Root Purge: 0.0 ms]
   [Clear CT: 0.1 ms]
   [Other: 1.4 ms]
      [Choose CSet: 0.0 ms]
      [Ref Proc: 0.1 ms]
      [Ref Enq: 0.0 ms]
      [Redirty Cards: 0.1 ms]
      [Humongous Register: 0.1 ms]
      [Humongous Reclaim: 0.0 ms]
      [Free CSet: 0.0 ms]
   [Eden: 8192.0K(8192.0K)->0.0B(260.0M) Survivors: 24.0M->4096.0K Heap: 280.4M(651.0M)->271.1M(726.0M)]
 [Times: user=0.00 sys=0.00, real=0.01 secs] 
2020-11-18T13:55:12.069+0800: 0.356: [GC pause (G1 Humongous Allocation) (young) (initial-mark), 0.0031524 secs]
   [Parallel Time: 2.0 ms, GC Workers: 10]
      [GC Worker Start (ms): Min: 356.4, Avg: 356.4, Max: 356.4, Diff: 0.0]
      [Ext Root Scanning (ms): Min: 0.1, Avg: 0.1, Max: 0.1, Diff: 0.0, Sum: 1.0]
      [Update RS (ms): Min: 0.1, Avg: 0.2, Max: 0.2, Diff: 0.1, Sum: 1.5]
         [Processed Buffers: Min: 0, Avg: 2.3, Max: 3, Diff: 3, Sum: 23]
      [Scan RS (ms): Min: 0.0, Avg: 0.0, Max: 0.0, Diff: 0.0, Sum: 0.0]
      [Code Root Scanning (ms): Min: 0.0, Avg: 0.0, Max: 0.0, Diff: 0.0, Sum: 0.0]
      [Object Copy (ms): Min: 1.5, Avg: 1.6, Max: 1.7, Diff: 0.2, Sum: 16.2]
      [Termination (ms): Min: 0.0, Avg: 0.1, Max: 0.2, Diff: 0.2, Sum: 1.1]
         [Termination Attempts: Min: 1, Avg: 1.4, Max: 2, Diff: 1, Sum: 14]
      [GC Worker Other (ms): Min: 0.0, Avg: 0.0, Max: 0.0, Diff: 0.0, Sum: 0.1]
      [GC Worker Total (ms): Min: 2.0, Avg: 2.0, Max: 2.0, Diff: 0.1, Sum: 19.9]
      [GC Worker End (ms): Min: 358.4, Avg: 358.4, Max: 358.4, Diff: 0.0]
   [Code Root Fixup: 0.0 ms]
   [Code Root Purge: 0.0 ms]
   [Clear CT: 0.1 ms]
   [Other: 1.0 ms]
      [Choose CSet: 0.0 ms]
      [Ref Proc: 0.1 ms]
      [Ref Enq: 0.0 ms]
      [Redirty Cards: 0.1 ms]
      [Humongous Register: 0.1 ms]
      [Humongous Reclaim: 0.0 ms]
      [Free CSet: 0.0 ms]
   [Eden: 36.0M(260.0M)->0.0B(297.0M) Survivors: 4096.0K->16.0M Heap: 319.3M(726.0M)->288.2M(786.0M)]
 [Times: user=0.00 sys=0.00, real=0.00 secs] 
2020-11-18T13:55:12.072+0800: 0.360: [GC concurrent-root-region-scan-start]
2020-11-18T13:55:12.073+0800: 0.360: [GC concurrent-root-region-scan-end, 0.0000902 secs]
2020-11-18T13:55:12.073+0800: 0.360: [GC concurrent-mark-start]
2020-11-18T13:55:12.073+0800: 0.361: [GC concurrent-mark-end, 0.0008561 secs]
2020-11-18T13:55:12.073+0800: 0.361: [GC remark 2020-11-18T13:55:12.074+0800: 0.361: [Finalize Marking, 0.0000724 secs] 2020-11-18T13:55:12.074+0800: 0.361: [GC ref-proc, 0.0000698 secs] 2020-11-18T13:55:12.074+0800: 0.361: [Unloading, 0.0002982 secs], 0.0007645 secs]
 [Times: user=0.00 sys=0.00, real=0.00 secs] 
2020-11-18T13:55:12.074+0800: 0.361: [GC cleanup 291M->290M(786M), 0.0003827 secs]
 [Times: user=0.00 sys=0.00, real=0.00 secs] 
2020-11-18T13:55:12.075+0800: 0.362: [GC concurrent-cleanup-start]
2020-11-18T13:55:12.075+0800: 0.362: [GC concurrent-cleanup-end, 0.0000061 secs]
2020-11-18T13:55:12.150+0800: 0.437: [GC pause (G1 Evacuation Pause) (young), 0.0130525 secs]
   [Parallel Time: 11.3 ms, GC Workers: 10]
      [GC Worker Start (ms): Min: 437.4, Avg: 437.5, Max: 437.5, Diff: 0.1]
      [Ext Root Scanning (ms): Min: 0.1, Avg: 0.1, Max: 0.2, Diff: 0.1, Sum: 1.1]
      [Update RS (ms): Min: 0.1, Avg: 0.2, Max: 0.7, Diff: 0.5, Sum: 2.1]
         [Processed Buffers: Min: 0, Avg: 2.4, Max: 3, Diff: 3, Sum: 24]
      [Scan RS (ms): Min: 0.0, Avg: 0.0, Max: 0.0, Diff: 0.0, Sum: 0.2]
      [Code Root Scanning (ms): Min: 0.0, Avg: 0.0, Max: 0.0, Diff: 0.0, Sum: 0.0]
      [Object Copy (ms): Min: 10.0, Avg: 10.5, Max: 10.6, Diff: 0.6, Sum: 104.6]
      [Termination (ms): Min: 0.0, Avg: 0.1, Max: 0.2, Diff: 0.2, Sum: 1.1]
         [Termination Attempts: Min: 1, Avg: 1.1, Max: 2, Diff: 1, Sum: 11]
      [GC Worker Other (ms): Min: 0.0, Avg: 0.0, Max: 0.1, Diff: 0.1, Sum: 0.2]
      [GC Worker Total (ms): Min: 10.9, Avg: 10.9, Max: 11.0, Diff: 0.1, Sum: 109.3]
      [GC Worker End (ms): Min: 448.4, Avg: 448.4, Max: 448.5, Diff: 0.1]
   [Code Root Fixup: 0.0 ms]
   [Code Root Purge: 0.0 ms]
   [Clear CT: 0.5 ms]
   [Other: 1.3 ms]
      [Choose CSet: 0.0 ms]
      [Ref Proc: 0.3 ms]
      [Ref Enq: 0.0 ms]
      [Redirty Cards: 0.2 ms]
      [Humongous Register: 0.1 ms]
      [Humongous Reclaim: 0.1 ms]
      [Free CSet: 0.1 ms]
   [Eden: 297.0M(297.0M)->0.0B(5120.0K) Survivors: 16.0M->40.0M Heap: 673.3M(786.0M)->387.6M(896.0M)]
 [Times: user=0.11 sys=0.05, real=0.01 secs] 
2020-11-18T13:55:12.164+0800: 0.452: [GC pause (G1 Evacuation Pause) (mixed), 0.0055963 secs]
   [Parallel Time: 4.1 ms, GC Workers: 10]
      [GC Worker Start (ms): Min: 452.2, Avg: 452.2, Max: 452.3, Diff: 0.0]
      [Ext Root Scanning (ms): Min: 0.1, Avg: 0.1, Max: 0.1, Diff: 0.0, Sum: 1.0]
      [Update RS (ms): Min: 0.1, Avg: 0.1, Max: 0.2, Diff: 0.1, Sum: 1.3]
         [Processed Buffers: Min: 2, Avg: 2.6, Max: 4, Diff: 2, Sum: 26]
      [Scan RS (ms): Min: 0.0, Avg: 0.0, Max: 0.1, Diff: 0.1, Sum: 0.2]
      [Code Root Scanning (ms): Min: 0.0, Avg: 0.0, Max: 0.0, Diff: 0.0, Sum: 0.0]
      [Object Copy (ms): Min: 3.7, Avg: 3.7, Max: 3.8, Diff: 0.1, Sum: 37.3]
      [Termination (ms): Min: 0.0, Avg: 0.0, Max: 0.1, Diff: 0.1, Sum: 0.5]
         [Termination Attempts: Min: 1, Avg: 1.0, Max: 1, Diff: 0, Sum: 10]
      [GC Worker Other (ms): Min: 0.0, Avg: 0.0, Max: 0.0, Diff: 0.0, Sum: 0.1]
      [GC Worker Total (ms): Min: 4.0, Avg: 4.0, Max: 4.1, Diff: 0.1, Sum: 40.3]
      [GC Worker End (ms): Min: 456.3, Avg: 456.3, Max: 456.3, Diff: 0.0]
   [Code Root Fixup: 0.0 ms]
   [Code Root Purge: 0.0 ms]
   [Clear CT: 0.5 ms]
   [Other: 1.0 ms]
      [Choose CSet: 0.0 ms]
      [Ref Proc: 0.1 ms]
      [Ref Enq: 0.0 ms]
      [Redirty Cards: 0.3 ms]
      [Humongous Register: 0.1 ms]
      [Humongous Reclaim: 0.0 ms]
      [Free CSet: 0.0 ms]
   [Eden: 5120.0K(5120.0K)->0.0B(294.0M) Survivors: 40.0M->2048.0K Heap: 394.5M(896.0M)->369.9M(922.0M)]
 [Times: user=0.00 sys=0.00, real=0.01 secs] 
2020-11-18T13:55:12.170+0800: 0.458: [GC pause (G1 Humongous Allocation) (young) (initial-mark), 0.0014010 secs]
   [Parallel Time: 0.6 ms, GC Workers: 10]
      [GC Worker Start (ms): Min: 458.2, Avg: 458.2, Max: 458.2, Diff: 0.1]
      [Ext Root Scanning (ms): Min: 0.1, Avg: 0.1, Max: 0.1, Diff: 0.1, Sum: 1.1]
      [Update RS (ms): Min: 0.0, Avg: 0.1, Max: 0.3, Diff: 0.3, Sum: 0.7]
         [Processed Buffers: Min: 0, Avg: 1.1, Max: 2, Diff: 2, Sum: 11]
      [Scan RS (ms): Min: 0.0, Avg: 0.0, Max: 0.0, Diff: 0.0, Sum: 0.0]
      [Code Root Scanning (ms): Min: 0.0, Avg: 0.0, Max: 0.0, Diff: 0.0, Sum: 0.0]
      [Object Copy (ms): Min: 0.0, Avg: 0.2, Max: 0.4, Diff: 0.4, Sum: 2.5]
      [Termination (ms): Min: 0.0, Avg: 0.1, Max: 0.2, Diff: 0.2, Sum: 0.8]
         [Termination Attempts: Min: 1, Avg: 1.1, Max: 2, Diff: 1, Sum: 11]
      [GC Worker Other (ms): Min: 0.0, Avg: 0.0, Max: 0.0, Diff: 0.0, Sum: 0.1]
      [GC Worker Total (ms): Min: 0.5, Avg: 0.5, Max: 0.5, Diff: 0.1, Sum: 5.1]
      [GC Worker End (ms): Min: 458.7, Avg: 458.7, Max: 458.7, Diff: 0.0]
   [Code Root Fixup: 0.0 ms]
   [Code Root Purge: 0.0 ms]
   [Clear CT: 0.1 ms]
   [Other: 0.8 ms]
      [Choose CSet: 0.0 ms]
      [Ref Proc: 0.1 ms]
      [Ref Enq: 0.0 ms]
      [Redirty Cards: 0.1 ms]
      [Humongous Register: 0.1 ms]
      [Humongous Reclaim: 0.0 ms]
      [Free CSet: 0.0 ms]
   [Eden: 2048.0K(294.0M)->0.0B(280.0M) Survivors: 2048.0K->3072.0K Heap: 371.2M(922.0M)->371.2M(943.0M)]
 [Times: user=0.00 sys=0.00, real=0.00 secs] 
2020-11-18T13:55:12.173+0800: 0.460: [GC concurrent-root-region-scan-start]
2020-11-18T13:55:12.173+0800: 0.460: [GC concurrent-root-region-scan-end, 0.0001959 secs]
2020-11-18T13:55:12.173+0800: 0.460: [GC concurrent-mark-start]
2020-11-18T13:55:12.173+0800: 0.461: [GC concurrent-mark-end, 0.0012747 secs]
2020-11-18T13:55:12.173+0800: 0.461: [GC remark 2020-11-18T13:55:12.173+0800: 0.461: [Finalize Marking, 0.0001850 secs] 2020-11-18T13:55:12.174+0800: 0.461: [GC ref-proc, 0.0000702 secs] 2020-11-18T13:55:12.174+0800: 0.461: [Unloading, 0.0004229 secs], 0.0012496 secs]
 [Times: user=0.00 sys=0.00, real=0.00 secs] 
2020-11-18T13:55:12.175+0800: 0.463: [GC cleanup 376M->372M(943M), 0.0007630 secs]
 [Times: user=0.00 sys=0.00, real=0.00 secs] 
2020-11-18T13:55:12.176+0800: 0.463: [GC concurrent-cleanup-start]
2020-11-18T13:55:12.176+0800: 0.463: [GC concurrent-cleanup-end, 0.0000282 secs]
2020-11-18T13:55:12.231+0800: 0.519: [GC pause (G1 Evacuation Pause) (young), 0.0098512 secs]
   [Parallel Time: 8.2 ms, GC Workers: 10]
      [GC Worker Start (ms): Min: 518.9, Avg: 518.9, Max: 519.0, Diff: 0.1]
      [Ext Root Scanning (ms): Min: 0.1, Avg: 0.1, Max: 0.2, Diff: 0.1, Sum: 1.1]
      [Update RS (ms): Min: 0.1, Avg: 0.3, Max: 0.9, Diff: 0.8, Sum: 2.6]
         [Processed Buffers: Min: 0, Avg: 2.6, Max: 3, Diff: 3, Sum: 26]
      [Scan RS (ms): Min: 0.0, Avg: 0.0, Max: 0.1, Diff: 0.1, Sum: 0.2]
      [Code Root Scanning (ms): Min: 0.0, Avg: 0.0, Max: 0.0, Diff: 0.0, Sum: 0.0]
      [Object Copy (ms): Min: 6.7, Avg: 7.3, Max: 7.4, Diff: 0.8, Sum: 73.1]
      [Termination (ms): Min: 0.0, Avg: 0.1, Max: 0.1, Diff: 0.1, Sum: 0.6]
         [Termination Attempts: Min: 1, Avg: 1.4, Max: 2, Diff: 1, Sum: 14]
      [GC Worker Other (ms): Min: 0.0, Avg: 0.0, Max: 0.1, Diff: 0.1, Sum: 0.2]
      [GC Worker Total (ms): Min: 7.7, Avg: 7.8, Max: 7.9, Diff: 0.2, Sum: 77.8]
      [GC Worker End (ms): Min: 526.7, Avg: 526.7, Max: 526.8, Diff: 0.1]
   [Code Root Fixup: 0.0 ms]
   [Code Root Purge: 0.0 ms]
   [Clear CT: 0.3 ms]
   [Other: 1.4 ms]
      [Choose CSet: 0.0 ms]
      [Ref Proc: 0.2 ms]
      [Ref Enq: 0.0 ms]
      [Redirty Cards: 0.4 ms]
      [Humongous Register: 0.1 ms]
      [Humongous Reclaim: 0.1 ms]
      [Free CSet: 0.1 ms]
   [Eden: 280.0M(280.0M)->0.0B(12.0M) Survivors: 3072.0K->36.0M Heap: 735.9M(943.0M)->448.8M(960.0M)]
 [Times: user=0.16 sys=0.00, real=0.01 secs] 
2020-11-18T13:55:12.245+0800: 0.533: [GC pause (G1 Evacuation Pause) (mixed), 0.0064584 secs]
   [Parallel Time: 5.1 ms, GC Workers: 10]
      [GC Worker Start (ms): Min: 533.0, Avg: 533.0, Max: 533.0, Diff: 0.0]
      [Ext Root Scanning (ms): Min: 0.1, Avg: 0.1, Max: 0.1, Diff: 0.0, Sum: 1.0]
      [Update RS (ms): Min: 0.1, Avg: 0.1, Max: 0.1, Diff: 0.1, Sum: 1.1]
         [Processed Buffers: Min: 1, Avg: 2.1, Max: 4, Diff: 3, Sum: 21]
      [Scan RS (ms): Min: 0.0, Avg: 0.0, Max: 0.0, Diff: 0.0, Sum: 0.2]
      [Code Root Scanning (ms): Min: 0.0, Avg: 0.0, Max: 0.0, Diff: 0.0, Sum: 0.0]
      [Object Copy (ms): Min: 4.6, Avg: 4.6, Max: 4.7, Diff: 0.1, Sum: 46.3]
      [Termination (ms): Min: 0.0, Avg: 0.0, Max: 0.1, Diff: 0.1, Sum: 0.5]
         [Termination Attempts: Min: 1, Avg: 1.0, Max: 1, Diff: 0, Sum: 10]
      [GC Worker Other (ms): Min: 0.0, Avg: 0.0, Max: 0.0, Diff: 0.0, Sum: 0.1]
      [GC Worker Total (ms): Min: 4.9, Avg: 4.9, Max: 4.9, Diff: 0.0, Sum: 49.1]
      [GC Worker End (ms): Min: 537.9, Avg: 537.9, Max: 537.9, Diff: 0.0]
   [Code Root Fixup: 0.0 ms]
   [Code Root Purge: 0.0 ms]
   [Clear CT: 0.5 ms]
   [Other: 0.9 ms]
      [Choose CSet: 0.0 ms]
      [Ref Proc: 0.2 ms]
      [Ref Enq: 0.0 ms]
      [Redirty Cards: 0.3 ms]
      [Humongous Register: 0.1 ms]
      [Humongous Reclaim: 0.0 ms]
      [Free CSet: 0.1 ms]
   [Eden: 12.0M(12.0M)->0.0B(281.0M) Survivors: 36.0M->6144.0K Heap: 462.0M(960.0M)->415.3M(973.0M)]
 [Times: user=0.00 sys=0.00, real=0.01 secs] 
2020-11-18T13:55:12.253+0800: 0.541: [GC pause (G1 Humongous Allocation) (young) (initial-mark), 0.0020086 secs]
   [Parallel Time: 1.1 ms, GC Workers: 10]
      [GC Worker Start (ms): Min: 540.8, Avg: 540.9, Max: 541.0, Diff: 0.1]
      [Ext Root Scanning (ms): Min: 0.0, Avg: 0.1, Max: 0.2, Diff: 0.2, Sum: 1.2]
      [Update RS (ms): Min: 0.0, Avg: 0.0, Max: 0.1, Diff: 0.1, Sum: 0.4]
         [Processed Buffers: Min: 1, Avg: 1.1, Max: 2, Diff: 1, Sum: 11]
      [Scan RS (ms): Min: 0.0, Avg: 0.0, Max: 0.0, Diff: 0.0, Sum: 0.0]
      [Code Root Scanning (ms): Min: 0.0, Avg: 0.0, Max: 0.0, Diff: 0.0, Sum: 0.0]
      [Object Copy (ms): Min: 0.5, Avg: 0.7, Max: 0.8, Diff: 0.2, Sum: 6.7]
      [Termination (ms): Min: 0.0, Avg: 0.1, Max: 0.2, Diff: 0.2, Sum: 0.9]
         [Termination Attempts: Min: 1, Avg: 1.0, Max: 1, Diff: 0, Sum: 10]
      [GC Worker Other (ms): Min: 0.0, Avg: 0.0, Max: 0.0, Diff: 0.0, Sum: 0.1]
      [GC Worker Total (ms): Min: 0.8, Avg: 0.9, Max: 1.0, Diff: 0.1, Sum: 9.3]
      [GC Worker End (ms): Min: 541.8, Avg: 541.8, Max: 541.8, Diff: 0.0]
   [Code Root Fixup: 0.0 ms]
   [Code Root Purge: 0.0 ms]
   [Clear CT: 0.2 ms]
   [Other: 0.7 ms]
      [Choose CSet: 0.0 ms]
      [Ref Proc: 0.2 ms]
      [Ref Enq: 0.0 ms]
      [Redirty Cards: 0.2 ms]
      [Humongous Register: 0.1 ms]
      [Humongous Reclaim: 0.0 ms]
      [Free CSet: 0.0 ms]
   [Eden: 4096.0K(281.0M)->0.0B(309.0M) Survivors: 6144.0K->6144.0K Heap: 418.7M(973.0M)->416.0M(984.0M)]
 [Times: user=0.00 sys=0.00, real=0.00 secs] 
2020-11-18T13:55:12.255+0800: 0.543: [GC concurrent-root-region-scan-start]
2020-11-18T13:55:12.255+0800: 0.543: [GC concurrent-root-region-scan-end, 0.0000876 secs]
2020-11-18T13:55:12.255+0800: 0.543: [GC concurrent-mark-start]
2020-11-18T13:55:12.256+0800: 0.544: [GC concurrent-mark-end, 0.0009838 secs]
2020-11-18T13:55:12.256+0800: 0.544: [GC remark 2020-11-18T13:55:12.256+0800: 0.544: [Finalize Marking, 0.0000746 secs] 2020-11-18T13:55:12.257+0800: 0.544: [GC ref-proc, 0.0000702 secs] 2020-11-18T13:55:12.257+0800: 0.544: [Unloading, 0.0003115 secs], 0.0009233 secs]
 [Times: user=0.00 sys=0.00, real=0.00 secs] 
2020-11-18T13:55:12.257+0800: 0.545: [GC cleanup 421M->416M(984M), 0.0004052 secs]
 [Times: user=0.00 sys=0.00, real=0.00 secs] 
2020-11-18T13:55:12.258+0800: 0.545: [GC concurrent-cleanup-start]
2020-11-18T13:55:12.258+0800: 0.545: [GC concurrent-cleanup-end, 0.0000071 secs]
2020-11-18T13:55:12.302+0800: 0.590: [GC pause (G1 Evacuation Pause) (young), 0.0088986 secs]
   [Parallel Time: 7.9 ms, GC Workers: 10]
      [GC Worker Start (ms): Min: 589.9, Avg: 589.9, Max: 589.9, Diff: 0.0]
      [Ext Root Scanning (ms): Min: 0.1, Avg: 0.1, Max: 0.1, Diff: 0.0, Sum: 1.0]
      [Update RS (ms): Min: 0.2, Avg: 0.2, Max: 0.2, Diff: 0.1, Sum: 2.2]
         [Processed Buffers: Min: 0, Avg: 3.2, Max: 4, Diff: 4, Sum: 32]
      [Scan RS (ms): Min: 0.0, Avg: 0.0, Max: 0.2, Diff: 0.2, Sum: 0.4]
      [Code Root Scanning (ms): Min: 0.0, Avg: 0.0, Max: 0.0, Diff: 0.0, Sum: 0.0]
      [Object Copy (ms): Min: 7.2, Avg: 7.4, Max: 7.5, Diff: 0.3, Sum: 73.9]
      [Termination (ms): Min: 0.0, Avg: 0.1, Max: 0.1, Diff: 0.1, Sum: 0.7]
         [Termination Attempts: Min: 1, Avg: 1.3, Max: 2, Diff: 1, Sum: 13]
      [GC Worker Other (ms): Min: 0.0, Avg: 0.0, Max: 0.0, Diff: 0.0, Sum: 0.2]
      [GC Worker Total (ms): Min: 7.8, Avg: 7.8, Max: 7.9, Diff: 0.1, Sum: 78.3]
      [GC Worker End (ms): Min: 597.7, Avg: 597.7, Max: 597.7, Diff: 0.0]
   [Code Root Fixup: 0.0 ms]
   [Code Root Purge: 0.0 ms]
   [Clear CT: 0.2 ms]
   [Other: 0.8 ms]
      [Choose CSet: 0.0 ms]
      [Ref Proc: 0.1 ms]
      [Ref Enq: 0.0 ms]
      [Redirty Cards: 0.2 ms]
      [Humongous Register: 0.1 ms]
      [Humongous Reclaim: 0.1 ms]
      [Free CSet: 0.1 ms]
   [Eden: 309.0M(309.0M)->0.0B(9216.0K) Survivors: 6144.0K->40.0M Heap: 786.5M(984.0M)->503.2M(992.0M)]
 [Times: user=0.00 sys=0.00, real=0.01 secs] 
2020-11-18T13:55:12.314+0800: 0.602: [GC pause (G1 Evacuation Pause) (mixed), 0.0067373 secs]
   [Parallel Time: 6.0 ms, GC Workers: 10]
      [GC Worker Start (ms): Min: 602.0, Avg: 602.0, Max: 602.0, Diff: 0.1]
      [Ext Root Scanning (ms): Min: 0.1, Avg: 0.1, Max: 0.1, Diff: 0.1, Sum: 1.0]
      [Update RS (ms): Min: 0.3, Avg: 0.3, Max: 0.3, Diff: 0.1, Sum: 2.8]
         [Processed Buffers: Min: 0, Avg: 3.9, Max: 5, Diff: 5, Sum: 39]
      [Scan RS (ms): Min: 0.0, Avg: 0.0, Max: 0.1, Diff: 0.1, Sum: 0.3]
      [Code Root Scanning (ms): Min: 0.0, Avg: 0.0, Max: 0.0, Diff: 0.0, Sum: 0.0]
      [Object Copy (ms): Min: 5.4, Avg: 5.4, Max: 5.5, Diff: 0.1, Sum: 54.1]
      [Termination (ms): Min: 0.0, Avg: 0.0, Max: 0.0, Diff: 0.0, Sum: 0.3]
         [Termination Attempts: Min: 1, Avg: 1.4, Max: 5, Diff: 4, Sum: 14]
      [GC Worker Other (ms): Min: 0.0, Avg: 0.0, Max: 0.0, Diff: 0.0, Sum: 0.1]
      [GC Worker Total (ms): Min: 5.8, Avg: 5.9, Max: 5.9, Diff: 0.1, Sum: 58.6]
      [GC Worker End (ms): Min: 607.9, Avg: 607.9, Max: 607.9, Diff: 0.0]
   [Code Root Fixup: 0.0 ms]
   [Code Root Purge: 0.0 ms]
   [Clear CT: 0.1 ms]
   [Other: 0.7 ms]
      [Choose CSet: 0.0 ms]
      [Ref Proc: 0.1 ms]
      [Ref Enq: 0.0 ms]
      [Redirty Cards: 0.2 ms]
      [Humongous Register: 0.1 ms]
      [Humongous Reclaim: 0.0 ms]
      [Free CSet: 0.1 ms]
   [Eden: 9216.0K(9216.0K)->0.0B(299.0M) Survivors: 40.0M->3072.0K Heap: 517.2M(992.0M)->437.7M(999.0M)]
 [Times: user=0.14 sys=0.01, real=0.01 secs] 
2020-11-18T13:55:12.322+0800: 0.609: [GC pause (G1 Humongous Allocation) (young) (initial-mark), 0.0010620 secs]
   [Parallel Time: 0.6 ms, GC Workers: 10]
      [GC Worker Start (ms): Min: 609.5, Avg: 609.5, Max: 609.5, Diff: 0.0]
      [Ext Root Scanning (ms): Min: 0.1, Avg: 0.1, Max: 0.1, Diff: 0.0, Sum: 1.1]
      [Update RS (ms): Min: 0.0, Avg: 0.1, Max: 0.1, Diff: 0.1, Sum: 0.6]
         [Processed Buffers: Min: 1, Avg: 1.1, Max: 2, Diff: 1, Sum: 11]
      [Scan RS (ms): Min: 0.0, Avg: 0.0, Max: 0.0, Diff: 0.0, Sum: 0.0]
      [Code Root Scanning (ms): Min: 0.0, Avg: 0.0, Max: 0.0, Diff: 0.0, Sum: 0.0]
      [Object Copy (ms): Min: 0.3, Avg: 0.3, Max: 0.4, Diff: 0.2, Sum: 3.2]
      [Termination (ms): Min: 0.0, Avg: 0.1, Max: 0.2, Diff: 0.2, Sum: 0.7]
         [Termination Attempts: Min: 1, Avg: 1.0, Max: 1, Diff: 0, Sum: 10]
      [GC Worker Other (ms): Min: 0.0, Avg: 0.0, Max: 0.0, Diff: 0.0, Sum: 0.0]
      [GC Worker Total (ms): Min: 0.5, Avg: 0.6, Max: 0.6, Diff: 0.0, Sum: 5.6]
      [GC Worker End (ms): Min: 610.1, Avg: 610.1, Max: 610.1, Diff: 0.0]
   [Code Root Fixup: 0.0 ms]
   [Code Root Purge: 0.0 ms]
   [Clear CT: 0.1 ms]
   [Other: 0.4 ms]
      [Choose CSet: 0.0 ms]
      [Ref Proc: 0.1 ms]
      [Ref Enq: 0.0 ms]
      [Redirty Cards: 0.1 ms]
      [Humongous Register: 0.1 ms]
      [Humongous Reclaim: 0.0 ms]
      [Free CSet: 0.0 ms]
   [Eden: 2048.0K(299.0M)->0.0B(320.0M) Survivors: 3072.0K->3072.0K Heap: 439.5M(999.0M)->437.5M(1004.0M)]
 [Times: user=0.00 sys=0.00, real=0.00 secs] 
2020-11-18T13:55:12.323+0800: 0.611: [GC concurrent-root-region-scan-start]
2020-11-18T13:55:12.323+0800: 0.611: [GC concurrent-root-region-scan-end, 0.0000926 secs]
2020-11-18T13:55:12.323+0800: 0.611: [GC concurrent-mark-start]
2020-11-18T13:55:12.324+0800: 0.612: [GC concurrent-mark-end, 0.0009902 secs]
2020-11-18T13:55:12.324+0800: 0.612: [GC remark 2020-11-18T13:55:12.324+0800: 0.612: [Finalize Marking, 0.0000559 secs] 2020-11-18T13:55:12.324+0800: 0.612: [GC ref-proc, 0.0000710 secs] 2020-11-18T13:55:12.325+0800: 0.612: [Unloading, 0.0003879 secs], 0.0010559 secs]
 [Times: user=0.00 sys=0.00, real=0.00 secs] 
2020-11-18T13:55:12.326+0800: 0.613: [GC cleanup 442M->436M(1004M), 0.0006090 secs]
 [Times: user=0.00 sys=0.00, real=0.00 secs] 
2020-11-18T13:55:12.326+0800: 0.614: [GC concurrent-cleanup-start]
2020-11-18T13:55:12.326+0800: 0.614: [GC concurrent-cleanup-end, 0.0000098 secs]
2020-11-18T13:55:12.376+0800: 0.664: [GC pause (G1 Evacuation Pause) (young) (to-space exhausted), 0.0098926 secs]
   [Parallel Time: 8.6 ms, GC Workers: 10]
      [GC Worker Start (ms): Min: 663.9, Avg: 664.0, Max: 664.0, Diff: 0.1]
      [Ext Root Scanning (ms): Min: 0.0, Avg: 0.1, Max: 0.2, Diff: 0.1, Sum: 0.9]
      [Update RS (ms): Min: 0.3, Avg: 0.4, Max: 0.4, Diff: 0.1, Sum: 3.6]
         [Processed Buffers: Min: 0, Avg: 4.5, Max: 6, Diff: 6, Sum: 45]
      [Scan RS (ms): Min: 0.0, Avg: 0.0, Max: 0.1, Diff: 0.1, Sum: 0.2]
      [Code Root Scanning (ms): Min: 0.0, Avg: 0.0, Max: 0.0, Diff: 0.0, Sum: 0.0]
      [Object Copy (ms): Min: 7.6, Avg: 7.7, Max: 7.9, Diff: 0.2, Sum: 77.2]
      [Termination (ms): Min: 0.0, Avg: 0.1, Max: 0.2, Diff: 0.2, Sum: 1.4]
         [Termination Attempts: Min: 1, Avg: 1.0, Max: 1, Diff: 0, Sum: 10]
      [GC Worker Other (ms): Min: 0.0, Avg: 0.0, Max: 0.1, Diff: 0.1, Sum: 0.2]
      [GC Worker Total (ms): Min: 8.3, Avg: 8.4, Max: 8.4, Diff: 0.1, Sum: 83.6]
      [GC Worker End (ms): Min: 672.3, Avg: 672.3, Max: 672.4, Diff: 0.0]
   [Code Root Fixup: 0.0 ms]
   [Code Root Purge: 0.0 ms]
   [Clear CT: 0.2 ms]
   [Other: 1.1 ms]
      [Evacuation Failure: 0.2 ms]
      [Choose CSet: 0.0 ms]
      [Ref Proc: 0.2 ms]
      [Ref Enq: 0.0 ms]
      [Redirty Cards: 0.3 ms]
      [Humongous Register: 0.1 ms]
      [Humongous Reclaim: 0.1 ms]
      [Free CSet: 0.1 ms]
   [Eden: 320.0M(320.0M)->0.0B(10.0M) Survivors: 3072.0K->41.0M Heap: 833.0M(1004.0M)->559.4M(1024.0M)]
 [Times: user=0.14 sys=0.00, real=0.01 secs] 
2020-11-18T13:55:12.388+0800: 0.675: [GC pause (G1 Evacuation Pause) (mixed), 0.0067477 secs]
   [Parallel Time: 6.1 ms, GC Workers: 10]
      [GC Worker Start (ms): Min: 675.4, Avg: 675.4, Max: 675.5, Diff: 0.1]
      [Ext Root Scanning (ms): Min: 0.1, Avg: 0.1, Max: 0.1, Diff: 0.1, Sum: 1.0]
      [Update RS (ms): Min: 0.1, Avg: 0.1, Max: 0.2, Diff: 0.1, Sum: 1.5]
         [Processed Buffers: Min: 2, Avg: 2.7, Max: 3, Diff: 1, Sum: 27]
      [Scan RS (ms): Min: 0.0, Avg: 0.0, Max: 0.1, Diff: 0.1, Sum: 0.3]
      [Code Root Scanning (ms): Min: 0.0, Avg: 0.0, Max: 0.0, Diff: 0.0, Sum: 0.0]
      [Object Copy (ms): Min: 5.6, Avg: 5.7, Max: 5.8, Diff: 0.2, Sum: 57.0]
      [Termination (ms): Min: 0.0, Avg: 0.1, Max: 0.1, Diff: 0.1, Sum: 0.6]
         [Termination Attempts: Min: 1, Avg: 1.0, Max: 1, Diff: 0, Sum: 10]
      [GC Worker Other (ms): Min: 0.0, Avg: 0.0, Max: 0.0, Diff: 0.0, Sum: 0.1]
      [GC Worker Total (ms): Min: 6.0, Avg: 6.0, Max: 6.1, Diff: 0.1, Sum: 60.4]
      [GC Worker End (ms): Min: 681.5, Avg: 681.5, Max: 681.5, Diff: 0.0]
   [Code Root Fixup: 0.0 ms]
   [Code Root Purge: 0.0 ms]
   [Clear CT: 0.1 ms]
   [Other: 0.5 ms]
      [Choose CSet: 0.0 ms]
      [Ref Proc: 0.1 ms]
      [Ref Enq: 0.0 ms]
      [Redirty Cards: 0.2 ms]
      [Humongous Register: 0.1 ms]
      [Humongous Reclaim: 0.0 ms]
      [Free CSet: 0.1 ms]
   [Eden: 10.0M(10.0M)->0.0B(279.0M) Survivors: 41.0M->4096.0K Heap: 571.3M(1024.0M)->503.3M(1024.0M)]
 [Times: user=0.00 sys=0.00, real=0.01 secs] 
2020-11-18T13:55:12.395+0800: 0.682: [GC pause (G1 Humongous Allocation) (young) (initial-mark), 0.0011549 secs]
   [Parallel Time: 0.5 ms, GC Workers: 10]
      [GC Worker Start (ms): Min: 682.4, Avg: 682.4, Max: 682.5, Diff: 0.0]
      [Ext Root Scanning (ms): Min: 0.1, Avg: 0.1, Max: 0.1, Diff: 0.0, Sum: 1.1]
      [Update RS (ms): Min: 0.0, Avg: 0.1, Max: 0.2, Diff: 0.1, Sum: 0.8]
         [Processed Buffers: Min: 1, Avg: 1.1, Max: 2, Diff: 1, Sum: 11]
      [Scan RS (ms): Min: 0.0, Avg: 0.0, Max: 0.0, Diff: 0.0, Sum: 0.0]
      [Code Root Scanning (ms): Min: 0.0, Avg: 0.0, Max: 0.0, Diff: 0.0, Sum: 0.0]
      [Object Copy (ms): Min: 0.1, Avg: 0.2, Max: 0.3, Diff: 0.1, Sum: 2.1]
      [Termination (ms): Min: 0.0, Avg: 0.0, Max: 0.1, Diff: 0.1, Sum: 0.4]
         [Termination Attempts: Min: 1, Avg: 1.0, Max: 1, Diff: 0, Sum: 10]
      [GC Worker Other (ms): Min: 0.0, Avg: 0.0, Max: 0.0, Diff: 0.0, Sum: 0.0]
      [GC Worker Total (ms): Min: 0.4, Avg: 0.4, Max: 0.5, Diff: 0.0, Sum: 4.5]
      [GC Worker End (ms): Min: 682.9, Avg: 682.9, Max: 682.9, Diff: 0.0]
   [Code Root Fixup: 0.0 ms]
   [Code Root Purge: 0.0 ms]
   [Clear CT: 0.2 ms]
   [Other: 0.4 ms]
      [Choose CSet: 0.0 ms]
      [Ref Proc: 0.1 ms]
      [Ref Enq: 0.0 ms]
      [Redirty Cards: 0.1 ms]
      [Humongous Register: 0.1 ms]
      [Humongous Reclaim: 0.0 ms]
      [Free CSet: 0.0 ms]
   [Eden: 1024.0K(279.0M)->0.0B(278.0M) Survivors: 4096.0K->4096.0K Heap: 503.9M(1024.0M)->503.3M(1024.0M)]
 [Times: user=0.14 sys=0.00, real=0.00 secs] 
2020-11-18T13:55:12.396+0800: 0.684: [GC concurrent-root-region-scan-start]
2020-11-18T13:55:12.396+0800: 0.684: [GC concurrent-root-region-scan-end, 0.0000768 secs]
2020-11-18T13:55:12.396+0800: 0.684: [GC concurrent-mark-start]
2020-11-18T13:55:12.398+0800: 0.685: [GC concurrent-mark-end, 0.0011363 secs]
2020-11-18T13:55:12.398+0800: 0.685: [GC remark 2020-11-18T13:55:12.398+0800: 0.685: [Finalize Marking, 0.0001193 secs] 2020-11-18T13:55:12.398+0800: 0.685: [GC ref-proc, 0.0000733 secs] 2020-11-18T13:55:12.398+0800: 0.685: [Unloading, 0.0003525 secs], 0.0011490 secs]
 [Times: user=0.00 sys=0.00, real=0.00 secs] 
2020-11-18T13:55:12.399+0800: 0.686: [GC cleanup 513M->502M(1024M), 0.0005903 secs]
 [Times: user=0.00 sys=0.00, real=0.00 secs] 
2020-11-18T13:55:12.399+0800: 0.687: [GC concurrent-cleanup-start]
2020-11-18T13:55:12.399+0800: 0.687: [GC concurrent-cleanup-end, 0.0000120 secs]
2020-11-18T13:55:12.438+0800: 0.725: [GC pause (G1 Evacuation Pause) (young) (to-space exhausted), 0.0075549 secs]
   [Parallel Time: 6.7 ms, GC Workers: 10]
      [GC Worker Start (ms): Min: 725.3, Avg: 725.4, Max: 725.4, Diff: 0.1]
      [Ext Root Scanning (ms): Min: 0.0, Avg: 0.1, Max: 0.1, Diff: 0.1, Sum: 0.9]
      [Update RS (ms): Min: 0.3, Avg: 0.3, Max: 0.5, Diff: 0.2, Sum: 3.3]
         [Processed Buffers: Min: 0, Avg: 4.6, Max: 6, Diff: 6, Sum: 46]
      [Scan RS (ms): Min: 0.0, Avg: 0.0, Max: 0.1, Diff: 0.0, Sum: 0.3]
      [Code Root Scanning (ms): Min: 0.0, Avg: 0.0, Max: 0.0, Diff: 0.0, Sum: 0.0]
      [Object Copy (ms): Min: 6.0, Avg: 6.1, Max: 6.1, Diff: 0.1, Sum: 60.9]
      [Termination (ms): Min: 0.0, Avg: 0.0, Max: 0.0, Diff: 0.0, Sum: 0.2]
         [Termination Attempts: Min: 1, Avg: 1.0, Max: 1, Diff: 0, Sum: 10]
      [GC Worker Other (ms): Min: 0.0, Avg: 0.0, Max: 0.0, Diff: 0.0, Sum: 0.1]
      [GC Worker Total (ms): Min: 6.5, Avg: 6.6, Max: 6.6, Diff: 0.1, Sum: 65.7]
      [GC Worker End (ms): Min: 731.9, Avg: 731.9, Max: 732.0, Diff: 0.0]
   [Code Root Fixup: 0.0 ms]
   [Code Root Purge: 0.0 ms]
   [Clear CT: 0.1 ms]
   [Other: 0.7 ms]
      [Evacuation Failure: 0.1 ms]
      [Choose CSet: 0.0 ms]
      [Ref Proc: 0.2 ms]
      [Ref Enq: 0.0 ms]
      [Redirty Cards: 0.1 ms]
      [Humongous Register: 0.1 ms]
      [Humongous Reclaim: 0.1 ms]
      [Free CSet: 0.1 ms]
   [Eden: 278.0M(278.0M)->0.0B(15.0M) Survivors: 4096.0K->36.0M Heap: 846.1M(1024.0M)->627.4M(1024.0M)]
 [Times: user=0.14 sys=0.00, real=0.01 secs] 
2020-11-18T13:55:12.448+0800: 0.735: [GC pause (G1 Evacuation Pause) (mixed), 0.0060164 secs]
   [Parallel Time: 5.5 ms, GC Workers: 10]
      [GC Worker Start (ms): Min: 734.7, Avg: 734.8, Max: 734.8, Diff: 0.1]
      [Ext Root Scanning (ms): Min: 0.1, Avg: 0.1, Max: 0.1, Diff: 0.1, Sum: 1.0]
      [Update RS (ms): Min: 0.2, Avg: 0.3, Max: 0.3, Diff: 0.1, Sum: 2.5]
         [Processed Buffers: Min: 0, Avg: 3.6, Max: 4, Diff: 4, Sum: 36]
      [Scan RS (ms): Min: 0.0, Avg: 0.0, Max: 0.1, Diff: 0.1, Sum: 0.3]
      [Code Root Scanning (ms): Min: 0.0, Avg: 0.0, Max: 0.0, Diff: 0.0, Sum: 0.0]
      [Object Copy (ms): Min: 5.0, Avg: 5.0, Max: 5.0, Diff: 0.1, Sum: 49.9]
      [Termination (ms): Min: 0.0, Avg: 0.0, Max: 0.1, Diff: 0.1, Sum: 0.5]
         [Termination Attempts: Min: 1, Avg: 1.0, Max: 1, Diff: 0, Sum: 10]
      [GC Worker Other (ms): Min: 0.0, Avg: 0.0, Max: 0.0, Diff: 0.0, Sum: 0.1]
      [GC Worker Total (ms): Min: 5.4, Avg: 5.4, Max: 5.5, Diff: 0.1, Sum: 54.2]
      [GC Worker End (ms): Min: 740.2, Avg: 740.2, Max: 740.2, Diff: 0.0]
   [Code Root Fixup: 0.0 ms]
   [Code Root Purge: 0.0 ms]
   [Clear CT: 0.1 ms]
   [Other: 0.4 ms]
      [Choose CSet: 0.0 ms]
      [Ref Proc: 0.1 ms]
      [Ref Enq: 0.0 ms]
      [Redirty Cards: 0.1 ms]
      [Humongous Register: 0.1 ms]
      [Humongous Reclaim: 0.0 ms]
      [Free CSet: 0.1 ms]
   [Eden: 15.0M(15.0M)->0.0B(44.0M) Survivors: 36.0M->7168.0K Heap: 647.0M(1024.0M)->548.5M(1024.0M)]
 [Times: user=0.00 sys=0.00, real=0.01 secs] 
2020-11-18T13:55:12.460+0800: 0.747: [GC pause (G1 Evacuation Pause) (mixed), 0.0040662 secs]
   [Parallel Time: 3.6 ms, GC Workers: 10]
      [GC Worker Start (ms): Min: 747.0, Avg: 747.0, Max: 747.0, Diff: 0.1]
      [Ext Root Scanning (ms): Min: 0.1, Avg: 0.1, Max: 0.1, Diff: 0.1, Sum: 1.0]
      [Update RS (ms): Min: 0.3, Avg: 0.3, Max: 0.3, Diff: 0.1, Sum: 3.2]
         [Processed Buffers: Min: 0, Avg: 4.5, Max: 5, Diff: 5, Sum: 45]
      [Scan RS (ms): Min: 0.0, Avg: 0.0, Max: 0.1, Diff: 0.1, Sum: 0.2]
      [Code Root Scanning (ms): Min: 0.0, Avg: 0.0, Max: 0.0, Diff: 0.0, Sum: 0.0]
      [Object Copy (ms): Min: 3.0, Avg: 3.0, Max: 3.1, Diff: 0.1, Sum: 30.1]
      [Termination (ms): Min: 0.0, Avg: 0.1, Max: 0.1, Diff: 0.1, Sum: 0.7]
         [Termination Attempts: Min: 1, Avg: 1.0, Max: 1, Diff: 0, Sum: 10]
      [GC Worker Other (ms): Min: 0.0, Avg: 0.0, Max: 0.0, Diff: 0.0, Sum: 0.1]
      [GC Worker Total (ms): Min: 3.5, Avg: 3.5, Max: 3.6, Diff: 0.1, Sum: 35.2]
      [GC Worker End (ms): Min: 750.5, Avg: 750.5, Max: 750.5, Diff: 0.0]
   [Code Root Fixup: 0.0 ms]
   [Code Root Purge: 0.0 ms]
   [Clear CT: 0.1 ms]
   [Other: 0.4 ms]
      [Choose CSet: 0.0 ms]
      [Ref Proc: 0.1 ms]
      [Ref Enq: 0.0 ms]
      [Redirty Cards: 0.1 ms]
      [Humongous Register: 0.1 ms]
      [Humongous Reclaim: 0.0 ms]
      [Free CSet: 0.1 ms]
   [Eden: 44.0M(44.0M)->0.0B(249.0M) Survivors: 7168.0K->7168.0K Heap: 601.1M(1024.0M)->538.6M(1024.0M)]
 [Times: user=0.00 sys=0.00, real=0.00 secs] 
2020-11-18T13:55:12.465+0800: 0.752: [GC pause (G1 Humongous Allocation) (young) (initial-mark), 0.0014497 secs]
   [Parallel Time: 1.0 ms, GC Workers: 10]
      [GC Worker Start (ms): Min: 752.2, Avg: 752.2, Max: 752.2, Diff: 0.0]
      [Ext Root Scanning (ms): Min: 0.1, Avg: 0.1, Max: 0.1, Diff: 0.0, Sum: 1.1]
      [Update RS (ms): Min: 0.0, Avg: 0.1, Max: 0.2, Diff: 0.1, Sum: 0.8]
         [Processed Buffers: Min: 1, Avg: 1.1, Max: 2, Diff: 1, Sum: 11]
      [Scan RS (ms): Min: 0.0, Avg: 0.0, Max: 0.0, Diff: 0.0, Sum: 0.0]
      [Code Root Scanning (ms): Min: 0.0, Avg: 0.0, Max: 0.0, Diff: 0.0, Sum: 0.0]
      [Object Copy (ms): Min: 0.7, Avg: 0.8, Max: 0.8, Diff: 0.2, Sum: 7.5]
      [Termination (ms): Min: 0.0, Avg: 0.1, Max: 0.1, Diff: 0.1, Sum: 0.5]
         [Termination Attempts: Min: 1, Avg: 1.0, Max: 1, Diff: 0, Sum: 10]
      [GC Worker Other (ms): Min: 0.0, Avg: 0.0, Max: 0.0, Diff: 0.0, Sum: 0.1]
      [GC Worker Total (ms): Min: 1.0, Avg: 1.0, Max: 1.0, Diff: 0.0, Sum: 10.0]
      [GC Worker End (ms): Min: 753.2, Avg: 753.2, Max: 753.2, Diff: 0.0]
   [Code Root Fixup: 0.0 ms]
   [Code Root Purge: 0.0 ms]
   [Clear CT: 0.1 ms]
   [Other: 0.4 ms]
      [Choose CSet: 0.0 ms]
      [Ref Proc: 0.1 ms]
      [Ref Enq: 0.0 ms]
      [Redirty Cards: 0.1 ms]
      [Humongous Register: 0.1 ms]
      [Humongous Reclaim: 0.0 ms]
      [Free CSet: 0.0 ms]
   [Eden: 9216.0K(249.0M)->0.0B(233.0M) Survivors: 7168.0K->10.0M Heap: 546.7M(1024.0M)->540.0M(1024.0M)]
 [Times: user=0.00 sys=0.00, real=0.00 secs] 
2020-11-18T13:55:12.467+0800: 0.754: [GC concurrent-root-region-scan-start]
2020-11-18T13:55:12.467+0800: 0.754: [GC concurrent-root-region-scan-end, 0.0000891 secs]
2020-11-18T13:55:12.467+0800: 0.754: [GC concurrent-mark-start]
2020-11-18T13:55:12.468+0800: 0.755: [GC concurrent-mark-end, 0.0016132 secs]
2020-11-18T13:55:12.468+0800: 0.755: [GC remark 2020-11-18T13:55:12.468+0800: 0.755: [Finalize Marking, 0.0001255 secs] 2020-11-18T13:55:12.469+0800: 0.756: [GC ref-proc, 0.0000700 secs] 2020-11-18T13:55:12.469+0800: 0.756: [Unloading, 0.0003982 secs], 0.0011732 secs]
 [Times: user=0.00 sys=0.00, real=0.00 secs] 
2020-11-18T13:55:12.470+0800: 0.757: [GC cleanup 555M->549M(1024M), 0.0004924 secs]
 [Times: user=0.00 sys=0.00, real=0.00 secs] 
2020-11-18T13:55:12.470+0800: 0.757: [GC concurrent-cleanup-start]
2020-11-18T13:55:12.470+0800: 0.757: [GC concurrent-cleanup-end, 0.0000104 secs]
2020-11-18T13:55:12.501+0800: 0.788: [GC pause (G1 Evacuation Pause) (young), 0.0076066 secs]
   [Parallel Time: 7.0 ms, GC Workers: 10]
      [GC Worker Start (ms): Min: 788.3, Avg: 788.3, Max: 788.3, Diff: 0.1]
      [Ext Root Scanning (ms): Min: 0.1, Avg: 0.1, Max: 0.1, Diff: 0.0, Sum: 1.0]
      [Update RS (ms): Min: 0.3, Avg: 0.4, Max: 0.4, Diff: 0.1, Sum: 3.6]
         [Processed Buffers: Min: 0, Avg: 5.0, Max: 7, Diff: 7, Sum: 50]
      [Scan RS (ms): Min: 0.0, Avg: 0.0, Max: 0.0, Diff: 0.0, Sum: 0.2]
      [Code Root Scanning (ms): Min: 0.0, Avg: 0.0, Max: 0.0, Diff: 0.0, Sum: 0.0]
      [Object Copy (ms): Min: 6.4, Avg: 6.4, Max: 6.5, Diff: 0.1, Sum: 64.2]
      [Termination (ms): Min: 0.0, Avg: 0.1, Max: 0.1, Diff: 0.1, Sum: 0.5]
         [Termination Attempts: Min: 1, Avg: 1.4, Max: 2, Diff: 1, Sum: 14]
      [GC Worker Other (ms): Min: 0.0, Avg: 0.0, Max: 0.0, Diff: 0.0, Sum: 0.1]
      [GC Worker Total (ms): Min: 6.9, Avg: 7.0, Max: 7.0, Diff: 0.0, Sum: 69.6]
      [GC Worker End (ms): Min: 795.3, Avg: 795.3, Max: 795.3, Diff: 0.0]
   [Code Root Fixup: 0.0 ms]
   [Code Root Purge: 0.0 ms]
   [Clear CT: 0.1 ms]
   [Other: 0.5 ms]
      [Choose CSet: 0.0 ms]
      [Ref Proc: 0.1 ms]
      [Ref Enq: 0.0 ms]
      [Redirty Cards: 0.1 ms]
      [Humongous Register: 0.1 ms]
      [Humongous Reclaim: 0.1 ms]
      [Free CSet: 0.1 ms]
   [Eden: 233.0M(233.0M)->0.0B(20.0M) Survivors: 10.0M->31.0M Heap: 833.9M(1024.0M)->619.8M(1024.0M)]
 [Times: user=0.14 sys=0.00, real=0.01 secs] 
2020-11-18T13:55:12.512+0800: 0.799: [GC pause (G1 Evacuation Pause) (mixed), 0.0058279 secs]
   [Parallel Time: 5.3 ms, GC Workers: 10]
      [GC Worker Start (ms): Min: 798.8, Avg: 798.8, Max: 798.9, Diff: 0.0]
      [Ext Root Scanning (ms): Min: 0.1, Avg: 0.1, Max: 0.1, Diff: 0.0, Sum: 1.0]
      [Update RS (ms): Min: 0.3, Avg: 0.3, Max: 0.4, Diff: 0.1, Sum: 3.5]
         [Processed Buffers: Min: 0, Avg: 5.4, Max: 6, Diff: 6, Sum: 54]
      [Scan RS (ms): Min: 0.0, Avg: 0.0, Max: 0.0, Diff: 0.0, Sum: 0.2]
      [Code Root Scanning (ms): Min: 0.0, Avg: 0.0, Max: 0.0, Diff: 0.0, Sum: 0.0]
      [Object Copy (ms): Min: 4.6, Avg: 4.7, Max: 4.7, Diff: 0.1, Sum: 46.7]
      [Termination (ms): Min: 0.0, Avg: 0.0, Max: 0.1, Diff: 0.1, Sum: 0.4]
         [Termination Attempts: Min: 1, Avg: 1.0, Max: 1, Diff: 0, Sum: 10]
      [GC Worker Other (ms): Min: 0.0, Avg: 0.0, Max: 0.0, Diff: 0.0, Sum: 0.1]
      [GC Worker Total (ms): Min: 5.2, Avg: 5.2, Max: 5.2, Diff: 0.0, Sum: 51.8]
      [GC Worker End (ms): Min: 804.0, Avg: 804.0, Max: 804.0, Diff: 0.0]
   [Code Root Fixup: 0.0 ms]
   [Code Root Purge: 0.0 ms]
   [Clear CT: 0.1 ms]
   [Other: 0.5 ms]
      [Choose CSet: 0.0 ms]
      [Ref Proc: 0.1 ms]
      [Ref Enq: 0.0 ms]
      [Redirty Cards: 0.1 ms]
      [Humongous Register: 0.1 ms]
      [Humongous Reclaim: 0.0 ms]
      [Free CSet: 0.1 ms]
   [Eden: 20.0M(20.0M)->0.0B(44.0M) Survivors: 31.0M->7168.0K Heap: 648.6M(1024.0M)->539.9M(1024.0M)]
 [Times: user=0.00 sys=0.00, real=0.01 secs] 
2020-11-18T13:55:12.523+0800: 0.810: [GC pause (G1 Evacuation Pause) (mixed), 0.0062621 secs]
   [Parallel Time: 5.6 ms, GC Workers: 10]
      [GC Worker Start (ms): Min: 810.4, Avg: 810.4, Max: 810.4, Diff: 0.1]
      [Ext Root Scanning (ms): Min: 0.1, Avg: 0.1, Max: 0.1, Diff: 0.1, Sum: 1.1]
      [Update RS (ms): Min: 0.3, Avg: 0.3, Max: 0.4, Diff: 0.0, Sum: 3.4]
         [Processed Buffers: Min: 1, Avg: 4.8, Max: 7, Diff: 6, Sum: 48]
      [Scan RS (ms): Min: 0.0, Avg: 0.0, Max: 0.1, Diff: 0.1, Sum: 0.4]
      [Code Root Scanning (ms): Min: 0.0, Avg: 0.0, Max: 0.0, Diff: 0.0, Sum: 0.0]
      [Object Copy (ms): Min: 4.8, Avg: 4.9, Max: 5.0, Diff: 0.3, Sum: 49.2]
      [Termination (ms): Min: 0.0, Avg: 0.1, Max: 0.2, Diff: 0.2, Sum: 1.2]
         [Termination Attempts: Min: 1, Avg: 1.0, Max: 1, Diff: 0, Sum: 10]
      [GC Worker Other (ms): Min: 0.0, Avg: 0.0, Max: 0.0, Diff: 0.0, Sum: 0.1]
      [GC Worker Total (ms): Min: 5.5, Avg: 5.5, Max: 5.6, Diff: 0.0, Sum: 55.3]
      [GC Worker End (ms): Min: 815.9, Avg: 815.9, Max: 815.9, Diff: 0.0]
   [Code Root Fixup: 0.0 ms]
   [Code Root Purge: 0.0 ms]
   [Clear CT: 0.1 ms]
   [Other: 0.5 ms]
      [Choose CSet: 0.0 ms]
      [Ref Proc: 0.1 ms]
      [Ref Enq: 0.0 ms]
      [Redirty Cards: 0.1 ms]
      [Humongous Register: 0.1 ms]
      [Humongous Reclaim: 0.0 ms]
      [Free CSet: 0.1 ms]
   [Eden: 44.0M(44.0M)->0.0B(259.0M) Survivors: 7168.0K->7168.0K Heap: 596.2M(1024.0M)->499.8M(1024.0M)]
 [Times: user=0.00 sys=0.00, real=0.01 secs] 
2020-11-18T13:55:12.529+0800: 0.817: [GC pause (G1 Humongous Allocation) (young) (initial-mark), 0.0014991 secs]
   [Parallel Time: 0.9 ms, GC Workers: 10]
      [GC Worker Start (ms): Min: 816.8, Avg: 816.8, Max: 816.8, Diff: 0.0]
      [Ext Root Scanning (ms): Min: 0.1, Avg: 0.1, Max: 0.1, Diff: 0.0, Sum: 1.2]
      [Update RS (ms): Min: 0.1, Avg: 0.1, Max: 0.5, Diff: 0.4, Sum: 1.4]
         [Processed Buffers: Min: 0, Avg: 1.1, Max: 2, Diff: 2, Sum: 11]
      [Scan RS (ms): Min: 0.0, Avg: 0.0, Max: 0.0, Diff: 0.0, Sum: 0.0]
      [Code Root Scanning (ms): Min: 0.0, Avg: 0.0, Max: 0.0, Diff: 0.0, Sum: 0.0]
      [Object Copy (ms): Min: 0.2, Avg: 0.5, Max: 0.6, Diff: 0.4, Sum: 5.2]
      [Termination (ms): Min: 0.0, Avg: 0.0, Max: 0.1, Diff: 0.1, Sum: 0.4]
         [Termination Attempts: Min: 1, Avg: 1.2, Max: 2, Diff: 1, Sum: 12]
      [GC Worker Other (ms): Min: 0.0, Avg: 0.0, Max: 0.0, Diff: 0.0, Sum: 0.0]
      [GC Worker Total (ms): Min: 0.8, Avg: 0.8, Max: 0.8, Diff: 0.0, Sum: 8.3]
      [GC Worker End (ms): Min: 817.7, Avg: 817.7, Max: 817.7, Diff: 0.0]
   [Code Root Fixup: 0.0 ms]
   [Code Root Purge: 0.0 ms]
   [Clear CT: 0.2 ms]
   [Other: 0.4 ms]
      [Choose CSet: 0.0 ms]
      [Ref Proc: 0.2 ms]
      [Ref Enq: 0.0 ms]
      [Redirty Cards: 0.1 ms]
      [Humongous Register: 0.1 ms]
      [Humongous Reclaim: 0.0 ms]
      [Free CSet: 0.0 ms]
   [Eden: 2048.0K(259.0M)->0.0B(274.0M) Survivors: 7168.0K->8192.0K Heap: 501.1M(1024.0M)->500.2M(1024.0M)]
 [Times: user=0.00 sys=0.00, real=0.00 secs] 
2020-11-18T13:55:12.530+0800: 0.818: [GC concurrent-root-region-scan-start]
2020-11-18T13:55:12.531+0800: 0.818: [GC concurrent-root-region-scan-end, 0.0000949 secs]
2020-11-18T13:55:12.531+0800: 0.818: [GC concurrent-mark-start]
2020-11-18T13:55:12.532+0800: 0.820: [GC concurrent-mark-end, 0.0011464 secs]
2020-11-18T13:55:12.532+0800: 0.820: [GC remark 2020-11-18T13:55:12.532+0800: 0.820: [Finalize Marking, 0.0000953 secs] 2020-11-18T13:55:12.532+0800: 0.820: [GC ref-proc, 0.0000761 secs] 2020-11-18T13:55:12.532+0800: 0.820: [Unloading, 0.0003395 secs], 0.0011607 secs]
 [Times: user=0.00 sys=0.00, real=0.00 secs] 
2020-11-18T13:55:12.533+0800: 0.821: [GC cleanup 512M->509M(1024M), 0.0004839 secs]
 [Times: user=0.00 sys=0.00, real=0.00 secs] 
2020-11-18T13:55:12.533+0800: 0.821: [GC concurrent-cleanup-start]
2020-11-18T13:55:12.533+0800: 0.821: [GC concurrent-cleanup-end, 0.0000072 secs]
2020-11-18T13:55:12.572+0800: 0.860: [GC pause (G1 Evacuation Pause) (young) (to-space exhausted), 0.0076667 secs]
   [Parallel Time: 6.5 ms, GC Workers: 10]
      [GC Worker Start (ms): Min: 860.4, Avg: 860.4, Max: 860.5, Diff: 0.1]
      [Ext Root Scanning (ms): Min: 0.0, Avg: 0.1, Max: 0.1, Diff: 0.1, Sum: 1.0]
      [Update RS (ms): Min: 0.4, Avg: 0.4, Max: 0.5, Diff: 0.1, Sum: 4.3]
         [Processed Buffers: Min: 1, Avg: 6.2, Max: 7, Diff: 6, Sum: 62]
      [Scan RS (ms): Min: 0.0, Avg: 0.0, Max: 0.0, Diff: 0.0, Sum: 0.2]
      [Code Root Scanning (ms): Min: 0.0, Avg: 0.0, Max: 0.0, Diff: 0.0, Sum: 0.0]
      [Object Copy (ms): Min: 5.8, Avg: 5.8, Max: 5.8, Diff: 0.0, Sum: 58.2]
      [Termination (ms): Min: 0.0, Avg: 0.0, Max: 0.1, Diff: 0.1, Sum: 0.4]
         [Termination Attempts: Min: 1, Avg: 1.0, Max: 1, Diff: 0, Sum: 10]
      [GC Worker Other (ms): Min: 0.0, Avg: 0.0, Max: 0.0, Diff: 0.0, Sum: 0.1]
      [GC Worker Total (ms): Min: 6.3, Avg: 6.4, Max: 6.5, Diff: 0.2, Sum: 64.3]
      [GC Worker End (ms): Min: 866.8, Avg: 866.8, Max: 866.8, Diff: 0.0]
   [Code Root Fixup: 0.0 ms]
   [Code Root Purge: 0.0 ms]
   [Clear CT: 0.1 ms]
   [Other: 1.1 ms]
      [Evacuation Failure: 0.3 ms]
      [Choose CSet: 0.0 ms]
      [Ref Proc: 0.1 ms]
      [Ref Enq: 0.0 ms]
      [Redirty Cards: 0.3 ms]
      [Humongous Register: 0.1 ms]
      [Humongous Reclaim: 0.1 ms]
      [Free CSet: 0.1 ms]
   [Eden: 274.0M(274.0M)->0.0B(15.0M) Survivors: 8192.0K->36.0M Heap: 844.3M(1024.0M)->635.3M(1024.0M)]
 [Times: user=0.00 sys=0.00, real=0.01 secs] 
2020-11-18T13:55:12.582+0800: 0.870: [GC pause (G1 Evacuation Pause) (mixed), 0.0073837 secs]
   [Parallel Time: 6.8 ms, GC Workers: 10]
      [GC Worker Start (ms): Min: 870.3, Avg: 870.4, Max: 870.6, Diff: 0.3]
      [Ext Root Scanning (ms): Min: 0.0, Avg: 0.1, Max: 0.1, Diff: 0.1, Sum: 1.0]
      [Update RS (ms): Min: 0.0, Avg: 0.2, Max: 0.4, Diff: 0.4, Sum: 2.4]
         [Processed Buffers: Min: 0, Avg: 3.8, Max: 6, Diff: 6, Sum: 38]
      [Scan RS (ms): Min: 0.0, Avg: 0.0, Max: 0.1, Diff: 0.1, Sum: 0.4]
      [Code Root Scanning (ms): Min: 0.0, Avg: 0.0, Max: 0.0, Diff: 0.0, Sum: 0.0]
      [Object Copy (ms): Min: 6.1, Avg: 6.2, Max: 6.3, Diff: 0.2, Sum: 62.4]
      [Termination (ms): Min: 0.0, Avg: 0.0, Max: 0.1, Diff: 0.1, Sum: 0.4]
         [Termination Attempts: Min: 1, Avg: 1.0, Max: 1, Diff: 0, Sum: 10]
      [GC Worker Other (ms): Min: 0.0, Avg: 0.0, Max: 0.0, Diff: 0.0, Sum: 0.1]
      [GC Worker Total (ms): Min: 6.4, Avg: 6.7, Max: 6.8, Diff: 0.3, Sum: 66.7]
      [GC Worker End (ms): Min: 877.0, Avg: 877.0, Max: 877.0, Diff: 0.0]
   [Code Root Fixup: 0.0 ms]
   [Code Root Purge: 0.0 ms]
   [Clear CT: 0.1 ms]
   [Other: 0.5 ms]
      [Choose CSet: 0.0 ms]
      [Ref Proc: 0.1 ms]
      [Ref Enq: 0.0 ms]
      [Redirty Cards: 0.1 ms]
      [Humongous Register: 0.1 ms]
      [Humongous Reclaim: 0.0 ms]
      [Free CSet: 0.1 ms]
   [Eden: 15.0M(15.0M)->0.0B(44.0M) Survivors: 36.0M->7168.0K Heap: 653.6M(1024.0M)->568.4M(1024.0M)]
 [Times: user=0.02 sys=0.00, real=0.01 secs] 
2020-11-18T13:55:12.596+0800: 0.883: [GC pause (G1 Evacuation Pause) (mixed), 0.0034116 secs]
   [Parallel Time: 2.8 ms, GC Workers: 10]
      [GC Worker Start (ms): Min: 883.6, Avg: 883.6, Max: 883.7, Diff: 0.1]
      [Ext Root Scanning (ms): Min: 0.0, Avg: 0.1, Max: 0.1, Diff: 0.1, Sum: 1.0]
      [Update RS (ms): Min: 0.5, Avg: 0.5, Max: 0.5, Diff: 0.0, Sum: 5.1]
         [Processed Buffers: Min: 3, Avg: 7.0, Max: 8, Diff: 5, Sum: 70]
      [Scan RS (ms): Min: 0.0, Avg: 0.0, Max: 0.0, Diff: 0.0, Sum: 0.1]
      [Code Root Scanning (ms): Min: 0.0, Avg: 0.0, Max: 0.0, Diff: 0.0, Sum: 0.0]
      [Object Copy (ms): Min: 2.0, Avg: 2.0, Max: 2.1, Diff: 0.1, Sum: 20.5]
      [Termination (ms): Min: 0.0, Avg: 0.0, Max: 0.1, Diff: 0.1, Sum: 0.4]
         [Termination Attempts: Min: 1, Avg: 1.1, Max: 2, Diff: 1, Sum: 11]
      [GC Worker Other (ms): Min: 0.0, Avg: 0.0, Max: 0.0, Diff: 0.0, Sum: 0.1]
      [GC Worker Total (ms): Min: 2.6, Avg: 2.7, Max: 2.7, Diff: 0.1, Sum: 27.1]
      [GC Worker End (ms): Min: 886.3, Avg: 886.3, Max: 886.3, Diff: 0.0]
   [Code Root Fixup: 0.0 ms]
   [Code Root Purge: 0.0 ms]
   [Clear CT: 0.1 ms]
   [Other: 0.5 ms]
      [Choose CSet: 0.0 ms]
      [Ref Proc: 0.1 ms]
      [Ref Enq: 0.0 ms]
      [Redirty Cards: 0.1 ms]
      [Humongous Register: 0.1 ms]
      [Humongous Reclaim: 0.0 ms]
      [Free CSet: 0.0 ms]
   [Eden: 44.0M(44.0M)->0.0B(215.0M) Survivors: 7168.0K->7168.0K Heap: 626.3M(1024.0M)->576.8M(1024.0M)]
 [Times: user=0.13 sys=0.00, real=0.00 secs] 
2020-11-18T13:55:12.599+0800: 0.887: [GC pause (G1 Humongous Allocation) (young) (initial-mark), 0.0011972 secs]
   [Parallel Time: 0.8 ms, GC Workers: 10]
      [GC Worker Start (ms): Min: 887.1, Avg: 887.2, Max: 887.3, Diff: 0.1]
      [Ext Root Scanning (ms): Min: 0.0, Avg: 0.1, Max: 0.2, Diff: 0.2, Sum: 1.3]
      [Update RS (ms): Min: 0.0, Avg: 0.0, Max: 0.1, Diff: 0.1, Sum: 0.4]
         [Processed Buffers: Min: 0, Avg: 1.1, Max: 2, Diff: 2, Sum: 11]
      [Scan RS (ms): Min: 0.0, Avg: 0.0, Max: 0.0, Diff: 0.0, Sum: 0.0]
      [Code Root Scanning (ms): Min: 0.0, Avg: 0.0, Max: 0.0, Diff: 0.0, Sum: 0.0]
      [Object Copy (ms): Min: 0.4, Avg: 0.4, Max: 0.5, Diff: 0.2, Sum: 4.2]
      [Termination (ms): Min: 0.0, Avg: 0.1, Max: 0.2, Diff: 0.2, Sum: 0.9]
         [Termination Attempts: Min: 1, Avg: 1.1, Max: 2, Diff: 1, Sum: 11]
      [GC Worker Other (ms): Min: 0.0, Avg: 0.0, Max: 0.0, Diff: 0.0, Sum: 0.0]
      [GC Worker Total (ms): Min: 0.6, Avg: 0.7, Max: 0.7, Diff: 0.1, Sum: 6.8]
      [GC Worker End (ms): Min: 887.9, Avg: 887.9, Max: 887.9, Diff: 0.0]
   [Code Root Fixup: 0.0 ms]
   [Code Root Purge: 0.0 ms]
   [Clear CT: 0.1 ms]
   [Other: 0.4 ms]
      [Choose CSet: 0.0 ms]
      [Ref Proc: 0.1 ms]
      [Ref Enq: 0.0 ms]
      [Redirty Cards: 0.1 ms]
      [Humongous Register: 0.1 ms]
      [Humongous Reclaim: 0.0 ms]
      [Free CSet: 0.0 ms]
   [Eden: 2048.0K(215.0M)->0.0B(226.0M) Survivors: 7168.0K->7168.0K Heap: 578.3M(1024.0M)->576.3M(1024.0M)]
 [Times: user=0.00 sys=0.00, real=0.00 secs] 
2020-11-18T13:55:12.601+0800: 0.888: [GC concurrent-root-region-scan-start]
2020-11-18T13:55:12.601+0800: 0.888: [GC concurrent-root-region-scan-end, 0.0001009 secs]
2020-11-18T13:55:12.601+0800: 0.888: [GC concurrent-mark-start]
2020-11-18T13:55:12.602+0800: 0.890: [GC concurrent-mark-end, 0.0014058 secs]
2020-11-18T13:55:12.602+0800: 0.890: [GC remark 2020-11-18T13:55:12.602+0800: 0.890: [Finalize Marking, 0.0000899 secs] 2020-11-18T13:55:12.602+0800: 0.890: [GC ref-proc, 0.0000734 secs] 2020-11-18T13:55:12.602+0800: 0.890: [Unloading, 0.0003436 secs], 0.0011523 secs]
 [Times: user=0.00 sys=0.00, real=0.00 secs] 
2020-11-18T13:55:12.603+0800: 0.891: [GC cleanup 590M->583M(1024M), 0.0004212 secs]
 [Times: user=0.00 sys=0.00, real=0.00 secs] 
2020-11-18T13:55:12.604+0800: 0.892: [GC concurrent-cleanup-start]
2020-11-18T13:55:12.604+0800: 0.892: [GC concurrent-cleanup-end, 0.0000143 secs]
2020-11-18T13:55:12.638+0800: 0.926: [GC pause (G1 Evacuation Pause) (young) (to-space exhausted), 0.0061196 secs]
   [Parallel Time: 5.2 ms, GC Workers: 10]
      [GC Worker Start (ms): Min: 926.1, Avg: 926.1, Max: 926.2, Diff: 0.1]
      [Ext Root Scanning (ms): Min: 0.1, Avg: 0.1, Max: 0.1, Diff: 0.1, Sum: 1.1]
      [Update RS (ms): Min: 0.4, Avg: 0.4, Max: 0.7, Diff: 0.3, Sum: 4.2]
         [Processed Buffers: Min: 0, Avg: 5.7, Max: 7, Diff: 7, Sum: 57]
      [Scan RS (ms): Min: 0.0, Avg: 0.0, Max: 0.0, Diff: 0.0, Sum: 0.2]
      [Code Root Scanning (ms): Min: 0.0, Avg: 0.0, Max: 0.0, Diff: 0.0, Sum: 0.0]
      [Object Copy (ms): Min: 4.3, Avg: 4.5, Max: 4.6, Diff: 0.3, Sum: 45.0]
      [Termination (ms): Min: 0.0, Avg: 0.0, Max: 0.1, Diff: 0.1, Sum: 0.3]
         [Termination Attempts: Min: 1, Avg: 1.4, Max: 2, Diff: 1, Sum: 14]
      [GC Worker Other (ms): Min: 0.0, Avg: 0.0, Max: 0.0, Diff: 0.0, Sum: 0.1]
      [GC Worker Total (ms): Min: 5.1, Avg: 5.1, Max: 5.1, Diff: 0.1, Sum: 50.9]
      [GC Worker End (ms): Min: 931.2, Avg: 931.2, Max: 931.2, Diff: 0.0]
   [Code Root Fixup: 0.0 ms]
   [Code Root Purge: 0.0 ms]
   [Clear CT: 0.1 ms]
   [Other: 0.8 ms]
      [Evacuation Failure: 0.2 ms]
      [Choose CSet: 0.0 ms]
      [Ref Proc: 0.1 ms]
      [Ref Enq: 0.0 ms]
      [Redirty Cards: 0.1 ms]
      [Humongous Register: 0.1 ms]
      [Humongous Reclaim: 0.1 ms]
      [Free CSet: 0.1 ms]
   [Eden: 226.0M(226.0M)->0.0B(21.0M) Survivors: 7168.0K->30.0M Heap: 864.9M(1024.0M)->720.5M(1024.0M)]
 [Times: user=0.02 sys=0.00, real=0.01 secs] 
2020-11-18T13:55:12.650+0800: 0.937: [GC pause (G1 Evacuation Pause) (mixed), 0.0057252 secs]
   [Parallel Time: 5.0 ms, GC Workers: 10]
      [GC Worker Start (ms): Min: 937.7, Avg: 937.7, Max: 937.8, Diff: 0.1]
      [Ext Root Scanning (ms): Min: 0.1, Avg: 0.1, Max: 0.1, Diff: 0.1, Sum: 1.1]
      [Update RS (ms): Min: 0.2, Avg: 0.2, Max: 0.3, Diff: 0.0, Sum: 2.5]
         [Processed Buffers: Min: 2, Avg: 3.3, Max: 4, Diff: 2, Sum: 33]
      [Scan RS (ms): Min: 0.0, Avg: 0.0, Max: 0.0, Diff: 0.0, Sum: 0.3]
      [Code Root Scanning (ms): Min: 0.0, Avg: 0.0, Max: 0.0, Diff: 0.0, Sum: 0.0]
      [Object Copy (ms): Min: 4.5, Avg: 4.5, Max: 4.5, Diff: 0.1, Sum: 45.0]
      [Termination (ms): Min: 0.0, Avg: 0.0, Max: 0.1, Diff: 0.1, Sum: 0.4]
         [Termination Attempts: Min: 1, Avg: 1.1, Max: 2, Diff: 1, Sum: 11]
      [GC Worker Other (ms): Min: 0.0, Avg: 0.0, Max: 0.0, Diff: 0.0, Sum: 0.1]
      [GC Worker Total (ms): Min: 4.9, Avg: 4.9, Max: 5.0, Diff: 0.1, Sum: 49.4]
      [GC Worker End (ms): Min: 942.7, Avg: 942.7, Max: 942.7, Diff: 0.0]
   [Code Root Fixup: 0.0 ms]
   [Code Root Purge: 0.0 ms]
   [Clear CT: 0.1 ms]
   [Other: 0.6 ms]
      [Choose CSet: 0.1 ms]
      [Ref Proc: 0.1 ms]
      [Ref Enq: 0.0 ms]
      [Redirty Cards: 0.1 ms]
      [Humongous Register: 0.2 ms]
      [Humongous Reclaim: 0.0 ms]
      [Free CSet: 0.1 ms]
   [Eden: 21.0M(21.0M)->0.0B(44.0M) Survivors: 30.0M->7168.0K Heap: 744.1M(1024.0M)->636.0M(1024.0M)]
 [Times: user=0.00 sys=0.00, real=0.01 secs] 
2020-11-18T13:55:12.662+0800: 0.950: [GC pause (G1 Evacuation Pause) (mixed), 0.0056881 secs]
   [Parallel Time: 5.2 ms, GC Workers: 10]
      [GC Worker Start (ms): Min: 950.0, Avg: 950.1, Max: 950.1, Diff: 0.1]
      [Ext Root Scanning (ms): Min: 0.1, Avg: 0.1, Max: 0.1, Diff: 0.1, Sum: 0.9]
      [Update RS (ms): Min: 0.5, Avg: 0.5, Max: 0.6, Diff: 0.1, Sum: 5.1]
         [Processed Buffers: Min: 2, Avg: 6.7, Max: 8, Diff: 6, Sum: 67]
      [Scan RS (ms): Min: 0.0, Avg: 0.0, Max: 0.0, Diff: 0.0, Sum: 0.3]
      [Code Root Scanning (ms): Min: 0.0, Avg: 0.0, Max: 0.0, Diff: 0.0, Sum: 0.0]
      [Object Copy (ms): Min: 4.3, Avg: 4.4, Max: 4.4, Diff: 0.1, Sum: 43.6]
      [Termination (ms): Min: 0.0, Avg: 0.1, Max: 0.1, Diff: 0.1, Sum: 0.5]
         [Termination Attempts: Min: 1, Avg: 1.0, Max: 1, Diff: 0, Sum: 10]
      [GC Worker Other (ms): Min: 0.0, Avg: 0.0, Max: 0.0, Diff: 0.0, Sum: 0.1]
      [GC Worker Total (ms): Min: 5.0, Avg: 5.1, Max: 5.1, Diff: 0.1, Sum: 50.5]
      [GC Worker End (ms): Min: 955.1, Avg: 955.1, Max: 955.1, Diff: 0.0]
   [Code Root Fixup: 0.0 ms]
   [Code Root Purge: 0.0 ms]
   [Clear CT: 0.1 ms]
   [Other: 0.5 ms]
      [Choose CSet: 0.0 ms]
      [Ref Proc: 0.1 ms]
      [Ref Enq: 0.0 ms]
      [Redirty Cards: 0.1 ms]
      [Humongous Register: 0.1 ms]
      [Humongous Reclaim: 0.0 ms]
      [Free CSet: 0.1 ms]
   [Eden: 44.0M(44.0M)->0.0B(218.0M) Survivors: 7168.0K->7168.0K Heap: 690.8M(1024.0M)->587.7M(1024.0M)]
 [Times: user=0.00 sys=0.00, real=0.01 secs] 
2020-11-18T13:55:12.669+0800: 0.956: [GC pause (G1 Humongous Allocation) (young) (initial-mark), 0.0014498 secs]
   [Parallel Time: 1.0 ms, GC Workers: 10]
      [GC Worker Start (ms): Min: 956.6, Avg: 956.6, Max: 956.7, Diff: 0.1]
      [Ext Root Scanning (ms): Min: 0.1, Avg: 0.1, Max: 0.1, Diff: 0.1, Sum: 1.2]
      [Update RS (ms): Min: 0.0, Avg: 0.2, Max: 0.8, Diff: 0.8, Sum: 1.6]
         [Processed Buffers: Min: 0, Avg: 1.1, Max: 2, Diff: 2, Sum: 11]
      [Scan RS (ms): Min: 0.0, Avg: 0.0, Max: 0.0, Diff: 0.0, Sum: 0.0]
      [Code Root Scanning (ms): Min: 0.0, Avg: 0.0, Max: 0.0, Diff: 0.0, Sum: 0.0]
      [Object Copy (ms): Min: 0.0, Avg: 0.7, Max: 0.8, Diff: 0.8, Sum: 6.5]
      [Termination (ms): Min: 0.0, Avg: 0.0, Max: 0.1, Diff: 0.1, Sum: 0.3]
         [Termination Attempts: Min: 1, Avg: 1.0, Max: 1, Diff: 0, Sum: 10]
      [GC Worker Other (ms): Min: 0.0, Avg: 0.0, Max: 0.0, Diff: 0.0, Sum: 0.1]
      [GC Worker Total (ms): Min: 0.9, Avg: 1.0, Max: 1.0, Diff: 0.1, Sum: 9.7]
      [GC Worker End (ms): Min: 957.6, Avg: 957.6, Max: 957.6, Diff: 0.0]
   [Code Root Fixup: 0.0 ms]
   [Code Root Purge: 0.0 ms]
   [Clear CT: 0.1 ms]
   [Other: 0.3 ms]
      [Choose CSet: 0.0 ms]
      [Ref Proc: 0.1 ms]
      [Ref Enq: 0.0 ms]
      [Redirty Cards: 0.1 ms]
      [Humongous Register: 0.1 ms]
      [Humongous Reclaim: 0.0 ms]
      [Free CSet: 0.0 ms]
   [Eden: 7168.0K(218.0M)->0.0B(199.0M) Survivors: 7168.0K->9216.0K Heap: 593.9M(1024.0M)->588.9M(1024.0M)]
 [Times: user=0.00 sys=0.00, real=0.00 secs] 
2020-11-18T13:55:12.671+0800: 0.958: [GC concurrent-root-region-scan-start]
2020-11-18T13:55:12.671+0800: 0.958: [GC concurrent-root-region-scan-end, 0.0000860 secs]
2020-11-18T13:55:12.671+0800: 0.958: [GC concurrent-mark-start]
2020-11-18T13:55:12.672+0800: 0.959: [GC concurrent-mark-end, 0.0012312 secs]
2020-11-18T13:55:12.672+0800: 0.959: [GC remark 2020-11-18T13:55:12.672+0800: 0.959: [Finalize Marking, 0.0001319 secs] 2020-11-18T13:55:12.672+0800: 0.960: [GC ref-proc, 0.0000711 secs] 2020-11-18T13:55:12.672+0800: 0.960: [Unloading, 0.0003589 secs], 0.0011591 secs]
 [Times: user=0.00 sys=0.00, real=0.00 secs] 
2020-11-18T13:55:12.673+0800: 0.961: [GC cleanup 601M->587M(1024M), 0.0005268 secs]
 [Times: user=0.00 sys=0.00, real=0.00 secs] 
2020-11-18T13:55:12.674+0800: 0.961: [GC concurrent-cleanup-start]
2020-11-18T13:55:12.674+0800: 0.961: [GC concurrent-cleanup-end, 0.0000369 secs]
2020-11-18T13:55:12.702+0800: 0.990: [GC pause (G1 Evacuation Pause) (young), 0.0067066 secs]
   [Parallel Time: 6.1 ms, GC Workers: 10]
      [GC Worker Start (ms): Min: 989.7, Avg: 989.7, Max: 989.7, Diff: 0.0]
      [Ext Root Scanning (ms): Min: 0.1, Avg: 0.1, Max: 0.1, Diff: 0.0, Sum: 1.0]
      [Update RS (ms): Min: 0.5, Avg: 0.5, Max: 0.5, Diff: 0.0, Sum: 5.1]
         [Processed Buffers: Min: 2, Avg: 7.3, Max: 10, Diff: 8, Sum: 73]
      [Scan RS (ms): Min: 0.0, Avg: 0.0, Max: 0.0, Diff: 0.0, Sum: 0.1]
      [Code Root Scanning (ms): Min: 0.0, Avg: 0.0, Max: 0.0, Diff: 0.0, Sum: 0.0]
      [Object Copy (ms): Min: 5.3, Avg: 5.3, Max: 5.4, Diff: 0.1, Sum: 53.4]
      [Termination (ms): Min: 0.0, Avg: 0.0, Max: 0.1, Diff: 0.1, Sum: 0.5]
         [Termination Attempts: Min: 1, Avg: 1.6, Max: 2, Diff: 1, Sum: 16]
      [GC Worker Other (ms): Min: 0.0, Avg: 0.0, Max: 0.0, Diff: 0.0, Sum: 0.1]
      [GC Worker Total (ms): Min: 6.0, Avg: 6.0, Max: 6.0, Diff: 0.1, Sum: 60.2]
      [GC Worker End (ms): Min: 995.7, Avg: 995.7, Max: 995.7, Diff: 0.0]
   [Code Root Fixup: 0.0 ms]
   [Code Root Purge: 0.0 ms]
   [Clear CT: 0.1 ms]
   [Other: 0.5 ms]
      [Choose CSet: 0.0 ms]
      [Ref Proc: 0.1 ms]
      [Ref Enq: 0.0 ms]
      [Redirty Cards: 0.1 ms]
      [Humongous Register: 0.1 ms]
      [Humongous Reclaim: 0.1 ms]
      [Free CSet: 0.1 ms]
   [Eden: 199.0M(199.0M)->0.0B(25.0M) Survivors: 9216.0K->26.0M Heap: 824.7M(1024.0M)->630.8M(1024.0M)]
 [Times: user=0.14 sys=0.00, real=0.01 secs] 
2020-11-18T13:55:12.713+0800: 1.000: [GC pause (G1 Evacuation Pause) (mixed), 0.0052801 secs]
   [Parallel Time: 4.8 ms, GC Workers: 10]
      [GC Worker Start (ms): Min: 1000.2, Avg: 1000.2, Max: 1000.2, Diff: 0.0]
      [Ext Root Scanning (ms): Min: 0.1, Avg: 0.1, Max: 0.1, Diff: 0.0, Sum: 1.1]
      [Update RS (ms): Min: 0.6, Avg: 0.6, Max: 0.6, Diff: 0.1, Sum: 5.9]
         [Processed Buffers: Min: 8, Avg: 9.2, Max: 10, Diff: 2, Sum: 92]
      [Scan RS (ms): Min: 0.0, Avg: 0.0, Max: 0.1, Diff: 0.0, Sum: 0.2]
      [Code Root Scanning (ms): Min: 0.0, Avg: 0.0, Max: 0.0, Diff: 0.0, Sum: 0.0]
      [Object Copy (ms): Min: 3.9, Avg: 3.9, Max: 3.9, Diff: 0.1, Sum: 39.2]
      [Termination (ms): Min: 0.0, Avg: 0.0, Max: 0.1, Diff: 0.1, Sum: 0.3]
         [Termination Attempts: Min: 1, Avg: 1.1, Max: 2, Diff: 1, Sum: 11]
      [GC Worker Other (ms): Min: 0.0, Avg: 0.0, Max: 0.0, Diff: 0.0, Sum: 0.1]
      [GC Worker Total (ms): Min: 4.6, Avg: 4.7, Max: 4.7, Diff: 0.0, Sum: 46.7]
      [GC Worker End (ms): Min: 1004.9, Avg: 1004.9, Max: 1004.9, Diff: 0.0]
   [Code Root Fixup: 0.0 ms]
   [Code Root Purge: 0.0 ms]
   [Clear CT: 0.1 ms]
   [Other: 0.5 ms]
      [Choose CSet: 0.0 ms]
      [Ref Proc: 0.1 ms]
      [Ref Enq: 0.0 ms]
      [Redirty Cards: 0.1 ms]
      [Humongous Register: 0.1 ms]
      [Humongous Reclaim: 0.0 ms]
      [Free CSet: 0.1 ms]
   [Eden: 25.0M(25.0M)->0.0B(44.0M) Survivors: 26.0M->7168.0K Heap: 665.9M(1024.0M)->539.8M(1024.0M)]
 [Times: user=0.00 sys=0.00, real=0.00 secs] 
2020-11-18T13:55:12.724+0800: 1.012: [GC pause (G1 Evacuation Pause) (mixed), 0.0070488 secs]
   [Parallel Time: 6.4 ms, GC Workers: 10]
      [GC Worker Start (ms): Min: 1011.9, Avg: 1011.9, Max: 1012.0, Diff: 0.1]
      [Ext Root Scanning (ms): Min: 0.1, Avg: 0.1, Max: 0.1, Diff: 0.1, Sum: 1.1]
      [Update RS (ms): Min: 0.8, Avg: 0.8, Max: 0.9, Diff: 0.1, Sum: 8.2]
         [Processed Buffers: Min: 6, Avg: 11.2, Max: 13, Diff: 7, Sum: 112]
      [Scan RS (ms): Min: 0.0, Avg: 0.0, Max: 0.1, Diff: 0.1, Sum: 0.3]
      [Code Root Scanning (ms): Min: 0.0, Avg: 0.0, Max: 0.0, Diff: 0.0, Sum: 0.0]
      [Object Copy (ms): Min: 5.3, Avg: 5.3, Max: 5.4, Diff: 0.1, Sum: 53.3]
      [Termination (ms): Min: 0.0, Avg: 0.1, Max: 0.1, Diff: 0.1, Sum: 0.6]
         [Termination Attempts: Min: 1, Avg: 1.0, Max: 1, Diff: 0, Sum: 10]
      [GC Worker Other (ms): Min: 0.0, Avg: 0.0, Max: 0.0, Diff: 0.0, Sum: 0.1]
      [GC Worker Total (ms): Min: 6.3, Avg: 6.4, Max: 6.4, Diff: 0.1, Sum: 63.5]
      [GC Worker End (ms): Min: 1018.3, Avg: 1018.3, Max: 1018.3, Diff: 0.0]
   [Code Root Fixup: 0.0 ms]
   [Code Root Purge: 0.0 ms]
   [Clear CT: 0.1 ms]
   [Other: 0.6 ms]
      [Choose CSet: 0.0 ms]
      [Ref Proc: 0.1 ms]
      [Ref Enq: 0.0 ms]
      [Redirty Cards: 0.1 ms]
      [Humongous Register: 0.1 ms]
      [Humongous Reclaim: 0.0 ms]
      [Free CSet: 0.1 ms]
   [Eden: 44.0M(44.0M)->0.0B(44.0M) Survivors: 7168.0K->7168.0K Heap: 596.3M(1024.0M)->492.0M(1024.0M)]
 [Times: user=0.00 sys=0.00, real=0.01 secs] 
2020-11-18T13:55:12.738+0800: 1.026: [GC pause (G1 Evacuation Pause) (mixed), 0.0041806 secs]
   [Parallel Time: 3.3 ms, GC Workers: 10]
      [GC Worker Start (ms): Min: 1025.7, Avg: 1025.8, Max: 1026.1, Diff: 0.4]
      [Ext Root Scanning (ms): Min: 0.0, Avg: 0.1, Max: 0.1, Diff: 0.1, Sum: 0.9]
      [Update RS (ms): Min: 0.3, Avg: 0.5, Max: 0.8, Diff: 0.5, Sum: 5.5]
         [Processed Buffers: Min: 5, Avg: 7.3, Max: 9, Diff: 4, Sum: 73]
      [Scan RS (ms): Min: 0.0, Avg: 0.0, Max: 0.0, Diff: 0.0, Sum: 0.1]
      [Code Root Scanning (ms): Min: 0.0, Avg: 0.0, Max: 0.0, Diff: 0.0, Sum: 0.0]
      [Object Copy (ms): Min: 2.2, Avg: 2.4, Max: 2.5, Diff: 0.3, Sum: 24.1]
      [Termination (ms): Min: 0.0, Avg: 0.0, Max: 0.1, Diff: 0.1, Sum: 0.5]
         [Termination Attempts: Min: 1, Avg: 1.0, Max: 1, Diff: 0, Sum: 10]
      [GC Worker Other (ms): Min: 0.0, Avg: 0.0, Max: 0.0, Diff: 0.0, Sum: 0.2]
      [GC Worker Total (ms): Min: 2.8, Avg: 3.1, Max: 3.2, Diff: 0.4, Sum: 31.3]
      [GC Worker End (ms): Min: 1028.9, Avg: 1028.9, Max: 1028.9, Diff: 0.0]
   [Code Root Fixup: 0.0 ms]
   [Code Root Purge: 0.0 ms]
   [Clear CT: 0.1 ms]
   [Other: 0.8 ms]
      [Choose CSet: 0.0 ms]
      [Ref Proc: 0.1 ms]
      [Ref Enq: 0.0 ms]
      [Redirty Cards: 0.1 ms]
      [Humongous Register: 0.1 ms]
      [Humongous Reclaim: 0.4 ms]
      [Free CSet: 0.1 ms]
   [Eden: 44.0M(44.0M)->0.0B(267.0M) Survivors: 7168.0K->7168.0K Heap: 543.7M(1024.0M)->498.5M(1024.0M)]
 [Times: user=0.11 sys=0.00, real=0.01 secs] 
2020-11-18T13:55:12.743+0800: 1.030: [GC pause (G1 Humongous Allocation) (young) (initial-mark), 0.0013197 secs]
   [Parallel Time: 0.9 ms, GC Workers: 10]
      [GC Worker Start (ms): Min: 1030.2, Avg: 1030.2, Max: 1030.4, Diff: 0.2]
      [Ext Root Scanning (ms): Min: 0.0, Avg: 0.3, Max: 0.8, Diff: 0.8, Sum: 2.5]
      [Update RS (ms): Min: 0.0, Avg: 0.0, Max: 0.1, Diff: 0.1, Sum: 0.5]
         [Processed Buffers: Min: 0, Avg: 1.1, Max: 2, Diff: 2, Sum: 11]
      [Scan RS (ms): Min: 0.0, Avg: 0.0, Max: 0.0, Diff: 0.0, Sum: 0.0]
      [Code Root Scanning (ms): Min: 0.0, Avg: 0.0, Max: 0.0, Diff: 0.0, Sum: 0.0]
      [Object Copy (ms): Min: 0.0, Avg: 0.4, Max: 0.6, Diff: 0.6, Sum: 4.2]
      [Termination (ms): Min: 0.0, Avg: 0.0, Max: 0.1, Diff: 0.1, Sum: 0.4]
         [Termination Attempts: Min: 1, Avg: 1.0, Max: 1, Diff: 0, Sum: 10]
      [GC Worker Other (ms): Min: 0.0, Avg: 0.0, Max: 0.0, Diff: 0.0, Sum: 0.0]
      [GC Worker Total (ms): Min: 0.7, Avg: 0.8, Max: 0.8, Diff: 0.2, Sum: 7.7]
      [GC Worker End (ms): Min: 1031.0, Avg: 1031.0, Max: 1031.0, Diff: 0.0]
   [Code Root Fixup: 0.0 ms]
   [Code Root Purge: 0.0 ms]
   [Clear CT: 0.1 ms]
   [Other: 0.4 ms]
      [Choose CSet: 0.0 ms]
      [Ref Proc: 0.1 ms]
      [Ref Enq: 0.0 ms]
      [Redirty Cards: 0.1 ms]
      [Humongous Register: 0.1 ms]
      [Humongous Reclaim: 0.0 ms]
      [Free CSet: 0.0 ms]
   [Eden: 1024.0K(267.0M)->0.0B(277.0M) Survivors: 7168.0K->7168.0K Heap: 499.2M(1024.0M)->498.4M(1024.0M)]
 [Times: user=0.00 sys=0.00, real=0.00 secs] 
2020-11-18T13:55:12.744+0800: 1.031: [GC concurrent-root-region-scan-start]
2020-11-18T13:55:12.744+0800: 1.032: [GC concurrent-root-region-scan-end, 0.0001014 secs]
2020-11-18T13:55:12.744+0800: 1.032: [GC concurrent-mark-start]
2020-11-18T13:55:12.746+0800: 1.033: [GC concurrent-mark-end, 0.0018535 secs]
2020-11-18T13:55:12.746+0800: 1.033: [GC remark 2020-11-18T13:55:12.746+0800: 1.033: [Finalize Marking, 0.0000934 secs] 2020-11-18T13:55:12.746+0800: 1.034: [GC ref-proc, 0.0000723 secs] 2020-11-18T13:55:12.746+0800: 1.034: [Unloading, 0.0003299 secs], 0.0011188 secs]
 [Times: user=0.00 sys=0.00, real=0.00 secs] 
2020-11-18T13:55:12.747+0800: 1.035: [GC cleanup 514M->510M(1024M), 0.0004981 secs]
 [Times: user=0.00 sys=0.00, real=0.00 secs] 
2020-11-18T13:55:12.748+0800: 1.035: [GC concurrent-cleanup-start]
2020-11-18T13:55:12.748+0800: 1.035: [GC concurrent-cleanup-end, 0.0000102 secs]
2020-11-18T13:55:12.788+0800: 1.075: [GC pause (G1 Evacuation Pause) (young) (to-space exhausted), 0.0077420 secs]
   [Parallel Time: 6.7 ms, GC Workers: 10]
      [GC Worker Start (ms): Min: 1075.1, Avg: 1075.2, Max: 1075.8, Diff: 0.7]
      [Ext Root Scanning (ms): Min: 0.0, Avg: 0.1, Max: 0.1, Diff: 0.1, Sum: 1.1]
      [Update RS (ms): Min: 0.3, Avg: 0.7, Max: 0.8, Diff: 0.5, Sum: 7.4]
         [Processed Buffers: Min: 4, Avg: 10.1, Max: 13, Diff: 9, Sum: 101]
      [Scan RS (ms): Min: 0.0, Avg: 0.0, Max: 0.0, Diff: 0.0, Sum: 0.2]
      [Code Root Scanning (ms): Min: 0.0, Avg: 0.0, Max: 0.0, Diff: 0.0, Sum: 0.0]
      [Object Copy (ms): Min: 5.6, Avg: 5.6, Max: 5.6, Diff: 0.1, Sum: 56.1]
      [Termination (ms): Min: 0.0, Avg: 0.0, Max: 0.0, Diff: 0.0, Sum: 0.2]
         [Termination Attempts: Min: 1, Avg: 1.2, Max: 2, Diff: 1, Sum: 12]
      [GC Worker Other (ms): Min: 0.0, Avg: 0.0, Max: 0.0, Diff: 0.0, Sum: 0.1]
      [GC Worker Total (ms): Min: 5.9, Avg: 6.5, Max: 6.6, Diff: 0.7, Sum: 65.3]
      [GC Worker End (ms): Min: 1081.8, Avg: 1081.8, Max: 1081.8, Diff: 0.0]
   [Code Root Fixup: 0.0 ms]
   [Code Root Purge: 0.0 ms]
   [Clear CT: 0.1 ms]
   [Other: 1.0 ms]
      [Evacuation Failure: 0.5 ms]
      [Choose CSet: 0.0 ms]
      [Ref Proc: 0.1 ms]
      [Ref Enq: 0.0 ms]
      [Redirty Cards: 0.1 ms]
      [Humongous Register: 0.1 ms]
      [Humongous Reclaim: 0.1 ms]
      [Free CSet: 0.1 ms]
   [Eden: 277.0M(277.0M)->0.0B(15.0M) Survivors: 7168.0K->36.0M Heap: 856.2M(1024.0M)->681.6M(1024.0M)]
 [Times: user=0.00 sys=0.00, real=0.01 secs] 
2020-11-18T13:55:12.799+0800: 1.086: [GC pause (G1 Evacuation Pause) (mixed), 0.0072467 secs]
   [Parallel Time: 6.7 ms, GC Workers: 10]
      [GC Worker Start (ms): Min: 1085.8, Avg: 1085.8, Max: 1086.0, Diff: 0.2]
      [Ext Root Scanning (ms): Min: 0.0, Avg: 0.1, Max: 0.1, Diff: 0.1, Sum: 1.1]
      [Update RS (ms): Min: 0.2, Avg: 0.2, Max: 0.2, Diff: 0.0, Sum: 2.1]
         [Processed Buffers: Min: 3, Avg: 4.0, Max: 6, Diff: 3, Sum: 40]
      [Scan RS (ms): Min: 0.0, Avg: 0.1, Max: 0.2, Diff: 0.2, Sum: 0.6]
      [Code Root Scanning (ms): Min: 0.0, Avg: 0.0, Max: 0.0, Diff: 0.0, Sum: 0.0]
      [Object Copy (ms): Min: 6.0, Avg: 6.2, Max: 6.2, Diff: 0.2, Sum: 61.8]
      [Termination (ms): Min: 0.0, Avg: 0.0, Max: 0.1, Diff: 0.1, Sum: 0.4]
         [Termination Attempts: Min: 1, Avg: 1.0, Max: 1, Diff: 0, Sum: 10]
      [GC Worker Other (ms): Min: 0.0, Avg: 0.0, Max: 0.0, Diff: 0.0, Sum: 0.1]
      [GC Worker Total (ms): Min: 6.5, Avg: 6.6, Max: 6.6, Diff: 0.1, Sum: 66.0]
      [GC Worker End (ms): Min: 1092.4, Avg: 1092.4, Max: 1092.5, Diff: 0.0]
   [Code Root Fixup: 0.0 ms]
   [Code Root Purge: 0.0 ms]
   [Clear CT: 0.1 ms]
   [Other: 0.5 ms]
      [Choose CSet: 0.0 ms]
      [Ref Proc: 0.1 ms]
      [Ref Enq: 0.0 ms]
      [Redirty Cards: 0.1 ms]
      [Humongous Register: 0.1 ms]
      [Humongous Reclaim: 0.0 ms]
      [Free CSet: 0.1 ms]
   [Eden: 15.0M(15.0M)->0.0B(47.0M) Survivors: 36.0M->4096.0K Heap: 699.0M(1024.0M)->609.8M(1024.0M)]
 [Times: user=0.14 sys=0.00, real=0.01 secs] 
2020-11-18T13:55:12.813+0800: 1.100: [GC pause (G1 Evacuation Pause) (mixed), 0.0041529 secs]
   [Parallel Time: 3.7 ms, GC Workers: 10]
      [GC Worker Start (ms): Min: 1099.9, Avg: 1099.9, Max: 1099.9, Diff: 0.1]
      [Ext Root Scanning (ms): Min: 0.1, Avg: 0.1, Max: 0.1, Diff: 0.1, Sum: 1.2]
      [Update RS (ms): Min: 0.8, Avg: 0.9, Max: 1.9, Diff: 1.0, Sum: 9.4]
         [Processed Buffers: Min: 6, Avg: 9.9, Max: 12, Diff: 6, Sum: 99]
      [Scan RS (ms): Min: 0.0, Avg: 0.0, Max: 0.0, Diff: 0.0, Sum: 0.2]
      [Code Root Scanning (ms): Min: 0.0, Avg: 0.0, Max: 0.0, Diff: 0.0, Sum: 0.0]
      [Object Copy (ms): Min: 1.6, Avg: 2.4, Max: 2.6, Diff: 1.0, Sum: 24.4]
      [Termination (ms): Min: 0.0, Avg: 0.0, Max: 0.1, Diff: 0.1, Sum: 0.4]
         [Termination Attempts: Min: 1, Avg: 1.1, Max: 2, Diff: 1, Sum: 11]
      [GC Worker Other (ms): Min: 0.0, Avg: 0.0, Max: 0.0, Diff: 0.0, Sum: 0.1]
      [GC Worker Total (ms): Min: 3.5, Avg: 3.6, Max: 3.6, Diff: 0.1, Sum: 35.7]
      [GC Worker End (ms): Min: 1103.5, Avg: 1103.5, Max: 1103.5, Diff: 0.0]
   [Code Root Fixup: 0.0 ms]
   [Code Root Purge: 0.0 ms]
   [Clear CT: 0.1 ms]
   [Other: 0.4 ms]
      [Choose CSet: 0.0 ms]
      [Ref Proc: 0.1 ms]
      [Ref Enq: 0.0 ms]
      [Redirty Cards: 0.1 ms]
      [Humongous Register: 0.1 ms]
      [Humongous Reclaim: 0.0 ms]
      [Free CSet: 0.0 ms]
   [Eden: 47.0M(47.0M)->0.0B(192.0M) Survivors: 4096.0K->7168.0K Heap: 667.7M(1024.0M)->610.1M(1024.0M)]
 [Times: user=0.00 sys=0.00, real=0.00 secs] 
2020-11-18T13:55:12.817+0800: 1.104: [GC pause (G1 Humongous Allocation) (young) (initial-mark), 0.0012187 secs]
   [Parallel Time: 0.9 ms, GC Workers: 10]
      [GC Worker Start (ms): Min: 1104.2, Avg: 1104.2, Max: 1104.2, Diff: 0.0]
      [Ext Root Scanning (ms): Min: 0.1, Avg: 0.1, Max: 0.2, Diff: 0.1, Sum: 1.3]
      [Update RS (ms): Min: 0.0, Avg: 0.1, Max: 0.1, Diff: 0.1, Sum: 0.7]
         [Processed Buffers: Min: 0, Avg: 1.1, Max: 2, Diff: 2, Sum: 11]
      [Scan RS (ms): Min: 0.0, Avg: 0.0, Max: 0.0, Diff: 0.0, Sum: 0.0]
      [Code Root Scanning (ms): Min: 0.0, Avg: 0.0, Max: 0.0, Diff: 0.0, Sum: 0.0]
      [Object Copy (ms): Min: 0.5, Avg: 0.6, Max: 0.6, Diff: 0.1, Sum: 5.8]
      [Termination (ms): Min: 0.0, Avg: 0.0, Max: 0.1, Diff: 0.1, Sum: 0.4]
         [Termination Attempts: Min: 1, Avg: 1.1, Max: 2, Diff: 1, Sum: 11]
      [GC Worker Other (ms): Min: 0.0, Avg: 0.0, Max: 0.0, Diff: 0.0, Sum: 0.0]
      [GC Worker Total (ms): Min: 0.8, Avg: 0.8, Max: 0.8, Diff: 0.0, Sum: 8.2]
      [GC Worker End (ms): Min: 1105.0, Avg: 1105.0, Max: 1105.0, Diff: 0.0]
   [Code Root Fixup: 0.0 ms]
   [Code Root Purge: 0.0 ms]
   [Clear CT: 0.1 ms]
   [Other: 0.3 ms]
      [Choose CSet: 0.0 ms]
      [Ref Proc: 0.1 ms]
      [Ref Enq: 0.0 ms]
      [Redirty Cards: 0.1 ms]
      [Humongous Register: 0.1 ms]
      [Humongous Reclaim: 0.0 ms]
      [Free CSet: 0.0 ms]
   [Eden: 1024.0K(192.0M)->0.0B(196.0M) Survivors: 7168.0K->7168.0K Heap: 610.8M(1024.0M)->610.1M(1024.0M)]
 [Times: user=0.16 sys=0.00, real=0.00 secs] 
2020-11-18T13:55:12.818+0800: 1.105: [GC concurrent-root-region-scan-start]
2020-11-18T13:55:12.818+0800: 1.105: [GC concurrent-root-region-scan-end, 0.0000954 secs]
2020-11-18T13:55:12.818+0800: 1.105: [GC concurrent-mark-start]
2020-11-18T13:55:12.820+0800: 1.107: [GC concurrent-mark-end, 0.0014814 secs]
2020-11-18T13:55:12.820+0800: 1.107: [GC remark 2020-11-18T13:55:12.820+0800: 1.107: [Finalize Marking, 0.0000747 secs] 2020-11-18T13:55:12.820+0800: 1.107: [GC ref-proc, 0.0000750 secs] 2020-11-18T13:55:12.820+0800: 1.107: [Unloading, 0.0003646 secs], 0.0011145 secs]
 [Times: user=0.00 sys=0.00, real=0.00 secs] 
2020-11-18T13:55:12.821+0800: 1.108: [GC cleanup 612M->601M(1024M), 0.0004678 secs]
 [Times: user=0.00 sys=0.00, real=0.00 secs] 
2020-11-18T13:55:12.822+0800: 1.109: [GC concurrent-cleanup-start]
2020-11-18T13:55:12.822+0800: 1.109: [GC concurrent-cleanup-end, 0.0000138 secs]
Heap
 garbage-first heap   total 1048576K, used 615291K [0x00000000c0000000, 0x00000000c0102000, 0x0000000100000000)
  region size 1024K, 9 young (9216K), 7 survivors (7168K)
 Metaspace       used 3807K, capacity 4540K, committed 4864K, reserved 1056768K
  class space    used 420K, capacity 428K, committed 512K, reserved 1048576K
