Java HotSpot(TM) 64-Bit Server VM (25.271-b09) for windows-amd64 JRE (1.8.0_271-b09), built on Sep 16 2020 19:14:59 by "" with MS VC++ 15.9 (VS2017)
Memory: 4k page, physical 16707876k(8472968k free), swap 19198244k(6085664k free)
CommandLine flags: -XX:InitialHeapSize=267326016 -XX:MaxHeapSize=1073741824 -XX:+PrintGC -XX:+PrintGCDateStamps -XX:+PrintGCDetails -XX:+PrintGCTimeStamps -XX:+UseCompressedClassPointers -XX:+UseCompressedOops -XX:-UseLargePagesIndividualAllocation -XX:+UseSerialGC 
2020-11-15T01:43:29.119+0800: 0.151: [GC (Allocation Failure) 2020-11-15T01:43:29.120+0800: 0.151: [DefNew: 69952K->8703K(78656K), 0.0104556 secs] 69952K->21505K(253440K), 0.0105753 secs] [Times: user=0.00 sys=0.02, real=0.01 secs] 
2020-11-15T01:43:29.148+0800: 0.179: [GC (Allocation Failure) 2020-11-15T01:43:29.148+0800: 0.179: [DefNew: 78417K->8699K(78656K), 0.0132521 secs] 91219K->42168K(253440K), 0.0133163 secs] [Times: user=0.01 sys=0.00, real=0.01 secs] 
2020-11-15T01:43:29.173+0800: 0.204: [GC (Allocation Failure) 2020-11-15T01:43:29.173+0800: 0.204: [DefNew: 78651K->8702K(78656K), 0.0129308 secs] 112120K->66201K(253440K), 0.0129829 secs] [Times: user=0.02 sys=0.00, real=0.01 secs] 
2020-11-15T01:43:29.198+0800: 0.229: [GC (Allocation Failure) 2020-11-15T01:43:29.198+0800: 0.229: [DefNew: 78654K->8702K(78656K), 0.0123554 secs] 136153K->89105K(253440K), 0.0124100 secs] [Times: user=0.02 sys=0.00, real=0.01 secs] 
2020-11-15T01:43:29.223+0800: 0.254: [GC (Allocation Failure) 2020-11-15T01:43:29.223+0800: 0.254: [DefNew: 78428K->8703K(78656K), 0.0150540 secs] 158831K->117612K(253440K), 0.0151109 secs] [Times: user=0.02 sys=0.00, real=0.01 secs] 
2020-11-15T01:43:29.249+0800: 0.280: [GC (Allocation Failure) 2020-11-15T01:43:29.249+0800: 0.280: [DefNew: 78655K->8703K(78656K), 0.0134250 secs] 187564K->143525K(253440K), 0.0134895 secs] [Times: user=0.00 sys=0.02, real=0.01 secs] 
2020-11-15T01:43:29.275+0800: 0.306: [GC (Allocation Failure) 2020-11-15T01:43:29.275+0800: 0.306: [DefNew: 78441K->8689K(78656K), 0.0118250 secs] 213263K->165142K(253440K), 0.0118904 secs] [Times: user=0.01 sys=0.00, real=0.01 secs] 
2020-11-15T01:43:29.301+0800: 0.332: [GC (Allocation Failure) 2020-11-15T01:43:29.301+0800: 0.332: [DefNew: 78641K->8702K(78656K), 0.0123820 secs]2020-11-15T01:43:29.314+0800: 0.345: [Tenured: 179882K->163298K(179928K), 0.0318499 secs] 235094K->163298K(258584K), [Metaspace: 3348K->3348K(1056768K)], 0.0445856 secs] [Times: user=0.03 sys=0.02, real=0.04 secs] 
2020-11-15T01:43:29.369+0800: 0.400: [GC (Allocation Failure) 2020-11-15T01:43:29.369+0800: 0.400: [DefNew: 108817K->13564K(122560K), 0.0122067 secs] 272115K->199710K(394728K), 0.0122507 secs] [Times: user=0.02 sys=0.00, real=0.01 secs] 
2020-11-15T01:43:29.400+0800: 0.432: [GC (Allocation Failure) 2020-11-15T01:43:29.400+0800: 0.432: [DefNew: 122556K->13565K(122560K), 0.0207712 secs] 308702K->233518K(394728K), 0.0208306 secs] [Times: user=0.03 sys=0.00, real=0.02 secs] 
2020-11-15T01:43:29.440+0800: 0.471: [GC (Allocation Failure) 2020-11-15T01:43:29.440+0800: 0.471: [DefNew: 122073K->13567K(122560K), 0.0190033 secs] 342025K->268336K(394728K), 0.0190642 secs] [Times: user=0.01 sys=0.00, real=0.02 secs] 
2020-11-15T01:43:29.480+0800: 0.512: [GC (Allocation Failure) 2020-11-15T01:43:29.480+0800: 0.512: [DefNew: 122559K->13567K(122560K), 0.0192304 secs]2020-11-15T01:43:29.500+0800: 0.531: [Tenured: 290713K->244726K(290824K), 0.0494053 secs] 377328K->244726K(413384K), [Metaspace: 3349K->3349K(1056768K)], 0.0690758 secs] [Times: user=0.05 sys=0.01, real=0.07 secs] 
2020-11-15T01:43:29.583+0800: 0.614: [GC (Allocation Failure) 2020-11-15T01:43:29.583+0800: 0.614: [DefNew: 163233K->20350K(183616K), 0.0156393 secs] 407959K->295726K(591496K), 0.0156932 secs] [Times: user=0.02 sys=0.00, real=0.02 secs] 
2020-11-15T01:43:29.625+0800: 0.656: [GC (Allocation Failure) 2020-11-15T01:43:29.625+0800: 0.656: [DefNew: 183614K->20351K(183616K), 0.0299126 secs] 458990K->350500K(591496K), 0.0299854 secs] [Times: user=0.00 sys=0.03, real=0.03 secs] 
2020-11-15T01:43:29.679+0800: 0.710: [GC (Allocation Failure) 2020-11-15T01:43:29.679+0800: 0.710: [DefNew: 183615K->20351K(183616K), 0.0221442 secs] 513764K->398201K(591496K), 0.0222543 secs] [Times: user=0.02 sys=0.02, real=0.02 secs] 
2020-11-15T01:43:29.724+0800: 0.755: [GC (Allocation Failure) 2020-11-15T01:43:29.724+0800: 0.755: [DefNew: 183326K->20351K(183616K), 0.0245390 secs]2020-11-15T01:43:29.749+0800: 0.779: [Tenured: 430125K->324192K(430156K), 0.0555010 secs] 561176K->324192K(613772K), [Metaspace: 3349K->3349K(1056768K)], 0.0804805 secs] [Times: user=0.08 sys=0.00, real=0.08 secs] 
2020-11-15T01:43:29.838+0800: 0.870: [GC (Allocation Failure) 2020-11-15T01:43:29.838+0800: 0.870: [DefNew: 216192K->27007K(243200K), 0.0196373 secs] 540384K->396232K(783524K), 0.0196879 secs] [Times: user=0.03 sys=0.00, real=0.02 secs] 
2020-11-15T01:43:29.889+0800: 0.921: [GC (Allocation Failure) 2020-11-15T01:43:29.889+0800: 0.921: [DefNew: 243199K->27008K(243200K), 0.0259540 secs] 612424K->465504K(783524K), 0.0260068 secs] [Times: user=0.00 sys=0.02, real=0.03 secs] 
2020-11-15T01:43:29.945+0800: 0.976: [GC (Allocation Failure) 2020-11-15T01:43:29.945+0800: 0.976: [DefNew: 243200K->27007K(243200K), 0.0319805 secs] 681696K->531793K(783524K), 0.0320323 secs] [Times: user=0.01 sys=0.02, real=0.03 secs] 
2020-11-15T01:43:30.011+0800: 1.042: [GC (Allocation Failure) 2020-11-15T01:43:30.011+0800: 1.042: [DefNew: 243199K->27008K(243200K), 0.0346165 secs]2020-11-15T01:43:30.046+0800: 1.076: [Tenured: 571823K->337735K(571884K), 0.0701144 secs] 747985K->337735K(815084K), [Metaspace: 3854K->3854K(1056768K)], 0.1053534 secs] [Times: user=0.09 sys=0.02, real=0.11 secs] 
Heap
 def new generation   total 253376K, used 6975K [0x00000000c0000000, 0x00000000d12e0000, 0x00000000d5550000)
  eden space 225280K,   3% used [0x00000000c0000000, 0x00000000c06cfdc0, 0x00000000cdc00000)
  from space 28096K,   0% used [0x00000000cdc00000, 0x00000000cdc00000, 0x00000000cf770000)
  to   space 28096K,   0% used [0x00000000cf770000, 0x00000000cf770000, 0x00000000d12e0000)
 tenured generation   total 562896K, used 337735K [0x00000000d5550000, 0x00000000f7b04000, 0x0000000100000000)
   the space 562896K,  59% used [0x00000000d5550000, 0x00000000e9f21d98, 0x00000000e9f21e00, 0x00000000f7b04000)
 Metaspace       used 3860K, capacity 4540K, committed 4864K, reserved 1056768K
  class space    used 426K, capacity 428K, committed 512K, reserved 1048576K
