Java HotSpot(TM) 64-Bit Server VM (25.251-b08) for windows-amd64 JRE (1.8.0_251-b08), built on Mar 12 2020 06:31:49 by "" with MS VC++ 10.0 (VS2010)
Memory: 4k page, physical 33401132k(21435012k free), swap 38381868k(24004652k free)
CommandLine flags: -XX:InitialHeapSize=534418112 -XX:MaxHeapSize=2147483648 -XX:+PrintGC -XX:+PrintGCDateStamps -XX:+PrintGCDetails -XX:+PrintGCTimeStamps -XX:+UseCompressedClassPointers -XX:+UseCompressedOops -XX:+UseG1GC -XX:-UseLargePagesIndividualAllocation 
2020-11-18T15:22:29.901+0800: 0.104: [GC pause (G1 Evacuation Pause) (young), 0.0020688 secs]
   [Parallel Time: 1.3 ms, GC Workers: 10]
      [GC Worker Start (ms): Min: 103.7, Avg: 103.7, Max: 103.7, Diff: 0.1]
      [Ext Root Scanning (ms): Min: 0.0, Avg: 0.1, Max: 0.3, Diff: 0.2, Sum: 1.4]
      [Update RS (ms): Min: 0.0, Avg: 0.0, Max: 0.0, Diff: 0.0, Sum: 0.0]
         [Processed Buffers: Min: 0, Avg: 0.0, Max: 0, Diff: 0, Sum: 0]
      [Scan RS (ms): Min: 0.0, Avg: 0.0, Max: 0.0, Diff: 0.0, Sum: 0.0]
      [Code Root Scanning (ms): Min: 0.0, Avg: 0.0, Max: 0.0, Diff: 0.0, Sum: 0.0]
      [Object Copy (ms): Min: 0.8, Avg: 0.9, Max: 1.0, Diff: 0.2, Sum: 8.7]
      [Termination (ms): Min: 0.0, Avg: 0.1, Max: 0.2, Diff: 0.2, Sum: 1.1]
         [Termination Attempts: Min: 1, Avg: 1.0, Max: 1, Diff: 0, Sum: 10]
      [GC Worker Other (ms): Min: 0.0, Avg: 0.1, Max: 0.2, Diff: 0.1, Sum: 0.7]
      [GC Worker Total (ms): Min: 1.2, Avg: 1.2, Max: 1.2, Diff: 0.1, Sum: 11.9]
      [GC Worker End (ms): Min: 104.9, Avg: 104.9, Max: 104.9, Diff: 0.0]
   [Code Root Fixup: 0.0 ms]
   [Code Root Purge: 0.0 ms]
   [Clear CT: 0.3 ms]
   [Other: 0.5 ms]
      [Choose CSet: 0.0 ms]
      [Ref Proc: 0.3 ms]
      [Ref Enq: 0.0 ms]
      [Redirty Cards: 0.1 ms]
      [Humongous Register: 0.0 ms]
      [Humongous Reclaim: 0.0 ms]
      [Free CSet: 0.0 ms]
   [Eden: 25.0M(25.0M)->0.0B(24.0M) Survivors: 0.0B->4096.0K Heap: 33.5M(510.0M)->13.5M(510.0M)]
 [Times: user=0.00 sys=0.00, real=0.00 secs] 
2020-11-18T15:22:29.909+0800: 0.112: [GC pause (G1 Evacuation Pause) (young), 0.0017071 secs]
   [Parallel Time: 1.4 ms, GC Workers: 10]
      [GC Worker Start (ms): Min: 112.1, Avg: 112.2, Max: 112.4, Diff: 0.3]
      [Ext Root Scanning (ms): Min: 0.0, Avg: 0.1, Max: 0.2, Diff: 0.2, Sum: 1.0]
      [Update RS (ms): Min: 0.0, Avg: 0.0, Max: 0.1, Diff: 0.1, Sum: 0.2]
         [Processed Buffers: Min: 0, Avg: 0.5, Max: 1, Diff: 1, Sum: 5]
      [Scan RS (ms): Min: 0.0, Avg: 0.0, Max: 0.0, Diff: 0.0, Sum: 0.0]
      [Code Root Scanning (ms): Min: 0.0, Avg: 0.0, Max: 0.0, Diff: 0.0, Sum: 0.0]
      [Object Copy (ms): Min: 0.9, Avg: 1.0, Max: 1.1, Diff: 0.2, Sum: 10.1]
      [Termination (ms): Min: 0.0, Avg: 0.1, Max: 0.1, Diff: 0.1, Sum: 0.7]
         [Termination Attempts: Min: 1, Avg: 1.0, Max: 1, Diff: 0, Sum: 10]
      [GC Worker Other (ms): Min: 0.0, Avg: 0.0, Max: 0.0, Diff: 0.0, Sum: 0.1]
      [GC Worker Total (ms): Min: 1.0, Avg: 1.2, Max: 1.3, Diff: 0.3, Sum: 12.1]
      [GC Worker End (ms): Min: 113.4, Avg: 113.4, Max: 113.4, Diff: 0.0]
   [Code Root Fixup: 0.0 ms]
   [Code Root Purge: 0.0 ms]
   [Clear CT: 0.1 ms]
   [Other: 0.3 ms]
      [Choose CSet: 0.0 ms]
      [Ref Proc: 0.1 ms]
      [Ref Enq: 0.0 ms]
      [Redirty Cards: 0.1 ms]
      [Humongous Register: 0.0 ms]
      [Humongous Reclaim: 0.0 ms]
      [Free CSet: 0.0 ms]
   [Eden: 24.0M(24.0M)->0.0B(36.0M) Survivors: 4096.0K->4096.0K Heap: 39.8M(510.0M)->20.8M(510.0M)]
 [Times: user=0.01 sys=0.00, real=0.00 secs] 
2020-11-18T15:22:29.922+0800: 0.125: [GC pause (G1 Evacuation Pause) (young), 0.0022586 secs]
   [Parallel Time: 1.9 ms, GC Workers: 10]
      [GC Worker Start (ms): Min: 125.3, Avg: 125.3, Max: 125.4, Diff: 0.2]
      [Ext Root Scanning (ms): Min: 0.0, Avg: 0.1, Max: 0.1, Diff: 0.1, Sum: 0.7]
      [Update RS (ms): Min: 0.0, Avg: 0.1, Max: 0.5, Diff: 0.5, Sum: 1.3]
         [Processed Buffers: Min: 0, Avg: 1.2, Max: 3, Diff: 3, Sum: 12]
      [Scan RS (ms): Min: 0.0, Avg: 0.0, Max: 0.0, Diff: 0.0, Sum: 0.0]
      [Code Root Scanning (ms): Min: 0.0, Avg: 0.0, Max: 0.0, Diff: 0.0, Sum: 0.0]
      [Object Copy (ms): Min: 1.1, Avg: 1.5, Max: 1.7, Diff: 0.6, Sum: 14.5]
      [Termination (ms): Min: 0.0, Avg: 0.1, Max: 0.2, Diff: 0.2, Sum: 1.2]
         [Termination Attempts: Min: 1, Avg: 1.0, Max: 1, Diff: 0, Sum: 10]
      [GC Worker Other (ms): Min: 0.0, Avg: 0.0, Max: 0.0, Diff: 0.0, Sum: 0.1]
      [GC Worker Total (ms): Min: 1.7, Avg: 1.8, Max: 1.9, Diff: 0.2, Sum: 17.8]
      [GC Worker End (ms): Min: 127.1, Avg: 127.1, Max: 127.1, Diff: 0.0]
   [Code Root Fixup: 0.0 ms]
   [Code Root Purge: 0.0 ms]
   [Clear CT: 0.1 ms]
   [Other: 0.3 ms]
      [Choose CSet: 0.0 ms]
      [Ref Proc: 0.1 ms]
      [Ref Enq: 0.0 ms]
      [Redirty Cards: 0.1 ms]
      [Humongous Register: 0.0 ms]
      [Humongous Reclaim: 0.0 ms]
      [Free CSet: 0.0 ms]
   [Eden: 36.0M(36.0M)->0.0B(61.0M) Survivors: 4096.0K->5120.0K Heap: 61.7M(510.0M)->34.2M(510.0M)]
 [Times: user=0.00 sys=0.00, real=0.00 secs] 
2020-11-18T15:22:29.944+0800: 0.147: [GC pause (G1 Evacuation Pause) (young), 0.0040281 secs]
   [Parallel Time: 3.6 ms, GC Workers: 10]
      [GC Worker Start (ms): Min: 147.1, Avg: 147.2, Max: 147.3, Diff: 0.2]
      [Ext Root Scanning (ms): Min: 0.0, Avg: 0.1, Max: 0.1, Diff: 0.1, Sum: 1.0]
      [Update RS (ms): Min: 0.5, Avg: 0.5, Max: 0.5, Diff: 0.0, Sum: 5.1]
         [Processed Buffers: Min: 0, Avg: 6.8, Max: 9, Diff: 9, Sum: 68]
      [Scan RS (ms): Min: 0.0, Avg: 0.0, Max: 0.0, Diff: 0.0, Sum: 0.0]
      [Code Root Scanning (ms): Min: 0.0, Avg: 0.0, Max: 0.0, Diff: 0.0, Sum: 0.0]
      [Object Copy (ms): Min: 2.6, Avg: 2.7, Max: 2.9, Diff: 0.2, Sum: 27.1]
      [Termination (ms): Min: 0.0, Avg: 0.1, Max: 0.2, Diff: 0.2, Sum: 1.3]
         [Termination Attempts: Min: 1, Avg: 1.0, Max: 1, Diff: 0, Sum: 10]
      [GC Worker Other (ms): Min: 0.0, Avg: 0.0, Max: 0.0, Diff: 0.0, Sum: 0.1]
      [GC Worker Total (ms): Min: 3.4, Avg: 3.5, Max: 3.5, Diff: 0.2, Sum: 34.7]
      [GC Worker End (ms): Min: 150.6, Avg: 150.6, Max: 150.6, Diff: 0.0]
   [Code Root Fixup: 0.0 ms]
   [Code Root Purge: 0.0 ms]
   [Clear CT: 0.1 ms]
   [Other: 0.4 ms]
      [Choose CSet: 0.0 ms]
      [Ref Proc: 0.1 ms]
      [Ref Enq: 0.0 ms]
      [Redirty Cards: 0.1 ms]
      [Humongous Register: 0.0 ms]
      [Humongous Reclaim: 0.0 ms]
      [Free CSet: 0.0 ms]
   [Eden: 61.0M(61.0M)->0.0B(186.0M) Survivors: 5120.0K->9216.0K Heap: 113.1M(510.0M)->60.8M(510.0M)]
 [Times: user=0.00 sys=0.00, real=0.00 secs] 
2020-11-18T15:22:30.038+0800: 0.241: [GC pause (G1 Evacuation Pause) (young), 0.0097662 secs]
   [Parallel Time: 9.3 ms, GC Workers: 10]
      [GC Worker Start (ms): Min: 241.2, Avg: 241.2, Max: 241.2, Diff: 0.0]
      [Ext Root Scanning (ms): Min: 0.1, Avg: 0.1, Max: 0.1, Diff: 0.0, Sum: 1.2]
      [Update RS (ms): Min: 0.1, Avg: 0.1, Max: 0.2, Diff: 0.1, Sum: 1.2]
         [Processed Buffers: Min: 0, Avg: 1.5, Max: 2, Diff: 2, Sum: 15]
      [Scan RS (ms): Min: 0.0, Avg: 0.0, Max: 0.0, Diff: 0.0, Sum: 0.2]
      [Code Root Scanning (ms): Min: 0.0, Avg: 0.0, Max: 0.0, Diff: 0.0, Sum: 0.0]
      [Object Copy (ms): Min: 8.8, Avg: 8.9, Max: 9.0, Diff: 0.2, Sum: 88.6]
      [Termination (ms): Min: 0.0, Avg: 0.1, Max: 0.2, Diff: 0.2, Sum: 1.2]
         [Termination Attempts: Min: 1, Avg: 1.0, Max: 1, Diff: 0, Sum: 10]
      [GC Worker Other (ms): Min: 0.0, Avg: 0.0, Max: 0.0, Diff: 0.0, Sum: 0.1]
      [GC Worker Total (ms): Min: 9.2, Avg: 9.3, Max: 9.3, Diff: 0.0, Sum: 92.5]
      [GC Worker End (ms): Min: 250.5, Avg: 250.5, Max: 250.5, Diff: 0.0]
   [Code Root Fixup: 0.0 ms]
   [Code Root Purge: 0.0 ms]
   [Clear CT: 0.1 ms]
   [Other: 0.4 ms]
      [Choose CSet: 0.0 ms]
      [Ref Proc: 0.1 ms]
      [Ref Enq: 0.0 ms]
      [Redirty Cards: 0.0 ms]
      [Humongous Register: 0.0 ms]
      [Humongous Reclaim: 0.0 ms]
      [Free CSet: 0.1 ms]
   [Eden: 177.0M(177.0M)->0.0B(78.0M) Survivors: 9216.0K->24.0M Heap: 287.9M(510.0M)->141.6M(510.0M)]
 [Times: user=0.00 sys=0.00, real=0.01 secs] 
2020-11-18T15:22:30.068+0800: 0.271: [GC pause (G1 Evacuation Pause) (young), 0.0063557 secs]
   [Parallel Time: 5.9 ms, GC Workers: 10]
      [GC Worker Start (ms): Min: 271.0, Avg: 271.6, Max: 273.1, Diff: 2.1]
      [Ext Root Scanning (ms): Min: 0.0, Avg: 0.1, Max: 0.2, Diff: 0.2, Sum: 0.9]
      [Update RS (ms): Min: 0.0, Avg: 0.2, Max: 1.2, Diff: 1.2, Sum: 2.5]
         [Processed Buffers: Min: 0, Avg: 2.0, Max: 4, Diff: 4, Sum: 20]
      [Scan RS (ms): Min: 0.0, Avg: 0.0, Max: 0.0, Diff: 0.0, Sum: 0.1]
      [Code Root Scanning (ms): Min: 0.0, Avg: 0.0, Max: 0.0, Diff: 0.0, Sum: 0.0]
      [Object Copy (ms): Min: 3.6, Avg: 4.8, Max: 5.4, Diff: 1.8, Sum: 48.3]
      [Termination (ms): Min: 0.0, Avg: 0.1, Max: 0.2, Diff: 0.2, Sum: 1.3]
         [Termination Attempts: Min: 1, Avg: 1.5, Max: 2, Diff: 1, Sum: 15]
      [GC Worker Other (ms): Min: 0.0, Avg: 0.0, Max: 0.0, Diff: 0.0, Sum: 0.1]
      [GC Worker Total (ms): Min: 3.8, Avg: 5.3, Max: 5.9, Diff: 2.1, Sum: 53.2]
      [GC Worker End (ms): Min: 276.9, Avg: 276.9, Max: 276.9, Diff: 0.0]
   [Code Root Fixup: 0.0 ms]
   [Code Root Purge: 0.0 ms]
   [Clear CT: 0.1 ms]
   [Other: 0.4 ms]
      [Choose CSet: 0.0 ms]
      [Ref Proc: 0.1 ms]
      [Ref Enq: 0.0 ms]
      [Redirty Cards: 0.1 ms]
      [Humongous Register: 0.1 ms]
      [Humongous Reclaim: 0.0 ms]
      [Free CSet: 0.0 ms]
   [Eden: 78.0M(78.0M)->0.0B(159.0M) Survivors: 24.0M->13.0M Heap: 241.5M(510.0M)->172.1M(510.0M)]
 [Times: user=0.00 sys=0.00, real=0.01 secs] 
2020-11-18T15:22:30.096+0800: 0.298: [GC pause (G1 Humongous Allocation) (young) (initial-mark), 0.0045276 secs]
   [Parallel Time: 4.1 ms, GC Workers: 10]
      [GC Worker Start (ms): Min: 298.5, Avg: 298.6, Max: 298.7, Diff: 0.2]
      [Ext Root Scanning (ms): Min: 0.0, Avg: 0.2, Max: 0.6, Diff: 0.6, Sum: 1.8]
      [Update RS (ms): Min: 0.0, Avg: 0.1, Max: 0.2, Diff: 0.2, Sum: 1.1]
         [Processed Buffers: Min: 0, Avg: 1.6, Max: 3, Diff: 3, Sum: 16]
      [Scan RS (ms): Min: 0.0, Avg: 0.0, Max: 0.0, Diff: 0.0, Sum: 0.1]
      [Code Root Scanning (ms): Min: 0.0, Avg: 0.0, Max: 0.0, Diff: 0.0, Sum: 0.0]
      [Object Copy (ms): Min: 3.3, Avg: 3.7, Max: 3.8, Diff: 0.4, Sum: 36.6]
      [Termination (ms): Min: 0.0, Avg: 0.1, Max: 0.2, Diff: 0.2, Sum: 0.8]
         [Termination Attempts: Min: 1, Avg: 1.3, Max: 2, Diff: 1, Sum: 13]
      [GC Worker Other (ms): Min: 0.0, Avg: 0.0, Max: 0.0, Diff: 0.0, Sum: 0.1]
      [GC Worker Total (ms): Min: 3.9, Avg: 4.0, Max: 4.1, Diff: 0.2, Sum: 40.4]
      [GC Worker End (ms): Min: 302.6, Avg: 302.6, Max: 302.6, Diff: 0.0]
   [Code Root Fixup: 0.0 ms]
   [Code Root Purge: 0.0 ms]
   [Clear CT: 0.1 ms]
   [Other: 0.3 ms]
      [Choose CSet: 0.0 ms]
      [Ref Proc: 0.1 ms]
      [Ref Enq: 0.0 ms]
      [Redirty Cards: 0.1 ms]
      [Humongous Register: 0.0 ms]
      [Humongous Reclaim: 0.0 ms]
      [Free CSet: 0.0 ms]
   [Eden: 89.0M(159.0M)->0.0B(165.0M) Survivors: 13.0M->22.0M Heap: 287.0M(510.0M)->203.8M(510.0M)]
 [Times: user=0.13 sys=0.00, real=0.00 secs] 
2020-11-18T15:22:30.100+0800: 0.303: [GC concurrent-root-region-scan-start]
2020-11-18T15:22:30.100+0800: 0.303: [GC concurrent-root-region-scan-end, 0.0001013 secs]
2020-11-18T15:22:30.100+0800: 0.303: [GC concurrent-mark-start]
2020-11-18T15:22:30.101+0800: 0.304: [GC concurrent-mark-end, 0.0009088 secs]
2020-11-18T15:22:30.101+0800: 0.304: [GC remark 2020-11-18T15:22:30.101+0800: 0.304: [Finalize Marking, 0.0000535 secs] 2020-11-18T15:22:30.101+0800: 0.304: [GC ref-proc, 0.0000741 secs] 2020-11-18T15:22:30.101+0800: 0.304: [Unloading, 0.0003418 secs], 0.0007845 secs]
 [Times: user=0.00 sys=0.00, real=0.00 secs] 
2020-11-18T15:22:30.102+0800: 0.305: [GC cleanup 211M->211M(510M), 0.0003429 secs]
 [Times: user=0.00 sys=0.00, real=0.00 secs] 
2020-11-18T15:22:30.129+0800: 0.332: [GC pause (G1 Evacuation Pause) (young), 0.0123821 secs]
   [Parallel Time: 8.1 ms, GC Workers: 10]
      [GC Worker Start (ms): Min: 331.7, Avg: 331.7, Max: 332.0, Diff: 0.3]
      [Ext Root Scanning (ms): Min: 0.0, Avg: 0.1, Max: 0.1, Diff: 0.1, Sum: 1.0]
      [Update RS (ms): Min: 0.0, Avg: 0.2, Max: 0.2, Diff: 0.2, Sum: 1.6]
         [Processed Buffers: Min: 0, Avg: 2.3, Max: 3, Diff: 3, Sum: 23]
      [Scan RS (ms): Min: 0.0, Avg: 0.0, Max: 0.0, Diff: 0.0, Sum: 0.1]
      [Code Root Scanning (ms): Min: 0.0, Avg: 0.0, Max: 0.0, Diff: 0.0, Sum: 0.0]
      [Object Copy (ms): Min: 7.5, Avg: 7.6, Max: 7.8, Diff: 0.2, Sum: 76.3]
      [Termination (ms): Min: 0.0, Avg: 0.1, Max: 0.2, Diff: 0.2, Sum: 1.4]
         [Termination Attempts: Min: 1, Avg: 1.0, Max: 1, Diff: 0, Sum: 10]
      [GC Worker Other (ms): Min: 0.0, Avg: 0.0, Max: 0.0, Diff: 0.0, Sum: 0.1]
      [GC Worker Total (ms): Min: 7.8, Avg: 8.0, Max: 8.1, Diff: 0.3, Sum: 80.4]
      [GC Worker End (ms): Min: 339.8, Avg: 339.8, Max: 339.8, Diff: 0.0]
   [Code Root Fixup: 0.0 ms]
   [Code Root Purge: 0.0 ms]
   [Clear CT: 0.1 ms]
   [Other: 4.2 ms]
      [Choose CSet: 0.0 ms]
      [Ref Proc: 0.1 ms]
      [Ref Enq: 0.0 ms]
      [Redirty Cards: 0.1 ms]
      [Humongous Register: 0.1 ms]
      [Humongous Reclaim: 0.0 ms]
      [Free CSet: 0.1 ms]
   [Eden: 165.0M(165.0M)->0.0B(313.0M) Survivors: 22.0M->24.0M Heap: 404.6M(510.0M)->260.8M(835.0M)]
 [Times: user=0.14 sys=0.02, real=0.01 secs] 
2020-11-18T15:22:30.241+0800: 0.443: [GC pause (G1 Humongous Allocation) (young) (initial-mark), 0.0136343 secs]
   [Parallel Time: 9.5 ms, GC Workers: 10]
      [GC Worker Start (ms): Min: 443.5, Avg: 443.6, Max: 443.6, Diff: 0.1]
      [Ext Root Scanning (ms): Min: 0.1, Avg: 0.1, Max: 0.2, Diff: 0.1, Sum: 1.1]
      [Update RS (ms): Min: 0.1, Avg: 0.1, Max: 0.3, Diff: 0.2, Sum: 1.3]
         [Processed Buffers: Min: 0, Avg: 1.8, Max: 2, Diff: 2, Sum: 18]
      [Scan RS (ms): Min: 0.0, Avg: 0.0, Max: 0.0, Diff: 0.0, Sum: 0.1]
      [Code Root Scanning (ms): Min: 0.0, Avg: 0.0, Max: 0.0, Diff: 0.0, Sum: 0.0]
      [Object Copy (ms): Min: 8.8, Avg: 8.9, Max: 9.0, Diff: 0.2, Sum: 89.2]
      [Termination (ms): Min: 0.0, Avg: 0.0, Max: 0.1, Diff: 0.1, Sum: 0.4]
         [Termination Attempts: Min: 1, Avg: 1.0, Max: 1, Diff: 0, Sum: 10]
      [GC Worker Other (ms): Min: 0.0, Avg: 0.0, Max: 0.0, Diff: 0.0, Sum: 0.2]
      [GC Worker Total (ms): Min: 9.2, Avg: 9.2, Max: 9.3, Diff: 0.1, Sum: 92.3]
      [GC Worker End (ms): Min: 452.8, Avg: 452.8, Max: 452.9, Diff: 0.0]
   [Code Root Fixup: 0.0 ms]
   [Code Root Purge: 0.0 ms]
   [Clear CT: 0.4 ms]
   [Other: 3.7 ms]
      [Choose CSet: 0.0 ms]
      [Ref Proc: 0.3 ms]
      [Ref Enq: 0.0 ms]
      [Redirty Cards: 0.3 ms]
      [Humongous Register: 0.1 ms]
      [Humongous Reclaim: 0.1 ms]
      [Free CSet: 0.1 ms]
   [Eden: 266.0M(313.0M)->0.0B(276.0M) Survivors: 24.0M->43.0M Heap: 593.5M(835.0M)->351.6M(1078.0M)]
 [Times: user=0.00 sys=0.00, real=0.01 secs] 
2020-11-18T15:22:30.255+0800: 0.457: [GC concurrent-root-region-scan-start]
2020-11-18T15:22:30.255+0800: 0.457: [GC concurrent-root-region-scan-end, 0.0001469 secs]
2020-11-18T15:22:30.255+0800: 0.457: [GC concurrent-mark-start]
2020-11-18T15:22:30.256+0800: 0.458: [GC concurrent-mark-end, 0.0012017 secs]
2020-11-18T15:22:30.256+0800: 0.459: [GC remark 2020-11-18T15:22:30.256+0800: 0.459: [Finalize Marking, 0.0002152 secs] 2020-11-18T15:22:30.256+0800: 0.459: [GC ref-proc, 0.0000734 secs] 2020-11-18T15:22:30.257+0800: 0.459: [Unloading, 0.0003898 secs], 0.0011419 secs]
 [Times: user=0.00 sys=0.00, real=0.00 secs] 
2020-11-18T15:22:30.257+0800: 0.460: [GC cleanup 355M->350M(1078M), 0.0005256 secs]
 [Times: user=0.00 sys=0.00, real=0.00 secs] 
2020-11-18T15:22:30.258+0800: 0.460: [GC concurrent-cleanup-start]
2020-11-18T15:22:30.258+0800: 0.460: [GC concurrent-cleanup-end, 0.0000081 secs]
2020-11-18T15:22:30.338+0800: 0.541: [GC pause (G1 Evacuation Pause) (young), 0.0133167 secs]
   [Parallel Time: 9.9 ms, GC Workers: 10]
      [GC Worker Start (ms): Min: 541.1, Avg: 541.1, Max: 541.2, Diff: 0.1]
      [Ext Root Scanning (ms): Min: 0.0, Avg: 0.1, Max: 0.2, Diff: 0.1, Sum: 0.9]
      [Update RS (ms): Min: 0.1, Avg: 0.2, Max: 0.8, Diff: 0.7, Sum: 2.0]
         [Processed Buffers: Min: 0, Avg: 1.9, Max: 3, Diff: 3, Sum: 19]
      [Scan RS (ms): Min: 0.0, Avg: 0.0, Max: 0.0, Diff: 0.0, Sum: 0.3]
      [Code Root Scanning (ms): Min: 0.0, Avg: 0.0, Max: 0.0, Diff: 0.0, Sum: 0.0]
      [Object Copy (ms): Min: 8.5, Avg: 9.2, Max: 9.3, Diff: 0.8, Sum: 92.0]
      [Termination (ms): Min: 0.0, Avg: 0.0, Max: 0.1, Diff: 0.1, Sum: 0.3]
         [Termination Attempts: Min: 1, Avg: 1.0, Max: 1, Diff: 0, Sum: 10]
      [GC Worker Other (ms): Min: 0.0, Avg: 0.0, Max: 0.1, Diff: 0.1, Sum: 0.5]
      [GC Worker Total (ms): Min: 9.6, Avg: 9.6, Max: 9.6, Diff: 0.1, Sum: 96.0]
      [GC Worker End (ms): Min: 550.7, Avg: 550.7, Max: 550.8, Diff: 0.0]
   [Code Root Fixup: 0.0 ms]
   [Code Root Purge: 0.0 ms]
   [Clear CT: 0.6 ms]
   [Other: 2.9 ms]
      [Choose CSet: 0.0 ms]
      [Ref Proc: 0.1 ms]
      [Ref Enq: 0.0 ms]
      [Redirty Cards: 0.2 ms]
      [Humongous Register: 0.1 ms]
      [Humongous Reclaim: 0.1 ms]
      [Free CSet: 0.1 ms]
   [Eden: 276.0M(276.0M)->0.0B(23.0M) Survivors: 43.0M->40.0M Heap: 706.5M(1078.0M)->435.0M(1272.0M)]
 [Times: user=0.00 sys=0.00, real=0.01 secs] 
2020-11-18T15:22:30.358+0800: 0.561: [GC pause (G1 Evacuation Pause) (mixed), 0.0076804 secs]
   [Parallel Time: 4.9 ms, GC Workers: 10]
      [GC Worker Start (ms): Min: 561.6, Avg: 561.6, Max: 561.7, Diff: 0.1]
      [Ext Root Scanning (ms): Min: 0.1, Avg: 0.1, Max: 0.1, Diff: 0.1, Sum: 1.0]
      [Update RS (ms): Min: 0.1, Avg: 0.2, Max: 0.4, Diff: 0.2, Sum: 1.8]
         [Processed Buffers: Min: 0, Avg: 2.6, Max: 3, Diff: 3, Sum: 26]
      [Scan RS (ms): Min: 0.0, Avg: 0.0, Max: 0.1, Diff: 0.1, Sum: 0.2]
      [Code Root Scanning (ms): Min: 0.0, Avg: 0.0, Max: 0.0, Diff: 0.0, Sum: 0.0]
      [Object Copy (ms): Min: 4.1, Avg: 4.3, Max: 4.4, Diff: 0.3, Sum: 42.7]
      [Termination (ms): Min: 0.0, Avg: 0.1, Max: 0.2, Diff: 0.2, Sum: 1.3]
         [Termination Attempts: Min: 1, Avg: 1.3, Max: 2, Diff: 1, Sum: 13]
      [GC Worker Other (ms): Min: 0.0, Avg: 0.0, Max: 0.0, Diff: 0.0, Sum: 0.1]
      [GC Worker Total (ms): Min: 4.7, Avg: 4.7, Max: 4.8, Diff: 0.1, Sum: 47.1]
      [GC Worker End (ms): Min: 566.3, Avg: 566.3, Max: 566.3, Diff: 0.0]
   [Code Root Fixup: 0.0 ms]
   [Code Root Purge: 0.0 ms]
   [Clear CT: 0.3 ms]
   [Other: 2.5 ms]
      [Choose CSet: 0.0 ms]
      [Ref Proc: 0.1 ms]
      [Ref Enq: 0.0 ms]
      [Redirty Cards: 0.3 ms]
      [Humongous Register: 0.1 ms]
      [Humongous Reclaim: 0.0 ms]
      [Free CSet: 0.1 ms]
   [Eden: 23.0M(23.0M)->0.0B(394.0M) Survivors: 40.0M->7168.0K Heap: 464.0M(1272.0M)->415.2M(1428.0M)]
 [Times: user=0.03 sys=0.00, real=0.01 secs] 
2020-11-18T15:22:30.481+0800: 0.684: [GC pause (G1 Evacuation Pause) (young), 0.0122739 secs]
   [Parallel Time: 9.9 ms, GC Workers: 10]
      [GC Worker Start (ms): Min: 684.1, Avg: 684.2, Max: 684.2, Diff: 0.1]
      [Ext Root Scanning (ms): Min: 0.0, Avg: 0.1, Max: 0.1, Diff: 0.1, Sum: 0.9]
      [Update RS (ms): Min: 0.1, Avg: 0.2, Max: 0.9, Diff: 0.7, Sum: 2.3]
         [Processed Buffers: Min: 0, Avg: 2.3, Max: 4, Diff: 4, Sum: 23]
      [Scan RS (ms): Min: 0.0, Avg: 0.0, Max: 0.0, Diff: 0.0, Sum: 0.3]
      [Code Root Scanning (ms): Min: 0.0, Avg: 0.0, Max: 0.0, Diff: 0.0, Sum: 0.0]
      [Object Copy (ms): Min: 8.6, Avg: 9.3, Max: 9.4, Diff: 0.8, Sum: 92.6]
      [Termination (ms): Min: 0.0, Avg: 0.1, Max: 0.1, Diff: 0.1, Sum: 0.7]
         [Termination Attempts: Min: 1, Avg: 1.1, Max: 2, Diff: 1, Sum: 11]
      [GC Worker Other (ms): Min: 0.0, Avg: 0.0, Max: 0.0, Diff: 0.0, Sum: 0.2]
      [GC Worker Total (ms): Min: 9.7, Avg: 9.7, Max: 9.8, Diff: 0.1, Sum: 97.0]
      [GC Worker End (ms): Min: 693.9, Avg: 693.9, Max: 693.9, Diff: 0.0]
   [Code Root Fixup: 0.0 ms]
   [Code Root Purge: 0.0 ms]
   [Clear CT: 0.2 ms]
   [Other: 2.1 ms]
      [Choose CSet: 0.0 ms]
      [Ref Proc: 0.1 ms]
      [Ref Enq: 0.0 ms]
      [Redirty Cards: 0.2 ms]
      [Humongous Register: 0.1 ms]
      [Humongous Reclaim: 0.1 ms]
      [Free CSet: 0.1 ms]
   [Eden: 394.0M(394.0M)->0.0B(561.0M) Survivors: 7168.0K->51.0M Heap: 910.8M(1428.0M)->530.9M(1552.0M)]
 [Times: user=0.16 sys=0.00, real=0.01 secs] 
2020-11-18T15:22:30.576+0800: 0.778: [GC pause (G1 Humongous Allocation) (young) (initial-mark), 0.0153552 secs]
   [Parallel Time: 12.5 ms, GC Workers: 10]
      [GC Worker Start (ms): Min: 778.5, Avg: 778.6, Max: 778.6, Diff: 0.1]
      [Ext Root Scanning (ms): Min: 0.1, Avg: 0.1, Max: 0.2, Diff: 0.1, Sum: 0.9]
      [Update RS (ms): Min: 0.2, Avg: 0.2, Max: 0.5, Diff: 0.4, Sum: 2.3]
         [Processed Buffers: Min: 0, Avg: 2.8, Max: 4, Diff: 4, Sum: 28]
      [Scan RS (ms): Min: 0.0, Avg: 0.0, Max: 0.1, Diff: 0.1, Sum: 0.4]
      [Code Root Scanning (ms): Min: 0.0, Avg: 0.0, Max: 0.0, Diff: 0.0, Sum: 0.0]
      [Object Copy (ms): Min: 11.6, Avg: 11.9, Max: 12.0, Diff: 0.3, Sum: 119.1]
      [Termination (ms): Min: 0.0, Avg: 0.0, Max: 0.1, Diff: 0.1, Sum: 0.3]
         [Termination Attempts: Min: 1, Avg: 1.0, Max: 1, Diff: 0, Sum: 10]
      [GC Worker Other (ms): Min: 0.0, Avg: 0.0, Max: 0.0, Diff: 0.0, Sum: 0.3]
      [GC Worker Total (ms): Min: 12.3, Avg: 12.3, Max: 12.4, Diff: 0.1, Sum: 123.2]
      [GC Worker End (ms): Min: 790.9, Avg: 790.9, Max: 790.9, Diff: 0.0]
   [Code Root Fixup: 0.0 ms]
   [Code Root Purge: 0.0 ms]
   [Clear CT: 0.5 ms]
   [Other: 2.4 ms]
      [Choose CSet: 0.0 ms]
      [Ref Proc: 0.2 ms]
      [Ref Enq: 0.0 ms]
      [Redirty Cards: 0.3 ms]
      [Humongous Register: 0.1 ms]
      [Humongous Reclaim: 0.1 ms]
      [Free CSet: 0.1 ms]
   [Eden: 410.0M(561.0M)->0.0B(644.0M) Survivors: 51.0M->77.0M Heap: 1040.5M(1552.0M)->627.9M(1652.0M)]
 [Times: user=0.14 sys=0.01, real=0.02 secs] 
2020-11-18T15:22:30.591+0800: 0.794: [GC concurrent-root-region-scan-start]
2020-11-18T15:22:30.591+0800: 0.794: [GC concurrent-root-region-scan-end, 0.0001315 secs]
2020-11-18T15:22:30.591+0800: 0.794: [GC concurrent-mark-start]
2020-11-18T15:22:30.593+0800: 0.795: [GC concurrent-mark-end, 0.0012225 secs]
2020-11-18T15:22:30.593+0800: 0.795: [GC remark 2020-11-18T15:22:30.593+0800: 0.795: [Finalize Marking, 0.0001894 secs] 2020-11-18T15:22:30.593+0800: 0.795: [GC ref-proc, 0.0000731 secs] 2020-11-18T15:22:30.593+0800: 0.796: [Unloading, 0.0004441 secs], 0.0014182 secs]
 [Times: user=0.00 sys=0.00, real=0.00 secs] 
2020-11-18T15:22:30.594+0800: 0.797: [GC cleanup 633M->589M(1652M), 0.0008651 secs]
 [Times: user=0.00 sys=0.00, real=0.00 secs] 
2020-11-18T15:22:30.595+0800: 0.798: [GC concurrent-cleanup-start]
2020-11-18T15:22:30.595+0800: 0.798: [GC concurrent-cleanup-end, 0.0000259 secs]
2020-11-18T15:22:30.702+0800: 0.906: [GC pause (G1 Evacuation Pause) (young), 0.0212012 secs]
   [Parallel Time: 18.9 ms, GC Workers: 10]
      [GC Worker Start (ms): Min: 905.9, Avg: 905.9, Max: 906.0, Diff: 0.1]
      [Ext Root Scanning (ms): Min: 0.0, Avg: 0.1, Max: 0.2, Diff: 0.1, Sum: 1.0]
      [Update RS (ms): Min: 0.1, Avg: 0.3, Max: 1.2, Diff: 1.1, Sum: 2.7]
         [Processed Buffers: Min: 0, Avg: 2.4, Max: 3, Diff: 3, Sum: 24]
      [Scan RS (ms): Min: 0.0, Avg: 0.1, Max: 0.1, Diff: 0.1, Sum: 0.6]
      [Code Root Scanning (ms): Min: 0.0, Avg: 0.0, Max: 0.0, Diff: 0.0, Sum: 0.0]
      [Object Copy (ms): Min: 17.3, Avg: 18.2, Max: 18.4, Diff: 1.1, Sum: 182.3]
      [Termination (ms): Min: 0.0, Avg: 0.1, Max: 0.1, Diff: 0.1, Sum: 0.7]
         [Termination Attempts: Min: 1, Avg: 1.1, Max: 2, Diff: 1, Sum: 11]
      [GC Worker Other (ms): Min: 0.0, Avg: 0.0, Max: 0.1, Diff: 0.1, Sum: 0.4]
      [GC Worker Total (ms): Min: 18.7, Avg: 18.8, Max: 18.8, Diff: 0.1, Sum: 187.6]
      [GC Worker End (ms): Min: 924.7, Avg: 924.7, Max: 924.7, Diff: 0.0]
   [Code Root Fixup: 0.0 ms]
   [Code Root Purge: 0.0 ms]
   [Clear CT: 0.3 ms]
   [Other: 2.0 ms]
      [Choose CSet: 0.0 ms]
      [Ref Proc: 0.2 ms]
      [Ref Enq: 0.0 ms]
      [Redirty Cards: 0.3 ms]
      [Humongous Register: 0.1 ms]
      [Humongous Reclaim: 0.2 ms]
      [Free CSet: 0.2 ms]
   [Eden: 644.0M(644.0M)->0.0B(6144.0K) Survivors: 77.0M->91.0M Heap: 1387.6M(1652.0M)->686.8M(1794.0M)]
 [Times: user=0.16 sys=0.02, real=0.02 secs] 
2020-11-18T15:22:30.726+0800: 0.929: [GC pause (G1 Evacuation Pause) (mixed), 0.0116081 secs]
   [Parallel Time: 9.7 ms, GC Workers: 10]
      [GC Worker Start (ms): Min: 929.0, Avg: 929.1, Max: 929.1, Diff: 0.1]
      [Ext Root Scanning (ms): Min: 0.1, Avg: 0.1, Max: 0.1, Diff: 0.1, Sum: 0.9]
      [Update RS (ms): Min: 0.1, Avg: 0.1, Max: 0.1, Diff: 0.0, Sum: 0.7]
         [Processed Buffers: Min: 1, Avg: 1.6, Max: 2, Diff: 1, Sum: 16]
      [Scan RS (ms): Min: 0.0, Avg: 0.0, Max: 0.1, Diff: 0.0, Sum: 0.3]
      [Code Root Scanning (ms): Min: 0.0, Avg: 0.0, Max: 0.0, Diff: 0.0, Sum: 0.0]
      [Object Copy (ms): Min: 9.1, Avg: 9.2, Max: 9.2, Diff: 0.1, Sum: 91.6]
      [Termination (ms): Min: 0.0, Avg: 0.1, Max: 0.1, Diff: 0.1, Sum: 0.5]
         [Termination Attempts: Min: 1, Avg: 1.0, Max: 1, Diff: 0, Sum: 10]
      [GC Worker Other (ms): Min: 0.0, Avg: 0.0, Max: 0.0, Diff: 0.0, Sum: 0.1]
      [GC Worker Total (ms): Min: 9.4, Avg: 9.4, Max: 9.5, Diff: 0.1, Sum: 94.3]
      [GC Worker End (ms): Min: 938.5, Avg: 938.5, Max: 938.5, Diff: 0.0]
   [Code Root Fixup: 0.0 ms]
   [Code Root Purge: 0.0 ms]
   [Clear CT: 0.3 ms]
   [Other: 1.7 ms]
      [Choose CSet: 0.0 ms]
      [Ref Proc: 0.2 ms]
      [Ref Enq: 0.0 ms]
      [Redirty Cards: 0.3 ms]
      [Humongous Register: 0.1 ms]
      [Humongous Reclaim: 0.0 ms]
      [Free CSet: 0.2 ms]
   [Eden: 6144.0K(6144.0K)->0.0B(751.0M) Survivors: 91.0M->2048.0K Heap: 693.3M(1794.0M)->548.0M(1845.0M)]
 [Times: user=0.00 sys=0.00, real=0.01 secs] 
2020-11-18T15:22:30.833+0800: 1.036: [GC pause (G1 Humongous Allocation) (young) (initial-mark), 0.0145035 secs]
   [Parallel Time: 12.6 ms, GC Workers: 10]
      [GC Worker Start (ms): Min: 1036.2, Avg: 1036.3, Max: 1036.4, Diff: 0.2]
      [Ext Root Scanning (ms): Min: 0.0, Avg: 0.3, Max: 1.7, Diff: 1.7, Sum: 2.9]
      [Update RS (ms): Min: 0.0, Avg: 0.3, Max: 0.8, Diff: 0.8, Sum: 2.9]
         [Processed Buffers: Min: 0, Avg: 3.2, Max: 5, Diff: 5, Sum: 32]
      [Scan RS (ms): Min: 0.0, Avg: 0.0, Max: 0.1, Diff: 0.0, Sum: 0.4]
      [Code Root Scanning (ms): Min: 0.0, Avg: 0.0, Max: 0.0, Diff: 0.0, Sum: 0.0]
      [Object Copy (ms): Min: 10.8, Avg: 11.8, Max: 12.0, Diff: 1.2, Sum: 117.9]
      [Termination (ms): Min: 0.0, Avg: 0.0, Max: 0.1, Diff: 0.1, Sum: 0.4]
         [Termination Attempts: Min: 1, Avg: 3.3, Max: 5, Diff: 4, Sum: 33]
      [GC Worker Other (ms): Min: 0.0, Avg: 0.0, Max: 0.0, Diff: 0.0, Sum: 0.3]
      [GC Worker Total (ms): Min: 12.4, Avg: 12.5, Max: 12.6, Diff: 0.2, Sum: 124.8]
      [GC Worker End (ms): Min: 1048.7, Avg: 1048.7, Max: 1048.8, Diff: 0.0]
   [Code Root Fixup: 0.0 ms]
   [Code Root Purge: 0.0 ms]
   [Clear CT: 0.3 ms]
   [Other: 1.6 ms]
      [Choose CSet: 0.0 ms]
      [Ref Proc: 0.2 ms]
      [Ref Enq: 0.0 ms]
      [Redirty Cards: 0.2 ms]
      [Humongous Register: 0.1 ms]
      [Humongous Reclaim: 0.2 ms]
      [Free CSet: 0.2 ms]
   [Eden: 505.0M(751.0M)->0.0B(5120.0K) Survivors: 2048.0K->95.0M Heap: 1194.2M(1845.0M)->688.0M(1886.0M)]
 [Times: user=0.00 sys=0.00, real=0.02 secs] 
2020-11-18T15:22:30.848+0800: 1.051: [GC concurrent-root-region-scan-start]
2020-11-18T15:22:30.848+0800: 1.051: [GC concurrent-root-region-scan-end, 0.0002843 secs]
2020-11-18T15:22:30.848+0800: 1.051: [GC concurrent-mark-start]
2020-11-18T15:22:30.849+0800: 1.052: [GC concurrent-mark-end, 0.0011874 secs]
2020-11-18T15:22:30.849+0800: 1.052: [GC remark 2020-11-18T15:22:30.849+0800: 1.052: [Finalize Marking, 0.0002610 secs] 2020-11-18T15:22:30.850+0800: 1.052: [GC ref-proc, 0.0000739 secs] 2020-11-18T15:22:30.850+0800: 1.053: [Unloading, 0.0004048 secs], 0.0013404 secs]
 [Times: user=0.00 sys=0.00, real=0.00 secs] 
2020-11-18T15:22:30.851+0800: 1.054: [GC cleanup 693M->606M(1886M), 0.0007060 secs]
 [Times: user=0.00 sys=0.00, real=0.00 secs] 
2020-11-18T15:22:30.852+0800: 1.054: [GC concurrent-cleanup-start]
2020-11-18T15:22:30.852+0800: 1.054: [GC concurrent-cleanup-end, 0.0000614 secs]
2020-11-18T15:22:30.852+0800: 1.055: [GC pause (G1 Evacuation Pause) (young), 0.0092694 secs]
   [Parallel Time: 8.3 ms, GC Workers: 10]
      [GC Worker Start (ms): Min: 1054.8, Avg: 1054.8, Max: 1054.9, Diff: 0.1]
      [Ext Root Scanning (ms): Min: 0.1, Avg: 0.1, Max: 0.1, Diff: 0.0, Sum: 1.1]
      [Update RS (ms): Min: 0.1, Avg: 0.1, Max: 0.1, Diff: 0.0, Sum: 1.0]
         [Processed Buffers: Min: 2, Avg: 2.2, Max: 3, Diff: 1, Sum: 22]
      [Scan RS (ms): Min: 0.0, Avg: 0.0, Max: 0.0, Diff: 0.0, Sum: 0.0]
      [Code Root Scanning (ms): Min: 0.0, Avg: 0.0, Max: 0.0, Diff: 0.0, Sum: 0.0]
      [Object Copy (ms): Min: 7.9, Avg: 7.9, Max: 8.0, Diff: 0.1, Sum: 79.2]
      [Termination (ms): Min: 0.0, Avg: 0.0, Max: 0.1, Diff: 0.1, Sum: 0.3]
         [Termination Attempts: Min: 1, Avg: 1.0, Max: 1, Diff: 0, Sum: 10]
      [GC Worker Other (ms): Min: 0.0, Avg: 0.0, Max: 0.0, Diff: 0.0, Sum: 0.1]
      [GC Worker Total (ms): Min: 8.2, Avg: 8.2, Max: 8.2, Diff: 0.1, Sum: 81.9]
      [GC Worker End (ms): Min: 1063.0, Avg: 1063.0, Max: 1063.1, Diff: 0.0]
   [Code Root Fixup: 0.0 ms]
   [Code Root Purge: 0.0 ms]
   [Clear CT: 0.1 ms]
   [Other: 0.9 ms]
      [Choose CSet: 0.0 ms]
      [Ref Proc: 0.1 ms]
      [Ref Enq: 0.0 ms]
      [Redirty Cards: 0.1 ms]
      [Humongous Register: 0.1 ms]
      [Humongous Reclaim: 0.0 ms]
      [Free CSet: 0.1 ms]
   [Eden: 5120.0K(5120.0K)->0.0B(94.0M) Survivors: 95.0M->1024.0K Heap: 607.3M(1886.0M)->601.3M(1919.0M)]
 [Times: user=0.00 sys=0.00, real=0.01 secs] 
Heap
 garbage-first heap   total 1965056K, used 699779K [0x0000000080000000, 0x0000000080103bf8, 0x0000000100000000)
  region size 1024K, 67 young (68608K), 1 survivors (1024K)
 Metaspace       used 3805K, capacity 4540K, committed 4864K, reserved 1056768K
  class space    used 420K, capacity 428K, committed 512K, reserved 1048576K
