Java HotSpot(TM) 64-Bit Server VM (25.271-b09) for windows-amd64 JRE (1.8.0_271-b09), built on Sep 16 2020 19:14:59 by "" with MS VC++ 15.9 (VS2017)
Memory: 4k page, physical 16707876k(8485940k free), swap 19198244k(7571552k free)
CommandLine flags: -XX:InitialHeapSize=267326016 -XX:MaxHeapSize=268435456 -XX:+PrintGC -XX:+PrintGCDateStamps -XX:+PrintGCDetails -XX:+PrintGCTimeStamps -XX:+UseCompressedClassPointers -XX:+UseCompressedOops -XX:-UseLargePagesIndividualAllocation -XX:+UseSerialGC 
2020-11-15T00:19:38.927+0800: 0.203: [GC (Allocation Failure) 2020-11-15T00:19:38.927+0800: 0.203: [DefNew: 69952K->8704K(78656K), 0.0127031 secs] 69952K->25308K(253440K), 0.0128102 secs] [Times: user=0.02 sys=0.02, real=0.02 secs] 
2020-11-15T00:19:38.959+0800: 0.231: [GC (Allocation Failure) 2020-11-15T00:19:38.959+0800: 0.231: [DefNew: 78656K->8702K(78656K), 0.0144828 secs] 95260K->49235K(253440K), 0.0145430 secs] [Times: user=0.00 sys=0.01, real=0.01 secs] 
2020-11-15T00:19:38.990+0800: 0.256: [GC (Allocation Failure) 2020-11-15T00:19:38.990+0800: 0.256: [DefNew: 78654K->8702K(78656K), 0.0115308 secs] 119187K->73679K(253440K), 0.0116031 secs] [Times: user=0.00 sys=0.02, real=0.02 secs] 
2020-11-15T00:19:39.006+0800: 0.278: [GC (Allocation Failure) 2020-11-15T00:19:39.006+0800: 0.278: [DefNew: 78597K->8702K(78656K), 0.0122657 secs] 143574K->99180K(253440K), 0.0123213 secs] [Times: user=0.02 sys=0.00, real=0.01 secs] 
2020-11-15T00:19:39.037+0800: 0.300: [GC (Allocation Failure) 2020-11-15T00:19:39.037+0800: 0.300: [DefNew: 78572K->8700K(78656K), 0.0116654 secs] 169049K->123617K(253440K), 0.0117358 secs] [Times: user=0.00 sys=0.00, real=0.00 secs] 
2020-11-15T00:19:39.052+0800: 0.324: [GC (Allocation Failure) 2020-11-15T00:19:39.052+0800: 0.324: [DefNew: 78652K->8703K(78656K), 0.0121502 secs] 193569K->148731K(253440K), 0.0122118 secs] [Times: user=0.00 sys=0.00, real=0.01 secs] 
2020-11-15T00:19:39.082+0800: 0.349: [GC (Allocation Failure) 2020-11-15T00:19:39.082+0800: 0.349: [DefNew: 78655K->8703K(78656K), 0.0130982 secs] 218683K->175633K(253440K), 0.0131621 secs] [Times: user=0.00 sys=0.02, real=0.02 secs] 
2020-11-15T00:19:39.098+0800: 0.374: [GC (Allocation Failure) 2020-11-15T00:19:39.098+0800: 0.374: [DefNew: 78431K->78431K(78656K), 0.0000130 secs]2020-11-15T00:19:39.098+0800: 0.374: [Tenured: 166929K->172449K(174784K), 0.0295273 secs] 245360K->172449K(253440K), [Metaspace: 3348K->3348K(1056768K)], 0.0296049 secs] [Times: user=0.03 sys=0.00, real=0.03 secs] 
2020-11-15T00:19:39.145+0800: 0.412: [GC (Allocation Failure) 2020-11-15T00:19:39.145+0800: 0.412: [DefNew: 69952K->69952K(78656K), 0.0000139 secs]2020-11-15T00:19:39.145+0800: 0.412: [Tenured: 172449K->174729K(174784K), 0.0312378 secs] 242401K->189750K(253440K), [Metaspace: 3349K->3349K(1056768K)], 0.0313158 secs] [Times: user=0.03 sys=0.00, real=0.03 secs] 
2020-11-15T00:19:39.176+0800: 0.453: [Full GC (Allocation Failure) 2020-11-15T00:19:39.176+0800: 0.453: [Tenured: 174729K->174744K(174784K), 0.0332129 secs] 253058K->200989K(253440K), [Metaspace: 3349K->3349K(1056768K)], 0.0332784 secs] [Times: user=0.05 sys=0.00, real=0.05 secs] 
2020-11-15T00:19:39.223+0800: 0.492: [Full GC (Allocation Failure) 2020-11-15T00:19:39.223+0800: 0.492: [Tenured: 174744K->174472K(174784K), 0.0354201 secs] 253400K->204420K(253440K), [Metaspace: 3349K->3349K(1056768K)], 0.0354967 secs] [Times: user=0.03 sys=0.00, real=0.03 secs] 
2020-11-15T00:19:39.270+0800: 0.534: [Full GC (Allocation Failure) 2020-11-15T00:19:39.270+0800: 0.534: [Tenured: 174472K->174775K(174784K), 0.0131409 secs] 252920K->217313K(253440K), [Metaspace: 3349K->3349K(1056768K)], 0.0132064 secs] [Times: user=0.02 sys=0.00, real=0.02 secs] 
2020-11-15T00:19:39.285+0800: 0.552: [Full GC (Allocation Failure) 2020-11-15T00:19:39.285+0800: 0.552: [Tenured: 174775K->174597K(174784K), 0.0222209 secs] 253421K->220403K(253440K), [Metaspace: 3349K->3349K(1056768K)], 0.0222821 secs] [Times: user=0.02 sys=0.00, real=0.02 secs] 
2020-11-15T00:19:39.317+0800: 0.579: [Full GC (Allocation Failure) 2020-11-15T00:19:39.317+0800: 0.579: [Tenured: 174597K->174586K(174784K), 0.0228878 secs] 253241K->224059K(253440K), [Metaspace: 3349K->3349K(1056768K)], 0.0229481 secs] [Times: user=0.02 sys=0.00, real=0.02 secs] 
2020-11-15T00:19:39.332+0800: 0.606: [Full GC (Allocation Failure) 2020-11-15T00:19:39.332+0800: 0.606: [Tenured: 174712K->174720K(174784K), 0.0383608 secs] 253351K->219739K(253440K), [Metaspace: 3349K->3349K(1056768K)], 0.0393037 secs] [Times: user=0.05 sys=0.00, real=0.05 secs] 
2020-11-15T00:19:39.380+0800: 0.650: [Full GC (Allocation Failure) 2020-11-15T00:19:39.380+0800: 0.650: [Tenured: 174720K->174720K(174784K), 0.0088386 secs] 253366K->228395K(253440K), [Metaspace: 3349K->3349K(1056768K)], 0.0089073 secs] [Times: user=0.02 sys=0.00, real=0.02 secs] 
2020-11-15T00:19:39.396+0800: 0.662: [Full GC (Allocation Failure) 2020-11-15T00:19:39.396+0800: 0.662: [Tenured: 174720K->174668K(174784K), 0.0169179 secs] 253363K->237962K(253440K), [Metaspace: 3349K->3349K(1056768K)], 0.0169943 secs] [Times: user=0.02 sys=0.00, real=0.02 secs] 
2020-11-15T00:19:39.412+0800: 0.681: [Full GC (Allocation Failure) 2020-11-15T00:19:39.412+0800: 0.681: [Tenured: 174682K->174626K(174784K), 0.0222063 secs] 253337K->239999K(253440K), [Metaspace: 3349K->3349K(1056768K)], 0.0222826 secs] [Times: user=0.02 sys=0.00, real=0.02 secs] 
2020-11-15T00:19:39.443+0800: 0.705: [Full GC (Allocation Failure) 2020-11-15T00:19:39.443+0800: 0.705: [Tenured: 174698K->174622K(174784K), 0.0382781 secs] 253313K->232394K(253440K), [Metaspace: 3349K->3349K(1056768K)], 0.0383326 secs] [Times: user=0.03 sys=0.00, real=0.03 secs] 
2020-11-15T00:19:39.474+0800: 0.746: [Full GC (Allocation Failure) 2020-11-15T00:19:39.474+0800: 0.746: [Tenured: 174622K->174622K(174784K), 0.0077321 secs] 253040K->239823K(253440K), [Metaspace: 3349K->3349K(1056768K)], 0.0077821 secs] [Times: user=0.02 sys=0.00, real=0.02 secs] 
2020-11-15T00:19:39.490+0800: 0.756: [Full GC (Allocation Failure) 2020-11-15T00:19:39.490+0800: 0.756: [Tenured: 174622K->174622K(174784K), 0.0071084 secs] 252727K->242290K(253440K), [Metaspace: 3349K->3349K(1056768K)], 0.0071558 secs] [Times: user=0.00 sys=0.00, real=0.00 secs] 
2020-11-15T00:19:39.490+0800: 0.765: [Full GC (Allocation Failure) 2020-11-15T00:19:39.490+0800: 0.765: [Tenured: 174622K->174622K(174784K), 0.0131084 secs] 253260K->246312K(253440K), [Metaspace: 3349K->3349K(1056768K)], 0.0131516 secs] [Times: user=0.02 sys=0.00, real=0.02 secs] 
2020-11-15T00:19:39.505+0800: 0.779: [Full GC (Allocation Failure) 2020-11-15T00:19:39.505+0800: 0.779: [Tenured: 174622K->174341K(174784K), 0.0443596 secs] 253021K->242131K(253440K), [Metaspace: 3349K->3349K(1056768K)], 0.0444125 secs] [Times: user=0.05 sys=0.00, real=0.05 secs] 
2020-11-15T00:19:39.552+0800: 0.825: [Full GC (Allocation Failure) 2020-11-15T00:19:39.552+0800: 0.825: [Tenured: 174539K->174539K(174784K), 0.0072405 secs] 253192K->244018K(253440K), [Metaspace: 3349K->3349K(1056768K)], 0.0073025 secs] [Times: user=0.01 sys=0.00, real=0.02 secs] 
2020-11-15T00:19:39.568+0800: 0.834: [Full GC (Allocation Failure) 2020-11-15T00:19:39.568+0800: 0.834: [Tenured: 174539K->174539K(174784K), 0.0020956 secs] 253193K->245249K(253440K), [Metaspace: 3349K->3349K(1056768K)], 0.0021513 secs] [Times: user=0.00 sys=0.00, real=0.00 secs] 
2020-11-15T00:19:39.568+0800: 0.837: [Full GC (Allocation Failure) 2020-11-15T00:19:39.568+0800: 0.837: [Tenured: 174539K->174539K(174784K), 0.0120365 secs] 252928K->248128K(253440K), [Metaspace: 3349K->3349K(1056768K)], 0.0120988 secs] [Times: user=0.02 sys=0.00, real=0.02 secs] 
2020-11-15T00:19:39.584+0800: 0.850: [Full GC (Allocation Failure) 2020-11-15T00:19:39.584+0800: 0.850: [Tenured: 174539K->174368K(174784K), 0.0397172 secs] 253156K->245242K(253440K), [Metaspace: 3349K->3349K(1056768K)], 0.0397631 secs] [Times: user=0.03 sys=0.00, real=0.03 secs] 
2020-11-15T00:19:39.615+0800: 0.891: [Full GC (Allocation Failure) 2020-11-15T00:19:39.615+0800: 0.891: [Tenured: 174540K->174540K(174784K), 0.0103092 secs] 253092K->246854K(253440K), [Metaspace: 3349K->3349K(1056768K)], 0.0103557 secs] [Times: user=0.02 sys=0.00, real=0.02 secs] 
2020-11-15T00:19:39.630+0800: 0.902: [Full GC (Allocation Failure) 2020-11-15T00:19:39.630+0800: 0.902: [Tenured: 174540K->174540K(174784K), 0.0107334 secs] 252678K->248568K(253440K), [Metaspace: 3349K->3349K(1056768K)], 0.0107853 secs] [Times: user=0.02 sys=0.00, real=0.02 secs] 
2020-11-15T00:19:39.646+0800: 0.914: [Full GC (Allocation Failure) 2020-11-15T00:19:39.646+0800: 0.914: [Tenured: 174733K->174733K(174784K), 0.0020278 secs] 253378K->251507K(253440K), [Metaspace: 3349K->3349K(1056768K)], 0.0020721 secs] [Times: user=0.00 sys=0.00, real=0.00 secs] 
2020-11-15T00:19:39.646+0800: 0.917: [Full GC (Allocation Failure) 2020-11-15T00:19:39.646+0800: 0.917: [Tenured: 174769K->174602K(174784K), 0.0380500 secs] 253401K->249540K(253440K), [Metaspace: 3349K->3349K(1056768K)], 0.0380923 secs] [Times: user=0.03 sys=0.00, real=0.03 secs] 
2020-11-15T00:19:39.693+0800: 0.956: [Full GC (Allocation Failure) 2020-11-15T00:19:39.693+0800: 0.956: [Tenured: 174746K->174746K(174784K), 0.0094855 secs] 253309K->251448K(253440K), [Metaspace: 3349K->3349K(1056768K)], 0.0095450 secs] [Times: user=0.00 sys=0.00, real=0.00 secs] 
2020-11-15T00:19:39.693+0800: 0.966: [Full GC (Allocation Failure) 2020-11-15T00:19:39.693+0800: 0.966: [Tenured: 174746K->174746K(174784K), 0.0033646 secs] 253210K->251275K(253440K), [Metaspace: 3349K->3349K(1056768K)], 0.0034183 secs] [Times: user=0.00 sys=0.00, real=0.00 secs] 
2020-11-15T00:19:39.693+0800: 0.970: [Full GC (Allocation Failure) 2020-11-15T00:19:39.693+0800: 0.970: [Tenured: 174782K->174782K(174784K), 0.0101410 secs] 253419K->252084K(253440K), [Metaspace: 3349K->3349K(1056768K)], 0.0101864 secs] [Times: user=0.02 sys=0.00, real=0.01 secs] 
2020-11-15T00:19:39.708+0800: 0.980: [Full GC (Allocation Failure) 2020-11-15T00:19:39.708+0800: 0.980: [Tenured: 174782K->174765K(174784K), 0.0492193 secs] 253315K->249989K(253440K), [Metaspace: 3349K->3349K(1056768K)], 0.0492759 secs] [Times: user=0.05 sys=0.00, real=0.05 secs] 
2020-11-15T00:19:39.756+0800: 1.030: [Full GC (Allocation Failure) 2020-11-15T00:19:39.756+0800: 1.030: [Tenured: 174765K->174765K(174784K), 0.0021486 secs] 253404K->251039K(253440K), [Metaspace: 3358K->3358K(1056768K)], 0.0021926 secs] [Times: user=0.00 sys=0.00, real=0.00 secs] 
2020-11-15T00:19:39.756+0800: 1.033: [Full GC (Allocation Failure) 2020-11-15T00:19:39.756+0800: 1.033: [Tenured: 174765K->174765K(174784K), 0.0026625 secs] 253234K->251942K(253440K), [Metaspace: 3367K->3367K(1056768K)], 0.0027092 secs] [Times: user=0.02 sys=0.00, real=0.02 secs] 
2020-11-15T00:19:39.772+0800: 1.036: [Full GC (Allocation Failure) 2020-11-15T00:19:39.772+0800: 1.036: [Tenured: 174765K->174765K(174784K), 0.0018691 secs] 253399K->252813K(253440K), [Metaspace: 3368K->3368K(1056768K)], 0.0019105 secs] [Times: user=0.00 sys=0.00, real=0.00 secs] 
2020-11-15T00:19:39.772+0800: 1.038: [Full GC (Allocation Failure) 2020-11-15T00:19:39.772+0800: 1.038: [Tenured: 174765K->174661K(174784K), 0.0397719 secs] 253222K->251363K(253440K), [Metaspace: 3371K->3371K(1056768K)], 0.0398236 secs] [Times: user=0.03 sys=0.00, real=0.03 secs] 
2020-11-15T00:19:39.803+0800: 1.079: [Full GC (Allocation Failure) 2020-11-15T00:19:39.803+0800: 1.079: [Tenured: 174661K->174661K(174784K), 0.0021908 secs] 253085K->251460K(253440K), [Metaspace: 3467K->3467K(1056768K)], 0.0022453 secs] [Times: user=0.01 sys=0.00, real=0.02 secs] 
2020-11-15T00:19:39.819+0800: 1.082: [Full GC (Allocation Failure) 2020-11-15T00:19:39.819+0800: 1.082: [Tenured: 174661K->174661K(174784K), 0.0062534 secs] 253043K->251586K(253440K), [Metaspace: 3469K->3469K(1056768K)], 0.0062956 secs] [Times: user=0.00 sys=0.00, real=0.00 secs] 
2020-11-15T00:19:39.819+0800: 1.088: [Full GC (Allocation Failure) 2020-11-15T00:19:39.819+0800: 1.089: [Tenured: 174661K->174661K(174784K), 0.0078231 secs] 253120K->252678K(253440K), [Metaspace: 3480K->3480K(1056768K)], 0.0078714 secs] [Times: user=0.00 sys=0.00, real=0.00 secs] 
2020-11-15T00:19:39.835+0800: 1.097: [Full GC (Allocation Failure) 2020-11-15T00:19:39.835+0800: 1.097: [Tenured: 174661K->174573K(174784K), 0.0389203 secs] 253066K->251870K(253440K), [Metaspace: 3480K->3480K(1056768K)], 0.0389857 secs] [Times: user=0.03 sys=0.00, real=0.03 secs] 
2020-11-15T00:19:39.866+0800: 1.136: [Full GC (Allocation Failure) 2020-11-15T00:19:39.866+0800: 1.136: [Tenured: 174670K->174670K(174784K), 0.0120967 secs] 253326K->251669K(253440K), [Metaspace: 3484K->3484K(1056768K)], 0.0121521 secs] [Times: user=0.02 sys=0.00, real=0.02 secs] 
Heap
 def new generation   total 78656K, used 77815K [0x00000000f0000000, 0x00000000f5550000, 0x00000000f5550000)
  eden space 69952K, 100% used [0x00000000f0000000, 0x00000000f4450000, 0x00000000f4450000)
  from space 8704K,  90% used [0x00000000f4cd0000, 0x00000000f547e618, 0x00000000f5550000)
  to   space 8704K,   0% used [0x00000000f4450000, 0x00000000f4450000, 0x00000000f4cd0000)
 tenured generation   total 174784K, used 174670K [0x00000000f5550000, 0x0000000100000000, 0x0000000100000000)
   the space 174784K,  99% used [0x00000000f5550000, 0x00000000fffe3a58, 0x00000000fffe3c00, 0x0000000100000000)
 Metaspace       used 3501K, capacity 4500K, committed 4864K, reserved 1056768K
  class space    used 378K, capacity 388K, committed 512K, reserved 1048576K
