Java HotSpot(TM) 64-Bit Server VM (25.271-b09) for windows-amd64 JRE (1.8.0_271-b09), built on Sep 16 2020 19:14:59 by "" with MS VC++ 15.9 (VS2017)
Memory: 4k page, physical 16707876k(8797984k free), swap 19198244k(6357320k free)
CommandLine flags: -XX:InitialHeapSize=267326016 -XX:MaxHeapSize=268435456 -XX:+PrintGC -XX:+PrintGCDateStamps -XX:+PrintGCDetails -XX:+PrintGCTimeStamps -XX:+UseCompressedClassPointers -XX:+UseCompressedOops -XX:-UseLargePagesIndividualAllocation -XX:+UseParallelGC 
2020-11-15T01:37:40.367+0800: 0.183: [GC (Allocation Failure) [PSYoungGen: 65536K->10745K(76288K)] 65536K->16398K(251392K), 0.0049840 secs] [Times: user=0.00 sys=0.00, real=0.00 secs] 
2020-11-15T01:37:40.382+0800: 0.204: [GC (Allocation Failure) [PSYoungGen: 76281K->10750K(76288K)] 81934K->39712K(251392K), 0.0109235 secs] [Times: user=0.00 sys=0.00, real=0.02 secs] 
2020-11-15T01:37:40.398+0800: 0.224: [GC (Allocation Failure) [PSYoungGen: 76264K->10751K(76288K)] 105226K->57568K(251392K), 0.0074616 secs] [Times: user=0.05 sys=0.00, real=0.02 secs] 
2020-11-15T01:37:40.429+0800: 0.241: [GC (Allocation Failure) [PSYoungGen: 76287K->10749K(76288K)] 123104K->84344K(251392K), 0.0141383 secs] [Times: user=0.00 sys=0.00, real=0.02 secs] 
2020-11-15T01:37:40.453+0800: 0.264: [GC (Allocation Failure) [PSYoungGen: 76199K->10739K(76288K)] 149794K->104372K(251392K), 0.0177009 secs] [Times: user=0.00 sys=0.00, real=0.02 secs] 
2020-11-15T01:37:40.482+0800: 0.293: [GC (Allocation Failure) [PSYoungGen: 75924K->10749K(40448K)] 169557K->127207K(215552K), 0.0131561 secs] [Times: user=0.00 sys=0.00, real=0.01 secs] 
2020-11-15T01:37:40.500+0800: 0.311: [GC (Allocation Failure) [PSYoungGen: 40415K->16479K(58368K)] 156873K->136383K(233472K), 0.0054363 secs] [Times: user=0.00 sys=0.00, real=0.01 secs] 
2020-11-15T01:37:40.510+0800: 0.321: [GC (Allocation Failure) [PSYoungGen: 45702K->23915K(58368K)] 165606K->147778K(233472K), 0.0051920 secs] [Times: user=0.03 sys=0.02, real=0.01 secs] 
2020-11-15T01:37:40.523+0800: 0.334: [GC (Allocation Failure) [PSYoungGen: 53611K->28640K(58368K)] 177474K->158517K(233472K), 0.0059273 secs] [Times: user=0.05 sys=0.02, real=0.01 secs] 
2020-11-15T01:37:40.534+0800: 0.345: [GC (Allocation Failure) [PSYoungGen: 58233K->18530K(58368K)] 188111K->166175K(233472K), 0.0108124 secs] [Times: user=0.00 sys=0.00, real=0.01 secs] 
2020-11-15T01:37:40.545+0800: 0.356: [Full GC (Ergonomics) [PSYoungGen: 18530K->0K(58368K)] [ParOldGen: 147645K->141003K(175104K)] 166175K->141003K(233472K), [Metaspace: 3348K->3348K(1056768K)], 0.0283865 secs] [Times: user=0.05 sys=0.02, real=0.03 secs] 
2020-11-15T01:37:40.578+0800: 0.389: [GC (Allocation Failure) [PSYoungGen: 29547K->11872K(58368K)] 170550K->152875K(233472K), 0.0029652 secs] [Times: user=0.00 sys=0.00, real=0.00 secs] 
2020-11-15T01:37:40.585+0800: 0.397: [GC (Allocation Failure) [PSYoungGen: 40976K->11861K(58368K)] 181979K->164490K(233472K), 0.0049602 secs] [Times: user=0.03 sys=0.00, real=0.00 secs] 
2020-11-15T01:37:40.590+0800: 0.402: [Full GC (Ergonomics) [PSYoungGen: 11861K->0K(58368K)] [ParOldGen: 152628K->158517K(175104K)] 164490K->158517K(233472K), [Metaspace: 3348K->3348K(1056768K)], 0.0367707 secs] [Times: user=0.06 sys=0.00, real=0.04 secs] 
2020-11-15T01:37:40.633+0800: 0.444: [Full GC (Ergonomics) [PSYoungGen: 29214K->0K(58368K)] [ParOldGen: 158517K->164284K(175104K)] 187731K->164284K(233472K), [Metaspace: 3348K->3348K(1056768K)], 0.0438215 secs] [Times: user=0.03 sys=0.03, real=0.04 secs] 
2020-11-15T01:37:40.682+0800: 0.493: [Full GC (Ergonomics) [PSYoungGen: 29696K->0K(58368K)] [ParOldGen: 164284K->169818K(175104K)] 193980K->169818K(233472K), [Metaspace: 3348K->3348K(1056768K)], 0.0473169 secs] [Times: user=0.05 sys=0.00, real=0.05 secs] 
2020-11-15T01:37:40.735+0800: 0.546: [Full GC (Ergonomics) [PSYoungGen: 29695K->0K(58368K)] [ParOldGen: 169818K->174141K(175104K)] 199513K->174141K(233472K), [Metaspace: 3348K->3348K(1056768K)], 0.0519814 secs] [Times: user=0.05 sys=0.00, real=0.05 secs] 
2020-11-15T01:37:40.794+0800: 0.605: [Full GC (Ergonomics) [PSYoungGen: 29418K->7170K(58368K)] [ParOldGen: 174141K->174642K(175104K)] 203560K->181812K(233472K), [Metaspace: 3348K->3348K(1056768K)], 0.0610068 secs] [Times: user=0.08 sys=0.00, real=0.06 secs] 
2020-11-15T01:37:40.860+0800: 0.671: [Full GC (Ergonomics) [PSYoungGen: 29408K->8687K(58368K)] [ParOldGen: 174642K->175054K(175104K)] 204050K->183741K(233472K), [Metaspace: 3348K->3348K(1056768K)], 0.0648442 secs] [Times: user=0.03 sys=0.01, real=0.07 secs] 
2020-11-15T01:37:40.928+0800: 0.739: [Full GC (Ergonomics) [PSYoungGen: 29361K->13123K(58368K)] [ParOldGen: 175054K->174752K(175104K)] 204415K->187875K(233472K), [Metaspace: 3348K->3348K(1056768K)], 0.0531740 secs] [Times: user=0.05 sys=0.00, real=0.05 secs] 
2020-11-15T01:37:40.984+0800: 0.796: [Full GC (Ergonomics) [PSYoungGen: 29696K->17031K(58368K)] [ParOldGen: 174752K->175098K(175104K)] 204448K->192130K(233472K), [Metaspace: 3348K->3348K(1056768K)], 0.0584825 secs] [Times: user=0.06 sys=0.00, real=0.06 secs] 
2020-11-15T01:37:41.045+0800: 0.857: [Full GC (Ergonomics) [PSYoungGen: 29696K->19729K(58368K)] [ParOldGen: 175098K->174780K(175104K)] 204794K->194510K(233472K), [Metaspace: 3348K->3348K(1056768K)], 0.0500281 secs] [Times: user=0.05 sys=0.00, real=0.05 secs] 
2020-11-15T01:37:41.098+0800: 0.909: [Full GC (Ergonomics) [PSYoungGen: 29696K->22814K(58368K)] [ParOldGen: 174780K->174691K(175104K)] 204476K->197505K(233472K), [Metaspace: 3348K->3348K(1056768K)], 0.0336949 secs] [Times: user=0.03 sys=0.00, real=0.03 secs] 
2020-11-15T01:37:41.133+0800: 0.944: [Full GC (Ergonomics) [PSYoungGen: 29569K->23586K(58368K)] [ParOldGen: 174691K->175066K(175104K)] 204261K->198653K(233472K), [Metaspace: 3348K->3348K(1056768K)], 0.0400107 secs] [Times: user=0.08 sys=0.00, real=0.04 secs] 
2020-11-15T01:37:41.174+0800: 0.985: [Full GC (Ergonomics) [PSYoungGen: 29658K->25711K(58368K)] [ParOldGen: 175066K->174633K(175104K)] 204725K->200344K(233472K), [Metaspace: 3348K->3348K(1056768K)], 0.0364709 secs] [Times: user=0.03 sys=0.00, real=0.04 secs] 
2020-11-15T01:37:41.212+0800: 1.023: [Full GC (Ergonomics) [PSYoungGen: 29512K->25849K(58368K)] [ParOldGen: 174633K->174891K(175104K)] 204145K->200741K(233472K), [Metaspace: 3358K->3358K(1056768K)], 0.0389277 secs] [Times: user=0.09 sys=0.00, real=0.04 secs] 
2020-11-15T01:37:41.252+0800: 1.062: [Full GC (Ergonomics) [PSYoungGen: 29612K->24563K(58368K)] [ParOldGen: 174891K->174916K(175104K)] 204503K->199479K(233472K), [Metaspace: 3367K->3367K(1056768K)], 0.0317926 secs] [Times: user=0.08 sys=0.00, real=0.03 secs] 
2020-11-15T01:37:41.285+0800: 1.095: [Full GC (Ergonomics) [PSYoungGen: 29553K->25122K(58368K)] [ParOldGen: 174916K->174778K(175104K)] 204470K->199901K(233472K), [Metaspace: 3426K->3426K(1056768K)], 0.0365888 secs] [Times: user=0.06 sys=0.00, real=0.03 secs] 
Heap
 PSYoungGen      total 58368K, used 26251K [0x00000000fab00000, 0x0000000100000000, 0x0000000100000000)
  eden space 29696K, 88% used [0x00000000fab00000,0x00000000fc4a2fe0,0x00000000fc800000)
  from space 28672K, 0% used [0x00000000fe400000,0x00000000fe400000,0x0000000100000000)
  to   space 28672K, 0% used [0x00000000fc800000,0x00000000fc800000,0x00000000fe400000)
 ParOldGen       total 175104K, used 174778K [0x00000000f0000000, 0x00000000fab00000, 0x00000000fab00000)
  object space 175104K, 99% used [0x00000000f0000000,0x00000000faaaebd8,0x00000000fab00000)
 Metaspace       used 3476K, capacity 4500K, committed 4864K, reserved 1056768K
  class space    used 376K, capacity 388K, committed 512K, reserved 1048576K
