Java HotSpot(TM) 64-Bit Server VM (25.271-b09) for windows-amd64 JRE (1.8.0_271-b09), built on Sep 16 2020 19:14:59 by "" with MS VC++ 15.9 (VS2017)
Memory: 4k page, physical 16707876k(8334500k free), swap 19198244k(8122056k free)
CommandLine flags: -XX:InitialHeapSize=267326016 -XX:MaxHeapSize=268435456 -XX:MaxNewSize=89481216 -XX:MaxTenuringThreshold=6 -XX:OldPLABSize=16 -XX:+PrintGC -XX:+PrintGCDateStamps -XX:+PrintGCDetails -XX:+PrintGCTimeStamps -XX:+UseCompressedClassPointers -XX:+UseCompressedOops -XX:+UseConcMarkSweepGC -XX:-UseLargePagesIndividualAllocation -XX:+UseParNewGC 
2020-11-16T00:31:59.421+0800: 0.145: [GC (Allocation Failure) 2020-11-16T00:31:59.421+0800: 0.145: [ParNew: 69952K->8701K(78656K), 0.0053727 secs] 69952K->23978K(253440K), 0.0055040 secs] [Times: user=0.00 sys=0.00, real=0.01 secs] 
2020-11-16T00:31:59.440+0800: 0.163: [GC (Allocation Failure) 2020-11-16T00:31:59.440+0800: 0.163: [ParNew: 78653K->8704K(78656K), 0.0086005 secs] 93930K->52456K(253440K), 0.0086733 secs] [Times: user=0.00 sys=0.00, real=0.01 secs] 
2020-11-16T00:31:59.457+0800: 0.182: [GC (Allocation Failure) 2020-11-16T00:31:59.457+0800: 0.182: [ParNew: 78656K->8702K(78656K), 0.0101853 secs] 122408K->75025K(253440K), 0.0102663 secs] [Times: user=0.03 sys=0.02, real=0.01 secs] 
2020-11-16T00:31:59.490+0800: 0.214: [GC (Allocation Failure) 2020-11-16T00:31:59.490+0800: 0.214: [ParNew: 78654K->8696K(78656K), 0.0105546 secs] 144977K->96763K(253440K), 0.0106365 secs] [Times: user=0.02 sys=0.03, real=0.01 secs] 
2020-11-16T00:31:59.500+0800: 0.225: [GC (CMS Initial Mark) [1 CMS-initial-mark: 88066K(174784K)] 97454K(253440K), 0.0001397 secs] [Times: user=0.00 sys=0.00, real=0.00 secs] 
2020-11-16T00:31:59.501+0800: 0.225: [CMS-concurrent-mark-start]
2020-11-16T00:31:59.503+0800: 0.228: [CMS-concurrent-mark: 0.003/0.003 secs] [Times: user=0.00 sys=0.00, real=0.00 secs] 
2020-11-16T00:31:59.503+0800: 0.228: [CMS-concurrent-preclean-start]
2020-11-16T00:31:59.504+0800: 0.228: [CMS-concurrent-preclean: 0.000/0.000 secs] [Times: user=0.00 sys=0.00, real=0.00 secs] 
2020-11-16T00:31:59.504+0800: 0.228: [CMS-concurrent-abortable-preclean-start]
2020-11-16T00:31:59.513+0800: 0.237: [GC (Allocation Failure) 2020-11-16T00:31:59.513+0800: 0.237: [ParNew: 78648K->8701K(78656K), 0.0123491 secs] 166715K->121555K(253440K), 0.0124186 secs] [Times: user=0.03 sys=0.01, real=0.01 secs] 
2020-11-16T00:31:59.537+0800: 0.262: [GC (Allocation Failure) 2020-11-16T00:31:59.537+0800: 0.262: [ParNew: 78653K->8702K(78656K), 0.0131484 secs] 191507K->145234K(253440K), 0.0132413 secs] [Times: user=0.02 sys=0.02, real=0.01 secs] 
2020-11-16T00:31:59.562+0800: 0.287: [GC (Allocation Failure) 2020-11-16T00:31:59.562+0800: 0.287: [ParNew: 78525K->8699K(78656K), 0.0114624 secs] 215057K->165884K(253440K), 0.0115163 secs] [Times: user=0.00 sys=0.00, real=0.01 secs] 
2020-11-16T00:31:59.586+0800: 0.311: [GC (Allocation Failure) 2020-11-16T00:31:59.586+0800: 0.311: [ParNew: 78581K->78581K(78656K), 0.0000164 secs]2020-11-16T00:31:59.587+0800: 0.311: [CMS2020-11-16T00:31:59.587+0800: 0.311: [CMS-concurrent-abortable-preclean: 0.002/0.083 secs] [Times: user=0.09 sys=0.03, real=0.08 secs] 
 (concurrent mode failure): 157185K->152271K(174784K), 0.0384834 secs] 235766K->152271K(253440K), [Metaspace: 3348K->3348K(1056768K)], 0.0386255 secs] [Times: user=0.03 sys=0.00, real=0.04 secs] 
2020-11-16T00:31:59.636+0800: 0.361: [GC (Allocation Failure) 2020-11-16T00:31:59.637+0800: 0.361: [ParNew: 69952K->8701K(78656K), 0.0073157 secs] 222223K->174312K(253440K), 0.0073748 secs] [Times: user=0.00 sys=0.00, real=0.01 secs] 
2020-11-16T00:31:59.644+0800: 0.368: [GC (CMS Initial Mark) [1 CMS-initial-mark: 165610K(174784K)] 175095K(253440K), 0.0001069 secs] [Times: user=0.00 sys=0.00, real=0.00 secs] 
2020-11-16T00:31:59.644+0800: 0.368: [CMS-concurrent-mark-start]
2020-11-16T00:31:59.646+0800: 0.370: [CMS-concurrent-mark: 0.002/0.002 secs] [Times: user=0.00 sys=0.00, real=0.00 secs] 
2020-11-16T00:31:59.646+0800: 0.370: [CMS-concurrent-preclean-start]
2020-11-16T00:31:59.646+0800: 0.370: [CMS-concurrent-preclean: 0.000/0.000 secs] [Times: user=0.00 sys=0.00, real=0.00 secs] 
2020-11-16T00:31:59.646+0800: 0.370: [CMS-concurrent-abortable-preclean-start]
2020-11-16T00:31:59.646+0800: 0.370: [CMS-concurrent-abortable-preclean: 0.000/0.000 secs] [Times: user=0.00 sys=0.00, real=0.00 secs] 
2020-11-16T00:31:59.646+0800: 0.370: [GC (CMS Final Remark) [YG occupancy: 23256 K (78656 K)]2020-11-16T00:31:59.646+0800: 0.370: [Rescan (parallel) , 0.0001440 secs]2020-11-16T00:31:59.646+0800: 0.371: [weak refs processing, 0.0000102 secs]2020-11-16T00:31:59.646+0800: 0.371: [class unloading, 0.0002407 secs]2020-11-16T00:31:59.647+0800: 0.371: [scrub symbol table, 0.0003266 secs]2020-11-16T00:31:59.647+0800: 0.371: [scrub string table, 0.0000869 secs][1 CMS-remark: 165610K(174784K)] 188867K(253440K), 0.0008673 secs] [Times: user=0.00 sys=0.00, real=0.00 secs] 
2020-11-16T00:31:59.647+0800: 0.371: [CMS-concurrent-sweep-start]
2020-11-16T00:31:59.647+0800: 0.372: [CMS-concurrent-sweep: 0.000/0.000 secs] [Times: user=0.00 sys=0.00, real=0.00 secs] 
2020-11-16T00:31:59.647+0800: 0.372: [CMS-concurrent-reset-start]
2020-11-16T00:31:59.648+0800: 0.372: [CMS-concurrent-reset: 0.000/0.000 secs] [Times: user=0.00 sys=0.00, real=0.00 secs] 
2020-11-16T00:31:59.656+0800: 0.380: [GC (Allocation Failure) 2020-11-16T00:31:59.656+0800: 0.380: [ParNew (promotion failed): 78580K->78580K(78656K), 0.0070419 secs]2020-11-16T00:31:59.663+0800: 0.387: [CMS: 173713K->174495K(174784K), 0.0389248 secs] 236298K->178896K(253440K), [Metaspace: 3348K->3348K(1056768K)], 0.0460593 secs] [Times: user=0.05 sys=0.00, real=0.05 secs] 
2020-11-16T00:31:59.702+0800: 0.426: [GC (CMS Initial Mark) [1 CMS-initial-mark: 174495K(174784K)] 179040K(253440K), 0.0001263 secs] [Times: user=0.00 sys=0.00, real=0.00 secs] 
2020-11-16T00:31:59.702+0800: 0.426: [CMS-concurrent-mark-start]
2020-11-16T00:31:59.704+0800: 0.428: [CMS-concurrent-mark: 0.002/0.002 secs] [Times: user=0.00 sys=0.00, real=0.00 secs] 
2020-11-16T00:31:59.704+0800: 0.428: [CMS-concurrent-preclean-start]
2020-11-16T00:31:59.705+0800: 0.429: [CMS-concurrent-preclean: 0.001/0.001 secs] [Times: user=0.00 sys=0.00, real=0.00 secs] 
2020-11-16T00:31:59.705+0800: 0.429: [CMS-concurrent-abortable-preclean-start]
2020-11-16T00:31:59.705+0800: 0.429: [CMS-concurrent-abortable-preclean: 0.000/0.000 secs] [Times: user=0.00 sys=0.00, real=0.00 secs] 
2020-11-16T00:31:59.732+0800: 0.456: [GC (CMS Final Remark) [YG occupancy: 22678 K (78656 K)]2020-11-16T00:31:59.732+0800: 0.456: [Rescan (parallel) , 0.0001462 secs]2020-11-16T00:31:59.732+0800: 0.456: [weak refs processing, 0.0000110 secs]2020-11-16T00:31:59.732+0800: 0.456: [class unloading, 0.0002105 secs]2020-11-16T00:31:59.732+0800: 0.456: [scrub symbol table, 0.0003282 secs]2020-11-16T00:31:59.732+0800: 0.456: [scrub string table, 0.0000895 secs][1 CMS-remark: 174495K(174784K)] 197173K(253440K), 0.0008574 secs] [Times: user=0.00 sys=0.00, real=0.00 secs] 
2020-11-16T00:31:59.733+0800: 0.457: [CMS-concurrent-sweep-start]
2020-11-16T00:31:59.734+0800: 0.458: [CMS-concurrent-sweep: 0.000/0.000 secs] [Times: user=0.03 sys=0.00, real=0.00 secs] 
2020-11-16T00:31:59.734+0800: 0.458: [CMS-concurrent-reset-start]
2020-11-16T00:31:59.734+0800: 0.458: [CMS-concurrent-reset: 0.000/0.000 secs] [Times: user=0.00 sys=0.00, real=0.00 secs] 
2020-11-16T00:31:59.741+0800: 0.465: [GC (Allocation Failure) 2020-11-16T00:31:59.741+0800: 0.465: [ParNew: 78633K->78633K(78656K), 0.0000147 secs]2020-11-16T00:31:59.741+0800: 0.465: [CMS: 174423K->174307K(174784K), 0.0394534 secs] 253057K->195079K(253440K), [Metaspace: 3348K->3348K(1056768K)], 0.0395450 secs] [Times: user=0.05 sys=0.00, real=0.04 secs] 
2020-11-16T00:31:59.781+0800: 0.505: [GC (CMS Initial Mark) [1 CMS-initial-mark: 174307K(174784K)] 195367K(253440K), 0.0001464 secs] [Times: user=0.00 sys=0.00, real=0.00 secs] 
2020-11-16T00:31:59.781+0800: 0.505: [CMS-concurrent-mark-start]
2020-11-16T00:31:59.783+0800: 0.507: [CMS-concurrent-mark: 0.002/0.002 secs] [Times: user=0.00 sys=0.00, real=0.00 secs] 
2020-11-16T00:31:59.783+0800: 0.507: [CMS-concurrent-preclean-start]
2020-11-16T00:31:59.784+0800: 0.508: [CMS-concurrent-preclean: 0.001/0.001 secs] [Times: user=0.00 sys=0.00, real=0.00 secs] 
2020-11-16T00:31:59.784+0800: 0.508: [CMS-concurrent-abortable-preclean-start]
2020-11-16T00:31:59.784+0800: 0.508: [CMS-concurrent-abortable-preclean: 0.000/0.000 secs] [Times: user=0.00 sys=0.00, real=0.00 secs] 
2020-11-16T00:31:59.784+0800: 0.508: [GC (CMS Final Remark) [YG occupancy: 36932 K (78656 K)]2020-11-16T00:31:59.784+0800: 0.508: [Rescan (parallel) , 0.0001844 secs]2020-11-16T00:31:59.784+0800: 0.508: [weak refs processing, 0.0000077 secs]2020-11-16T00:31:59.784+0800: 0.508: [class unloading, 0.0002193 secs]2020-11-16T00:31:59.785+0800: 0.509: [scrub symbol table, 0.0003102 secs]2020-11-16T00:31:59.785+0800: 0.509: [scrub string table, 0.0000841 secs][1 CMS-remark: 174307K(174784K)] 211240K(253440K), 0.0008505 secs] [Times: user=0.00 sys=0.00, real=0.00 secs] 
2020-11-16T00:31:59.785+0800: 0.509: [CMS-concurrent-sweep-start]
2020-11-16T00:31:59.786+0800: 0.509: [CMS-concurrent-sweep: 0.000/0.000 secs] [Times: user=0.00 sys=0.00, real=0.00 secs] 
2020-11-16T00:31:59.786+0800: 0.509: [CMS-concurrent-reset-start]
2020-11-16T00:31:59.786+0800: 0.510: [CMS-concurrent-reset: 0.000/0.000 secs] [Times: user=0.00 sys=0.00, real=0.00 secs] 
2020-11-16T00:31:59.792+0800: 0.516: [GC (Allocation Failure) 2020-11-16T00:31:59.792+0800: 0.516: [ParNew: 78424K->78424K(78656K), 0.0000156 secs]2020-11-16T00:31:59.792+0800: 0.516: [CMS: 174307K->174587K(174784K), 0.0388982 secs] 252732K->205129K(253440K), [Metaspace: 3348K->3348K(1056768K)], 0.0389914 secs] [Times: user=0.05 sys=0.00, real=0.04 secs] 
2020-11-16T00:31:59.831+0800: 0.555: [GC (CMS Initial Mark) [1 CMS-initial-mark: 174587K(174784K)] 205488K(253440K), 0.0001376 secs] [Times: user=0.00 sys=0.00, real=0.00 secs] 
2020-11-16T00:31:59.831+0800: 0.555: [CMS-concurrent-mark-start]
2020-11-16T00:31:59.832+0800: 0.557: [CMS-concurrent-mark: 0.002/0.002 secs] [Times: user=0.00 sys=0.00, real=0.00 secs] 
2020-11-16T00:31:59.832+0800: 0.557: [CMS-concurrent-preclean-start]
2020-11-16T00:31:59.833+0800: 0.558: [CMS-concurrent-preclean: 0.001/0.001 secs] [Times: user=0.00 sys=0.00, real=0.00 secs] 
2020-11-16T00:31:59.833+0800: 0.558: [CMS-concurrent-abortable-preclean-start]
2020-11-16T00:31:59.833+0800: 0.558: [CMS-concurrent-abortable-preclean: 0.000/0.000 secs] [Times: user=0.00 sys=0.00, real=0.00 secs] 
2020-11-16T00:31:59.834+0800: 0.558: [GC (CMS Final Remark) [YG occupancy: 47294 K (78656 K)]2020-11-16T00:31:59.834+0800: 0.558: [Rescan (parallel) , 0.0001983 secs]2020-11-16T00:31:59.834+0800: 0.559: [weak refs processing, 0.0000098 secs]2020-11-16T00:31:59.834+0800: 0.559: [class unloading, 0.0002382 secs]2020-11-16T00:31:59.834+0800: 0.559: [scrub symbol table, 0.0003254 secs]2020-11-16T00:31:59.834+0800: 0.559: [scrub string table, 0.0001917 secs][1 CMS-remark: 174587K(174784K)] 221881K(253440K), 0.0010257 secs] [Times: user=0.00 sys=0.00, real=0.00 secs] 
2020-11-16T00:31:59.835+0800: 0.559: [CMS-concurrent-sweep-start]
2020-11-16T00:31:59.835+0800: 0.560: [CMS-concurrent-sweep: 0.000/0.000 secs] [Times: user=0.00 sys=0.00, real=0.00 secs] 
2020-11-16T00:31:59.835+0800: 0.560: [CMS-concurrent-reset-start]
2020-11-16T00:31:59.835+0800: 0.560: [CMS-concurrent-reset: 0.000/0.000 secs] [Times: user=0.00 sys=0.00, real=0.00 secs] 
2020-11-16T00:31:59.839+0800: 0.564: [GC (Allocation Failure) 2020-11-16T00:31:59.839+0800: 0.564: [ParNew: 78251K->78251K(78656K), 0.0000137 secs]2020-11-16T00:31:59.839+0800: 0.564: [CMS: 173628K->174782K(174784K), 0.0378544 secs] 251879K->209980K(253440K), [Metaspace: 3348K->3348K(1056768K)], 0.0379393 secs] [Times: user=0.05 sys=0.00, real=0.04 secs] 
2020-11-16T00:31:59.877+0800: 0.602: [GC (CMS Initial Mark) [1 CMS-initial-mark: 174782K(174784K)] 210650K(253440K), 0.0001349 secs] [Times: user=0.00 sys=0.00, real=0.00 secs] 
2020-11-16T00:31:59.877+0800: 0.602: [CMS-concurrent-mark-start]
2020-11-16T00:31:59.879+0800: 0.603: [CMS-concurrent-mark: 0.001/0.001 secs] [Times: user=0.00 sys=0.00, real=0.00 secs] 
2020-11-16T00:31:59.879+0800: 0.604: [CMS-concurrent-preclean-start]
2020-11-16T00:31:59.880+0800: 0.604: [CMS-concurrent-preclean: 0.001/0.001 secs] [Times: user=0.00 sys=0.00, real=0.00 secs] 
2020-11-16T00:31:59.880+0800: 0.604: [CMS-concurrent-abortable-preclean-start]
2020-11-16T00:31:59.880+0800: 0.604: [CMS-concurrent-abortable-preclean: 0.000/0.000 secs] [Times: user=0.00 sys=0.00, real=0.00 secs] 
2020-11-16T00:31:59.880+0800: 0.605: [GC (CMS Final Remark) [YG occupancy: 55180 K (78656 K)]2020-11-16T00:31:59.880+0800: 0.605: [Rescan (parallel) , 0.0001408 secs]2020-11-16T00:31:59.880+0800: 0.605: [weak refs processing, 0.0000080 secs]2020-11-16T00:31:59.880+0800: 0.605: [class unloading, 0.0002040 secs]2020-11-16T00:31:59.880+0800: 0.605: [scrub symbol table, 0.0003087 secs]2020-11-16T00:31:59.881+0800: 0.605: [scrub string table, 0.0000853 secs][1 CMS-remark: 174782K(174784K)] 229962K(253440K), 0.0007943 secs] [Times: user=0.00 sys=0.00, real=0.00 secs] 
2020-11-16T00:31:59.881+0800: 0.605: [CMS-concurrent-sweep-start]
2020-11-16T00:31:59.881+0800: 0.606: [CMS-concurrent-sweep: 0.000/0.000 secs] [Times: user=0.00 sys=0.00, real=0.00 secs] 
2020-11-16T00:31:59.881+0800: 0.606: [CMS-concurrent-reset-start]
2020-11-16T00:31:59.881+0800: 0.606: [CMS-concurrent-reset: 0.000/0.000 secs] [Times: user=0.00 sys=0.00, real=0.00 secs] 
2020-11-16T00:31:59.885+0800: 0.609: [GC (Allocation Failure) 2020-11-16T00:31:59.885+0800: 0.609: [ParNew: 78590K->78590K(78656K), 0.0000165 secs]2020-11-16T00:31:59.885+0800: 0.609: [CMS: 174782K->174640K(174784K), 0.0362587 secs] 253372K->214800K(253440K), [Metaspace: 3348K->3348K(1056768K)], 0.0363521 secs] [Times: user=0.05 sys=0.00, real=0.04 secs] 
2020-11-16T00:31:59.921+0800: 0.646: [GC (CMS Initial Mark) [1 CMS-initial-mark: 174640K(174784K)] 214960K(253440K), 0.0001457 secs] [Times: user=0.00 sys=0.00, real=0.00 secs] 
2020-11-16T00:31:59.922+0800: 0.646: [CMS-concurrent-mark-start]
2020-11-16T00:31:59.923+0800: 0.648: [CMS-concurrent-mark: 0.002/0.002 secs] [Times: user=0.00 sys=0.00, real=0.00 secs] 
2020-11-16T00:31:59.923+0800: 0.648: [CMS-concurrent-preclean-start]
2020-11-16T00:31:59.924+0800: 0.649: [CMS-concurrent-preclean: 0.001/0.001 secs] [Times: user=0.00 sys=0.00, real=0.00 secs] 
2020-11-16T00:31:59.924+0800: 0.649: [CMS-concurrent-abortable-preclean-start]
2020-11-16T00:31:59.924+0800: 0.649: [CMS-concurrent-abortable-preclean: 0.000/0.000 secs] [Times: user=0.00 sys=0.00, real=0.00 secs] 
2020-11-16T00:31:59.924+0800: 0.649: [GC (CMS Final Remark) [YG occupancy: 59596 K (78656 K)]2020-11-16T00:31:59.924+0800: 0.649: [Rescan (parallel) , 0.0001646 secs]2020-11-16T00:31:59.925+0800: 0.649: [weak refs processing, 0.0000086 secs]2020-11-16T00:31:59.925+0800: 0.649: [class unloading, 0.0002293 secs]2020-11-16T00:31:59.925+0800: 0.649: [scrub symbol table, 0.0003048 secs]2020-11-16T00:31:59.925+0800: 0.650: [scrub string table, 0.0000854 secs][1 CMS-remark: 174640K(174784K)] 234237K(253440K), 0.0008461 secs] [Times: user=0.00 sys=0.00, real=0.00 secs] 
2020-11-16T00:31:59.925+0800: 0.650: [CMS-concurrent-sweep-start]
2020-11-16T00:31:59.926+0800: 0.650: [CMS-concurrent-sweep: 0.000/0.000 secs] [Times: user=0.00 sys=0.00, real=0.00 secs] 
2020-11-16T00:31:59.926+0800: 0.650: [CMS-concurrent-reset-start]
2020-11-16T00:31:59.926+0800: 0.650: [CMS-concurrent-reset: 0.000/0.000 secs] [Times: user=0.00 sys=0.00, real=0.00 secs] 
2020-11-16T00:31:59.928+0800: 0.652: [GC (Allocation Failure) 2020-11-16T00:31:59.928+0800: 0.652: [ParNew: 78562K->78562K(78656K), 0.0000139 secs]2020-11-16T00:31:59.928+0800: 0.652: [CMS: 174640K->174758K(174784K), 0.0366517 secs] 253203K->222019K(253440K), [Metaspace: 3348K->3348K(1056768K)], 0.0367368 secs] [Times: user=0.03 sys=0.00, real=0.04 secs] 
2020-11-16T00:31:59.965+0800: 0.689: [GC (CMS Initial Mark) [1 CMS-initial-mark: 174758K(174784K)] 222267K(253440K), 0.0001759 secs] [Times: user=0.00 sys=0.00, real=0.00 secs] 
2020-11-16T00:31:59.965+0800: 0.689: [CMS-concurrent-mark-start]
2020-11-16T00:31:59.966+0800: 0.691: [CMS-concurrent-mark: 0.002/0.002 secs] [Times: user=0.00 sys=0.00, real=0.00 secs] 
2020-11-16T00:31:59.966+0800: 0.691: [CMS-concurrent-preclean-start]
2020-11-16T00:31:59.967+0800: 0.692: [CMS-concurrent-preclean: 0.001/0.001 secs] [Times: user=0.00 sys=0.00, real=0.00 secs] 
2020-11-16T00:31:59.967+0800: 0.692: [CMS-concurrent-abortable-preclean-start]
2020-11-16T00:31:59.967+0800: 0.692: [CMS-concurrent-abortable-preclean: 0.000/0.000 secs] [Times: user=0.00 sys=0.00, real=0.00 secs] 
2020-11-16T00:31:59.967+0800: 0.692: [GC (CMS Final Remark) [YG occupancy: 66690 K (78656 K)]2020-11-16T00:31:59.968+0800: 0.692: [Rescan (parallel) , 0.0001456 secs]2020-11-16T00:31:59.968+0800: 0.692: [weak refs processing, 0.0000080 secs]2020-11-16T00:31:59.968+0800: 0.692: [class unloading, 0.0002096 secs]2020-11-16T00:31:59.968+0800: 0.692: [scrub symbol table, 0.0003979 secs]2020-11-16T00:31:59.968+0800: 0.693: [scrub string table, 0.0000873 secs][1 CMS-remark: 174758K(174784K)] 241448K(253440K), 0.0009044 secs] [Times: user=0.02 sys=0.00, real=0.00 secs] 
2020-11-16T00:31:59.968+0800: 0.693: [CMS-concurrent-sweep-start]
2020-11-16T00:31:59.969+0800: 0.693: [CMS-concurrent-sweep: 0.000/0.000 secs] [Times: user=0.00 sys=0.00, real=0.00 secs] 
2020-11-16T00:31:59.969+0800: 0.693: [CMS-concurrent-reset-start]
2020-11-16T00:31:59.969+0800: 0.693: [CMS-concurrent-reset: 0.000/0.000 secs] [Times: user=0.00 sys=0.00, real=0.00 secs] 
2020-11-16T00:31:59.970+0800: 0.695: [GC (Allocation Failure) 2020-11-16T00:31:59.970+0800: 0.695: [ParNew: 78433K->78433K(78656K), 0.0000144 secs]2020-11-16T00:31:59.970+0800: 0.695: [CMS: 174758K->174535K(174784K), 0.0420298 secs] 253191K->228686K(253440K), [Metaspace: 3348K->3348K(1056768K)], 0.0421474 secs] [Times: user=0.03 sys=0.00, real=0.04 secs] 
2020-11-16T00:32:00.013+0800: 0.737: [GC (CMS Initial Mark) [1 CMS-initial-mark: 174535K(174784K)] 229392K(253440K), 0.0003303 secs] [Times: user=0.00 sys=0.00, real=0.00 secs] 
2020-11-16T00:32:00.013+0800: 0.737: [CMS-concurrent-mark-start]
2020-11-16T00:32:00.015+0800: 0.739: [CMS-concurrent-mark: 0.002/0.002 secs] [Times: user=0.03 sys=0.00, real=0.00 secs] 
2020-11-16T00:32:00.015+0800: 0.739: [CMS-concurrent-preclean-start]
2020-11-16T00:32:00.016+0800: 0.740: [CMS-concurrent-preclean: 0.001/0.001 secs] [Times: user=0.00 sys=0.00, real=0.00 secs] 
2020-11-16T00:32:00.016+0800: 0.740: [CMS-concurrent-abortable-preclean-start]
2020-11-16T00:32:00.016+0800: 0.740: [CMS-concurrent-abortable-preclean: 0.000/0.000 secs] [Times: user=0.00 sys=0.00, real=0.00 secs] 
2020-11-16T00:32:00.016+0800: 0.741: [GC (CMS Final Remark) [YG occupancy: 77915 K (78656 K)]2020-11-16T00:32:00.016+0800: 0.741: [Rescan (parallel) , 0.0001533 secs]2020-11-16T00:32:00.016+0800: 0.741: [weak refs processing, 0.0000096 secs]2020-11-16T00:32:00.016+0800: 0.741: [class unloading, 0.0003647 secs]2020-11-16T00:32:00.017+0800: 0.741: [scrub symbol table, 0.0003790 secs]2020-11-16T00:32:00.017+0800: 0.741: [scrub string table, 0.0000955 secs][1 CMS-remark: 174535K(174784K)] 252450K(253440K), 0.0010604 secs] [Times: user=0.00 sys=0.00, real=0.00 secs] 
2020-11-16T00:32:00.017+0800: 0.742: [CMS-concurrent-sweep-start]
2020-11-16T00:32:00.018+0800: 0.742: [Full GC (Allocation Failure) 2020-11-16T00:32:00.018+0800: 0.742: [CMS2020-11-16T00:32:00.018+0800: 0.742: [CMS-concurrent-sweep: 0.000/0.000 secs] [Times: user=0.00 sys=0.00, real=0.00 secs] 
 (concurrent mode failure): 174661K->174756K(174784K), 0.0404581 secs] 253301K->228226K(253440K), [Metaspace: 3348K->3348K(1056768K)], 0.0405194 secs] [Times: user=0.03 sys=0.00, real=0.04 secs] 
2020-11-16T00:32:00.062+0800: 0.786: [Full GC (Allocation Failure) 2020-11-16T00:32:00.062+0800: 0.786: [CMS: 174756K->174748K(174784K), 0.0363144 secs] 253310K->234420K(253440K), [Metaspace: 3348K->3348K(1056768K)], 0.0363799 secs] [Times: user=0.03 sys=0.00, real=0.04 secs] 
2020-11-16T00:32:00.098+0800: 0.822: [GC (CMS Initial Mark) [1 CMS-initial-mark: 174748K(174784K)] 234564K(253440K), 0.0001564 secs] [Times: user=0.00 sys=0.00, real=0.00 secs] 
2020-11-16T00:32:00.098+0800: 0.822: [CMS-concurrent-mark-start]
2020-11-16T00:32:00.100+0800: 0.824: [CMS-concurrent-mark: 0.002/0.002 secs] [Times: user=0.00 sys=0.00, real=0.00 secs] 
2020-11-16T00:32:00.100+0800: 0.824: [CMS-concurrent-preclean-start]
2020-11-16T00:32:00.101+0800: 0.825: [Full GC (Allocation Failure) 2020-11-16T00:32:00.101+0800: 0.825: [CMS2020-11-16T00:32:00.101+0800: 0.825: [CMS-concurrent-preclean: 0.001/0.001 secs] [Times: user=0.00 sys=0.00, real=0.00 secs] 
 (concurrent mode failure): 174748K->174759K(174784K), 0.0366133 secs] 253301K->237011K(253440K), [Metaspace: 3348K->3348K(1056768K)], 0.0366744 secs] [Times: user=0.03 sys=0.00, real=0.04 secs] 
2020-11-16T00:32:00.140+0800: 0.864: [Full GC (Allocation Failure) 2020-11-16T00:32:00.140+0800: 0.864: [CMS: 174759K->174776K(174784K), 0.0465954 secs] 253159K->238655K(253440K), [Metaspace: 3348K->3348K(1056768K)], 0.0466675 secs] [Times: user=0.05 sys=0.00, real=0.05 secs] 
2020-11-16T00:32:00.187+0800: 0.911: [GC (CMS Initial Mark) [1 CMS-initial-mark: 174776K(174784K)] 239011K(253440K), 0.0001602 secs] [Times: user=0.00 sys=0.00, real=0.00 secs] 
2020-11-16T00:32:00.187+0800: 0.911: [CMS-concurrent-mark-start]
2020-11-16T00:32:00.189+0800: 0.913: [CMS-concurrent-mark: 0.002/0.002 secs] [Times: user=0.00 sys=0.00, real=0.00 secs] 
2020-11-16T00:32:00.189+0800: 0.913: [CMS-concurrent-preclean-start]
2020-11-16T00:32:00.189+0800: 0.914: [Full GC (Allocation Failure) 2020-11-16T00:32:00.189+0800: 0.914: [CMS2020-11-16T00:32:00.189+0800: 0.914: [CMS-concurrent-preclean: 0.001/0.001 secs] [Times: user=0.00 sys=0.00, real=0.00 secs] 
 (concurrent mode failure): 174776K->174431K(174784K), 0.0520864 secs] 253062K->238523K(253440K), [Metaspace: 3348K->3348K(1056768K)], 0.0522165 secs] [Times: user=0.05 sys=0.00, real=0.05 secs] 
2020-11-16T00:32:00.245+0800: 0.970: [Full GC (Allocation Failure) 2020-11-16T00:32:00.245+0800: 0.970: [CMS: 174620K->174572K(174784K), 0.0543632 secs] 253094K->242036K(253440K), [Metaspace: 3348K->3348K(1056768K)], 0.0544555 secs] [Times: user=0.06 sys=0.00, real=0.06 secs] 
2020-11-16T00:32:00.300+0800: 1.024: [GC (CMS Initial Mark) [1 CMS-initial-mark: 174572K(174784K)] 242220K(253440K), 0.0001819 secs] [Times: user=0.00 sys=0.00, real=0.00 secs] 
2020-11-16T00:32:00.300+0800: 1.024: [CMS-concurrent-mark-start]
2020-11-16T00:32:00.302+0800: 1.026: [CMS-concurrent-mark: 0.001/0.001 secs] [Times: user=0.00 sys=0.00, real=0.00 secs] 
2020-11-16T00:32:00.302+0800: 1.026: [CMS-concurrent-preclean-start]
2020-11-16T00:32:00.303+0800: 1.027: [CMS-concurrent-preclean: 0.001/0.001 secs] [Times: user=0.00 sys=0.00, real=0.00 secs] 
2020-11-16T00:32:00.303+0800: 1.027: [CMS-concurrent-abortable-preclean-start]
2020-11-16T00:32:00.303+0800: 1.027: [CMS-concurrent-abortable-preclean: 0.000/0.000 secs] [Times: user=0.00 sys=0.00, real=0.00 secs] 
2020-11-16T00:32:00.303+0800: 1.027: [Full GC (Allocation Failure) 2020-11-16T00:32:00.303+0800: 1.027: [CMS (concurrent mode failure): 174572K->174733K(174784K), 0.0549770 secs] 253173K->243235K(253440K), [Metaspace: 3449K->3449K(1056768K)], 0.0550504 secs] [Times: user=0.06 sys=0.00, real=0.06 secs] 
2020-11-16T00:32:00.364+0800: 1.088: [Full GC (Allocation Failure) 2020-11-16T00:32:00.364+0800: 1.088: [CMS: 174733K->174773K(174784K), 0.0521904 secs] 253172K->244626K(253440K), [Metaspace: 3528K->3528K(1056768K)], 0.0522860 secs] [Times: user=0.05 sys=0.00, real=0.05 secs] 
2020-11-16T00:32:00.417+0800: 1.141: [GC (CMS Initial Mark) [1 CMS-initial-mark: 174773K(174784K)] 245013K(253440K), 0.0002512 secs] [Times: user=0.00 sys=0.00, real=0.00 secs] 
2020-11-16T00:32:00.417+0800: 1.141: [CMS-concurrent-mark-start]
2020-11-16T00:32:00.419+0800: 1.143: [CMS-concurrent-mark: 0.001/0.001 secs] [Times: user=0.00 sys=0.00, real=0.00 secs] 
2020-11-16T00:32:00.419+0800: 1.143: [CMS-concurrent-preclean-start]
Heap
 par new generation   total 78656K, used 70405K [0x00000000f0000000, 0x00000000f5550000, 0x00000000f5550000)
  eden space 69952K, 100% used [0x00000000f0000000, 0x00000000f4450000, 0x00000000f4450000)
  from space 8704K,   5% used [0x00000000f4cd0000, 0x00000000f4d417c8, 0x00000000f5550000)
  to   space 8704K,   0% used [0x00000000f4450000, 0x00000000f4450000, 0x00000000f4cd0000)
 concurrent mark-sweep generation total 174784K, used 174773K [0x00000000f5550000, 0x0000000100000000, 0x0000000100000000)
 Metaspace       used 3630K, capacity 4540K, committed 4864K, reserved 1056768K
  class space    used 400K, capacity 428K, committed 512K, reserved 1048576K
