Java HotSpot(TM) 64-Bit Server VM (25.251-b08) for windows-amd64 JRE (1.8.0_251-b08), built on Mar 12 2020 06:31:49 by "" with MS VC++ 10.0 (VS2010)
Memory: 4k page, physical 33401132k(21903580k free), swap 38381868k(24324640k free)
CommandLine flags: -XX:InitialHeapSize=268435456 -XX:MaxHeapSize=268435456 -XX:+PrintGC -XX:+PrintGCDateStamps -XX:+PrintGCDetails -XX:+PrintGCTimeStamps -XX:+UseCompressedClassPointers -XX:+UseCompressedOops -XX:+UseG1GC -XX:-UseLargePagesIndividualAllocation 
2020-11-18T13:41:08.220+0800: 0.116: [GC pause (G1 Evacuation Pause) (young), 0.0021027 secs]
   [Parallel Time: 1.7 ms, GC Workers: 10]
      [GC Worker Start (ms): Min: 116.2, Avg: 116.2, Max: 116.2, Diff: 0.0]
      [Ext Root Scanning (ms): Min: 0.1, Avg: 0.2, Max: 0.3, Diff: 0.2, Sum: 1.8]
      [Update RS (ms): Min: 0.0, Avg: 0.0, Max: 0.0, Diff: 0.0, Sum: 0.0]
         [Processed Buffers: Min: 0, Avg: 0.0, Max: 0, Diff: 0, Sum: 0]
      [Scan RS (ms): Min: 0.0, Avg: 0.0, Max: 0.0, Diff: 0.0, Sum: 0.0]
      [Code Root Scanning (ms): Min: 0.0, Avg: 0.0, Max: 0.0, Diff: 0.0, Sum: 0.0]
      [Object Copy (ms): Min: 1.1, Avg: 1.2, Max: 1.3, Diff: 0.2, Sum: 12.4]
      [Termination (ms): Min: 0.0, Avg: 0.2, Max: 0.3, Diff: 0.3, Sum: 1.8]
         [Termination Attempts: Min: 1, Avg: 1.0, Max: 1, Diff: 0, Sum: 10]
      [GC Worker Other (ms): Min: 0.0, Avg: 0.0, Max: 0.1, Diff: 0.1, Sum: 0.4]
      [GC Worker Total (ms): Min: 1.6, Avg: 1.6, Max: 1.7, Diff: 0.0, Sum: 16.5]
      [GC Worker End (ms): Min: 117.9, Avg: 117.9, Max: 117.9, Diff: 0.0]
   [Code Root Fixup: 0.0 ms]
   [Code Root Purge: 0.0 ms]
   [Clear CT: 0.1 ms]
   [Other: 0.3 ms]
      [Choose CSet: 0.0 ms]
      [Ref Proc: 0.1 ms]
      [Ref Enq: 0.0 ms]
      [Redirty Cards: 0.1 ms]
      [Humongous Register: 0.0 ms]
      [Humongous Reclaim: 0.0 ms]
      [Free CSet: 0.0 ms]
   [Eden: 24.0M(24.0M)->0.0B(23.0M) Survivors: 0.0B->3072.0K Heap: 32.5M(256.0M)->10.6M(256.0M)]
 [Times: user=0.00 sys=0.00, real=0.00 secs] 
2020-11-18T13:41:08.228+0800: 0.124: [GC pause (G1 Evacuation Pause) (young), 0.0019013 secs]
   [Parallel Time: 1.6 ms, GC Workers: 10]
      [GC Worker Start (ms): Min: 124.3, Avg: 124.3, Max: 124.3, Diff: 0.0]
      [Ext Root Scanning (ms): Min: 0.1, Avg: 0.1, Max: 0.2, Diff: 0.1, Sum: 1.2]
      [Update RS (ms): Min: 0.0, Avg: 0.0, Max: 0.3, Diff: 0.3, Sum: 0.3]
         [Processed Buffers: Min: 0, Avg: 0.4, Max: 1, Diff: 1, Sum: 4]
      [Scan RS (ms): Min: 0.0, Avg: 0.0, Max: 0.0, Diff: 0.0, Sum: 0.0]
      [Code Root Scanning (ms): Min: 0.0, Avg: 0.0, Max: 0.0, Diff: 0.0, Sum: 0.0]
      [Object Copy (ms): Min: 1.0, Avg: 1.2, Max: 1.3, Diff: 0.4, Sum: 11.7]
      [Termination (ms): Min: 0.0, Avg: 0.1, Max: 0.2, Diff: 0.2, Sum: 1.2]
         [Termination Attempts: Min: 1, Avg: 1.0, Max: 1, Diff: 0, Sum: 10]
      [GC Worker Other (ms): Min: 0.0, Avg: 0.0, Max: 0.0, Diff: 0.0, Sum: 0.1]
      [GC Worker Total (ms): Min: 1.4, Avg: 1.4, Max: 1.5, Diff: 0.0, Sum: 14.5]
      [GC Worker End (ms): Min: 125.8, Avg: 125.8, Max: 125.8, Diff: 0.0]
   [Code Root Fixup: 0.0 ms]
   [Code Root Purge: 0.0 ms]
   [Clear CT: 0.1 ms]
   [Other: 0.3 ms]
      [Choose CSet: 0.0 ms]
      [Ref Proc: 0.1 ms]
      [Ref Enq: 0.0 ms]
      [Redirty Cards: 0.1 ms]
      [Humongous Register: 0.0 ms]
      [Humongous Reclaim: 0.0 ms]
      [Free CSet: 0.0 ms]
   [Eden: 23.0M(23.0M)->0.0B(35.0M) Survivors: 3072.0K->4096.0K Heap: 39.3M(256.0M)->19.2M(256.0M)]
 [Times: user=0.00 sys=0.00, real=0.00 secs] 
2020-11-18T13:41:08.243+0800: 0.139: [GC pause (G1 Evacuation Pause) (young), 0.0026738 secs]
   [Parallel Time: 2.3 ms, GC Workers: 10]
      [GC Worker Start (ms): Min: 138.7, Avg: 138.7, Max: 138.8, Diff: 0.1]
      [Ext Root Scanning (ms): Min: 0.0, Avg: 0.1, Max: 0.1, Diff: 0.1, Sum: 0.9]
      [Update RS (ms): Min: 0.0, Avg: 0.1, Max: 0.9, Diff: 0.8, Sum: 1.4]
         [Processed Buffers: Min: 0, Avg: 1.2, Max: 2, Diff: 2, Sum: 12]
      [Scan RS (ms): Min: 0.0, Avg: 0.0, Max: 0.0, Diff: 0.0, Sum: 0.0]
      [Code Root Scanning (ms): Min: 0.0, Avg: 0.0, Max: 0.0, Diff: 0.0, Sum: 0.0]
      [Object Copy (ms): Min: 1.2, Avg: 1.8, Max: 2.1, Diff: 0.8, Sum: 18.4]
      [Termination (ms): Min: 0.0, Avg: 0.1, Max: 0.2, Diff: 0.2, Sum: 1.2]
         [Termination Attempts: Min: 1, Avg: 1.0, Max: 1, Diff: 0, Sum: 10]
      [GC Worker Other (ms): Min: 0.0, Avg: 0.0, Max: 0.0, Diff: 0.0, Sum: 0.1]
      [GC Worker Total (ms): Min: 2.2, Avg: 2.2, Max: 2.3, Diff: 0.1, Sum: 22.1]
      [GC Worker End (ms): Min: 140.9, Avg: 140.9, Max: 140.9, Diff: 0.0]
   [Code Root Fixup: 0.0 ms]
   [Code Root Purge: 0.0 ms]
   [Clear CT: 0.1 ms]
   [Other: 0.2 ms]
      [Choose CSet: 0.0 ms]
      [Ref Proc: 0.1 ms]
      [Ref Enq: 0.0 ms]
      [Redirty Cards: 0.1 ms]
      [Humongous Register: 0.0 ms]
      [Humongous Reclaim: 0.0 ms]
      [Free CSet: 0.0 ms]
   [Eden: 35.0M(35.0M)->0.0B(76.0M) Survivors: 4096.0K->5120.0K Heap: 60.2M(256.0M)->33.7M(256.0M)]
 [Times: user=0.00 sys=0.00, real=0.00 secs] 
2020-11-18T13:41:08.275+0800: 0.171: [GC pause (G1 Evacuation Pause) (young), 0.0047397 secs]
   [Parallel Time: 4.4 ms, GC Workers: 10]
      [GC Worker Start (ms): Min: 171.1, Avg: 171.1, Max: 171.2, Diff: 0.1]
      [Ext Root Scanning (ms): Min: 0.0, Avg: 0.1, Max: 0.1, Diff: 0.1, Sum: 1.0]
      [Update RS (ms): Min: 0.4, Avg: 0.4, Max: 0.4, Diff: 0.0, Sum: 4.1]
         [Processed Buffers: Min: 1, Avg: 6.5, Max: 8, Diff: 7, Sum: 65]
      [Scan RS (ms): Min: 0.0, Avg: 0.0, Max: 0.0, Diff: 0.0, Sum: 0.0]
      [Code Root Scanning (ms): Min: 0.0, Avg: 0.0, Max: 0.0, Diff: 0.0, Sum: 0.0]
      [Object Copy (ms): Min: 3.5, Avg: 3.7, Max: 3.8, Diff: 0.3, Sum: 36.7]
      [Termination (ms): Min: 0.0, Avg: 0.1, Max: 0.3, Diff: 0.3, Sum: 1.3]
         [Termination Attempts: Min: 1, Avg: 1.0, Max: 1, Diff: 0, Sum: 10]
      [GC Worker Other (ms): Min: 0.0, Avg: 0.0, Max: 0.0, Diff: 0.0, Sum: 0.1]
      [GC Worker Total (ms): Min: 4.2, Avg: 4.3, Max: 4.4, Diff: 0.1, Sum: 43.2]
      [GC Worker End (ms): Min: 175.4, Avg: 175.4, Max: 175.4, Diff: 0.0]
   [Code Root Fixup: 0.0 ms]
   [Code Root Purge: 0.0 ms]
   [Clear CT: 0.1 ms]
   [Other: 0.3 ms]
      [Choose CSet: 0.0 ms]
      [Ref Proc: 0.1 ms]
      [Ref Enq: 0.0 ms]
      [Redirty Cards: 0.1 ms]
      [Humongous Register: 0.0 ms]
      [Humongous Reclaim: 0.0 ms]
      [Free CSet: 0.0 ms]
   [Eden: 76.0M(76.0M)->0.0B(69.0M) Survivors: 5120.0K->11.0M Heap: 123.9M(256.0M)->66.0M(256.0M)]
 [Times: user=0.00 sys=0.00, real=0.00 secs] 
2020-11-18T13:41:08.303+0800: 0.199: [GC pause (G1 Evacuation Pause) (young), 0.0037804 secs]
   [Parallel Time: 3.5 ms, GC Workers: 10]
      [GC Worker Start (ms): Min: 199.0, Avg: 199.0, Max: 199.1, Diff: 0.0]
      [Ext Root Scanning (ms): Min: 0.1, Avg: 0.1, Max: 0.1, Diff: 0.0, Sum: 1.1]
      [Update RS (ms): Min: 0.4, Avg: 0.5, Max: 0.5, Diff: 0.0, Sum: 4.6]
         [Processed Buffers: Min: 7, Avg: 7.4, Max: 8, Diff: 1, Sum: 74]
      [Scan RS (ms): Min: 0.0, Avg: 0.0, Max: 0.0, Diff: 0.0, Sum: 0.0]
      [Code Root Scanning (ms): Min: 0.0, Avg: 0.0, Max: 0.0, Diff: 0.0, Sum: 0.0]
      [Object Copy (ms): Min: 2.6, Avg: 2.7, Max: 2.8, Diff: 0.2, Sum: 26.9]
      [Termination (ms): Min: 0.0, Avg: 0.1, Max: 0.2, Diff: 0.2, Sum: 1.1]
         [Termination Attempts: Min: 1, Avg: 1.1, Max: 2, Diff: 1, Sum: 11]
      [GC Worker Other (ms): Min: 0.0, Avg: 0.0, Max: 0.0, Diff: 0.0, Sum: 0.1]
      [GC Worker Total (ms): Min: 3.4, Avg: 3.4, Max: 3.4, Diff: 0.0, Sum: 33.8]
      [GC Worker End (ms): Min: 202.4, Avg: 202.4, Max: 202.4, Diff: 0.0]
   [Code Root Fixup: 0.0 ms]
   [Code Root Purge: 0.0 ms]
   [Clear CT: 0.1 ms]
   [Other: 0.3 ms]
      [Choose CSet: 0.0 ms]
      [Ref Proc: 0.1 ms]
      [Ref Enq: 0.0 ms]
      [Redirty Cards: 0.1 ms]
      [Humongous Register: 0.0 ms]
      [Humongous Reclaim: 0.0 ms]
      [Free CSet: 0.0 ms]
   [Eden: 69.0M(69.0M)->0.0B(86.0M) Survivors: 11.0M->10.0M Heap: 159.1M(256.0M)->95.0M(256.0M)]
 [Times: user=0.00 sys=0.00, real=0.00 secs] 
2020-11-18T13:41:08.315+0800: 0.211: [GC pause (G1 Humongous Allocation) (young) (initial-mark), 0.0035868 secs]
   [Parallel Time: 3.3 ms, GC Workers: 10]
      [GC Worker Start (ms): Min: 211.4, Avg: 211.5, Max: 211.6, Diff: 0.2]
      [Ext Root Scanning (ms): Min: 0.0, Avg: 0.1, Max: 0.2, Diff: 0.2, Sum: 1.2]
      [Update RS (ms): Min: 0.5, Avg: 0.5, Max: 0.5, Diff: 0.1, Sum: 4.9]
         [Processed Buffers: Min: 6, Avg: 8.0, Max: 9, Diff: 3, Sum: 80]
      [Scan RS (ms): Min: 0.0, Avg: 0.0, Max: 0.0, Diff: 0.0, Sum: 0.0]
      [Code Root Scanning (ms): Min: 0.0, Avg: 0.0, Max: 0.0, Diff: 0.0, Sum: 0.0]
      [Object Copy (ms): Min: 2.4, Avg: 2.4, Max: 2.5, Diff: 0.2, Sum: 24.4]
      [Termination (ms): Min: 0.0, Avg: 0.1, Max: 0.2, Diff: 0.2, Sum: 1.0]
         [Termination Attempts: Min: 1, Avg: 1.0, Max: 1, Diff: 0, Sum: 10]
      [GC Worker Other (ms): Min: 0.0, Avg: 0.0, Max: 0.0, Diff: 0.0, Sum: 0.1]
      [GC Worker Total (ms): Min: 3.1, Avg: 3.2, Max: 3.2, Diff: 0.2, Sum: 31.6]
      [GC Worker End (ms): Min: 214.6, Avg: 214.6, Max: 214.7, Diff: 0.0]
   [Code Root Fixup: 0.0 ms]
   [Code Root Purge: 0.0 ms]
   [Clear CT: 0.1 ms]
   [Other: 0.3 ms]
      [Choose CSet: 0.0 ms]
      [Ref Proc: 0.1 ms]
      [Ref Enq: 0.0 ms]
      [Redirty Cards: 0.1 ms]
      [Humongous Register: 0.0 ms]
      [Humongous Reclaim: 0.0 ms]
      [Free CSet: 0.0 ms]
   [Eden: 55.0M(86.0M)->0.0B(72.0M) Survivors: 10.0M->12.0M Heap: 160.4M(256.0M)->114.6M(256.0M)]
 [Times: user=0.16 sys=0.00, real=0.00 secs] 
2020-11-18T13:41:08.318+0800: 0.215: [GC concurrent-root-region-scan-start]
2020-11-18T13:41:08.319+0800: 0.215: [GC concurrent-root-region-scan-end, 0.0001353 secs]
2020-11-18T13:41:08.319+0800: 0.215: [GC concurrent-mark-start]
2020-11-18T13:41:08.320+0800: 0.216: [GC concurrent-mark-end, 0.0010003 secs]
2020-11-18T13:41:08.320+0800: 0.216: [GC remark 2020-11-18T13:41:08.320+0800: 0.216: [Finalize Marking, 0.0000617 secs] 2020-11-18T13:41:08.320+0800: 0.216: [GC ref-proc, 0.0000694 secs] 2020-11-18T13:41:08.320+0800: 0.216: [Unloading, 0.0003334 secs], 0.0006628 secs]
 [Times: user=0.00 sys=0.00, real=0.00 secs] 
2020-11-18T13:41:08.320+0800: 0.217: [GC cleanup 122M->122M(256M), 0.0002747 secs]
 [Times: user=0.00 sys=0.00, real=0.00 secs] 
2020-11-18T13:41:08.333+0800: 0.230: [GC pause (G1 Evacuation Pause) (young) (to-space exhausted), 0.0037039 secs]
   [Parallel Time: 3.4 ms, GC Workers: 10]
      [GC Worker Start (ms): Min: 230.0, Avg: 230.0, Max: 230.1, Diff: 0.1]
      [Ext Root Scanning (ms): Min: 0.0, Avg: 0.1, Max: 0.1, Diff: 0.1, Sum: 1.0]
      [Update RS (ms): Min: 0.1, Avg: 0.2, Max: 0.2, Diff: 0.0, Sum: 1.6]
         [Processed Buffers: Min: 0, Avg: 2.2, Max: 3, Diff: 3, Sum: 22]
      [Scan RS (ms): Min: 0.0, Avg: 0.0, Max: 0.0, Diff: 0.0, Sum: 0.1]
      [Code Root Scanning (ms): Min: 0.0, Avg: 0.0, Max: 0.0, Diff: 0.0, Sum: 0.0]
      [Object Copy (ms): Min: 2.9, Avg: 3.0, Max: 3.1, Diff: 0.2, Sum: 29.8]
      [Termination (ms): Min: 0.0, Avg: 0.1, Max: 0.1, Diff: 0.1, Sum: 0.9]
         [Termination Attempts: Min: 1, Avg: 1.0, Max: 1, Diff: 0, Sum: 10]
      [GC Worker Other (ms): Min: 0.0, Avg: 0.0, Max: 0.0, Diff: 0.0, Sum: 0.1]
      [GC Worker Total (ms): Min: 3.2, Avg: 3.3, Max: 3.4, Diff: 0.1, Sum: 33.3]
      [GC Worker End (ms): Min: 233.3, Avg: 233.4, Max: 233.4, Diff: 0.0]
   [Code Root Fixup: 0.0 ms]
   [Code Root Purge: 0.0 ms]
   [Clear CT: 0.1 ms]
   [Other: 0.3 ms]
      [Evacuation Failure: 0.1 ms]
      [Choose CSet: 0.0 ms]
      [Ref Proc: 0.1 ms]
      [Ref Enq: 0.0 ms]
      [Redirty Cards: 0.0 ms]
      [Humongous Register: 0.0 ms]
      [Humongous Reclaim: 0.0 ms]
      [Free CSet: 0.0 ms]
   [Eden: 72.0M(72.0M)->0.0B(5120.0K) Survivors: 12.0M->11.0M Heap: 202.2M(256.0M)->147.0M(256.0M)]
 [Times: user=0.00 sys=0.00, real=0.00 secs] 
2020-11-18T13:41:08.338+0800: 0.234: [GC pause (G1 Evacuation Pause) (mixed), 0.0017512 secs]
   [Parallel Time: 1.5 ms, GC Workers: 10]
      [GC Worker Start (ms): Min: 234.4, Avg: 234.4, Max: 234.4, Diff: 0.0]
      [Ext Root Scanning (ms): Min: 0.1, Avg: 0.1, Max: 0.1, Diff: 0.0, Sum: 1.0]
      [Update RS (ms): Min: 0.1, Avg: 0.1, Max: 0.2, Diff: 0.1, Sum: 1.3]
         [Processed Buffers: Min: 2, Avg: 2.3, Max: 3, Diff: 1, Sum: 23]
      [Scan RS (ms): Min: 0.0, Avg: 0.0, Max: 0.0, Diff: 0.0, Sum: 0.0]
      [Code Root Scanning (ms): Min: 0.0, Avg: 0.0, Max: 0.0, Diff: 0.0, Sum: 0.0]
      [Object Copy (ms): Min: 1.0, Avg: 1.1, Max: 1.2, Diff: 0.2, Sum: 10.9]
      [Termination (ms): Min: 0.0, Avg: 0.1, Max: 0.2, Diff: 0.2, Sum: 1.2]
         [Termination Attempts: Min: 1, Avg: 1.0, Max: 1, Diff: 0, Sum: 10]
      [GC Worker Other (ms): Min: 0.0, Avg: 0.0, Max: 0.0, Diff: 0.0, Sum: 0.0]
      [GC Worker Total (ms): Min: 1.4, Avg: 1.5, Max: 1.5, Diff: 0.0, Sum: 14.5]
      [GC Worker End (ms): Min: 235.9, Avg: 235.9, Max: 235.9, Diff: 0.0]
   [Code Root Fixup: 0.0 ms]
   [Code Root Purge: 0.0 ms]
   [Clear CT: 0.1 ms]
   [Other: 0.2 ms]
      [Choose CSet: 0.0 ms]
      [Ref Proc: 0.1 ms]
      [Ref Enq: 0.0 ms]
      [Redirty Cards: 0.1 ms]
      [Humongous Register: 0.0 ms]
      [Humongous Reclaim: 0.0 ms]
      [Free CSet: 0.0 ms]
   [Eden: 5120.0K(5120.0K)->0.0B(45.0M) Survivors: 11.0M->2048.0K Heap: 154.1M(256.0M)->150.2M(256.0M)]
 [Times: user=0.00 sys=0.00, real=0.00 secs] 
2020-11-18T13:41:08.340+0800: 0.236: [GC pause (G1 Humongous Allocation) (young) (initial-mark), 0.0005919 secs]
   [Parallel Time: 0.3 ms, GC Workers: 10]
      [GC Worker Start (ms): Min: 236.5, Avg: 236.5, Max: 236.5, Diff: 0.0]
      [Ext Root Scanning (ms): Min: 0.1, Avg: 0.1, Max: 0.1, Diff: 0.0, Sum: 1.0]
      [Update RS (ms): Min: 0.0, Avg: 0.0, Max: 0.0, Diff: 0.0, Sum: 0.2]
         [Processed Buffers: Min: 1, Avg: 1.2, Max: 2, Diff: 1, Sum: 12]
      [Scan RS (ms): Min: 0.0, Avg: 0.0, Max: 0.0, Diff: 0.0, Sum: 0.0]
      [Code Root Scanning (ms): Min: 0.0, Avg: 0.0, Max: 0.0, Diff: 0.0, Sum: 0.0]
      [Object Copy (ms): Min: 0.0, Avg: 0.1, Max: 0.2, Diff: 0.2, Sum: 1.2]
      [Termination (ms): Min: 0.0, Avg: 0.0, Max: 0.1, Diff: 0.1, Sum: 0.5]
         [Termination Attempts: Min: 1, Avg: 1.0, Max: 1, Diff: 0, Sum: 10]
      [GC Worker Other (ms): Min: 0.0, Avg: 0.0, Max: 0.0, Diff: 0.0, Sum: 0.1]
      [GC Worker Total (ms): Min: 0.3, Avg: 0.3, Max: 0.3, Diff: 0.0, Sum: 2.9]
      [GC Worker End (ms): Min: 236.8, Avg: 236.8, Max: 236.8, Diff: 0.0]
   [Code Root Fixup: 0.0 ms]
   [Code Root Purge: 0.0 ms]
   [Clear CT: 0.0 ms]
   [Other: 0.2 ms]
      [Choose CSet: 0.0 ms]
      [Ref Proc: 0.1 ms]
      [Ref Enq: 0.0 ms]
      [Redirty Cards: 0.1 ms]
      [Humongous Register: 0.0 ms]
      [Humongous Reclaim: 0.0 ms]
      [Free CSet: 0.0 ms]
   [Eden: 1024.0K(45.0M)->0.0B(46.0M) Survivors: 2048.0K->3072.0K Heap: 151.1M(256.0M)->150.5M(256.0M)]
 [Times: user=0.00 sys=0.00, real=0.00 secs] 
2020-11-18T13:41:08.341+0800: 0.237: [GC concurrent-root-region-scan-start]
2020-11-18T13:41:08.341+0800: 0.237: [GC concurrent-root-region-scan-end, 0.0000861 secs]
2020-11-18T13:41:08.341+0800: 0.237: [GC concurrent-mark-start]
2020-11-18T13:41:08.341+0800: 0.238: [GC concurrent-mark-end, 0.0006842 secs]
2020-11-18T13:41:08.341+0800: 0.238: [GC remark 2020-11-18T13:41:08.341+0800: 0.238: [Finalize Marking, 0.0000799 secs] 2020-11-18T13:41:08.341+0800: 0.238: [GC ref-proc, 0.0000684 secs] 2020-11-18T13:41:08.342+0800: 0.238: [Unloading, 0.0003118 secs], 0.0006571 secs]
 [Times: user=0.00 sys=0.00, real=0.00 secs] 
2020-11-18T13:41:08.342+0800: 0.239: [GC cleanup 157M->157M(256M), 0.0002714 secs]
 [Times: user=0.00 sys=0.00, real=0.00 secs] 
2020-11-18T13:41:08.348+0800: 0.245: [GC pause (G1 Evacuation Pause) (young), 0.0020618 secs]
   [Parallel Time: 1.8 ms, GC Workers: 10]
      [GC Worker Start (ms): Min: 244.6, Avg: 244.6, Max: 244.6, Diff: 0.0]
      [Ext Root Scanning (ms): Min: 0.1, Avg: 0.1, Max: 0.1, Diff: 0.0, Sum: 1.1]
      [Update RS (ms): Min: 0.1, Avg: 0.2, Max: 0.2, Diff: 0.1, Sum: 1.5]
         [Processed Buffers: Min: 2, Avg: 2.5, Max: 3, Diff: 1, Sum: 25]
      [Scan RS (ms): Min: 0.0, Avg: 0.0, Max: 0.0, Diff: 0.0, Sum: 0.1]
      [Code Root Scanning (ms): Min: 0.0, Avg: 0.0, Max: 0.0, Diff: 0.0, Sum: 0.0]
      [Object Copy (ms): Min: 1.4, Avg: 1.4, Max: 1.5, Diff: 0.1, Sum: 14.2]
      [Termination (ms): Min: 0.0, Avg: 0.0, Max: 0.1, Diff: 0.1, Sum: 0.5]
         [Termination Attempts: Min: 1, Avg: 1.0, Max: 1, Diff: 0, Sum: 10]
      [GC Worker Other (ms): Min: 0.0, Avg: 0.0, Max: 0.0, Diff: 0.0, Sum: 0.1]
      [GC Worker Total (ms): Min: 1.7, Avg: 1.7, Max: 1.8, Diff: 0.1, Sum: 17.4]
      [GC Worker End (ms): Min: 246.3, Avg: 246.3, Max: 246.3, Diff: 0.0]
   [Code Root Fixup: 0.0 ms]
   [Code Root Purge: 0.0 ms]
   [Clear CT: 0.1 ms]
   [Other: 0.2 ms]
      [Choose CSet: 0.0 ms]
      [Ref Proc: 0.1 ms]
      [Ref Enq: 0.0 ms]
      [Redirty Cards: 0.1 ms]
      [Humongous Register: 0.0 ms]
      [Humongous Reclaim: 0.0 ms]
      [Free CSet: 0.0 ms]
   [Eden: 46.0M(46.0M)->0.0B(6144.0K) Survivors: 3072.0K->7168.0K Heap: 206.0M(256.0M)->168.8M(256.0M)]
 [Times: user=0.00 sys=0.00, real=0.00 secs] 
2020-11-18T13:41:08.351+0800: 0.248: [GC pause (G1 Evacuation Pause) (mixed), 0.0020186 secs]
   [Parallel Time: 1.8 ms, GC Workers: 10]
      [GC Worker Start (ms): Min: 247.7, Avg: 247.7, Max: 247.8, Diff: 0.1]
      [Ext Root Scanning (ms): Min: 0.0, Avg: 0.1, Max: 0.1, Diff: 0.1, Sum: 0.9]
      [Update RS (ms): Min: 0.1, Avg: 0.1, Max: 0.1, Diff: 0.0, Sum: 0.9]
         [Processed Buffers: Min: 1, Avg: 2.2, Max: 3, Diff: 2, Sum: 22]
      [Scan RS (ms): Min: 0.0, Avg: 0.0, Max: 0.1, Diff: 0.1, Sum: 0.2]
      [Code Root Scanning (ms): Min: 0.0, Avg: 0.0, Max: 0.0, Diff: 0.0, Sum: 0.0]
      [Object Copy (ms): Min: 1.4, Avg: 1.5, Max: 1.5, Diff: 0.1, Sum: 14.5]
      [Termination (ms): Min: 0.0, Avg: 0.0, Max: 0.1, Diff: 0.1, Sum: 0.4]
         [Termination Attempts: Min: 1, Avg: 1.0, Max: 1, Diff: 0, Sum: 10]
      [GC Worker Other (ms): Min: 0.0, Avg: 0.0, Max: 0.0, Diff: 0.0, Sum: 0.0]
      [GC Worker Total (ms): Min: 1.6, Avg: 1.7, Max: 1.7, Diff: 0.1, Sum: 16.9]
      [GC Worker End (ms): Min: 249.4, Avg: 249.4, Max: 249.4, Diff: 0.0]
   [Code Root Fixup: 0.0 ms]
   [Code Root Purge: 0.0 ms]
   [Clear CT: 0.1 ms]
   [Other: 0.2 ms]
      [Choose CSet: 0.0 ms]
      [Ref Proc: 0.1 ms]
      [Ref Enq: 0.0 ms]
      [Redirty Cards: 0.1 ms]
      [Humongous Register: 0.0 ms]
      [Humongous Reclaim: 0.0 ms]
      [Free CSet: 0.0 ms]
   [Eden: 6144.0K(6144.0K)->0.0B(10.0M) Survivors: 7168.0K->2048.0K Heap: 176.0M(256.0M)->153.3M(256.0M)]
 [Times: user=0.00 sys=0.00, real=0.00 secs] 
2020-11-18T13:41:08.355+0800: 0.251: [GC pause (G1 Evacuation Pause) (mixed), 0.0009921 secs]
   [Parallel Time: 0.8 ms, GC Workers: 10]
      [GC Worker Start (ms): Min: 251.2, Avg: 251.2, Max: 251.2, Diff: 0.0]
      [Ext Root Scanning (ms): Min: 0.1, Avg: 0.1, Max: 0.1, Diff: 0.0, Sum: 0.9]
      [Update RS (ms): Min: 0.1, Avg: 0.2, Max: 0.2, Diff: 0.1, Sum: 1.7]
         [Processed Buffers: Min: 2, Avg: 2.8, Max: 3, Diff: 1, Sum: 28]
      [Scan RS (ms): Min: 0.0, Avg: 0.0, Max: 0.1, Diff: 0.1, Sum: 0.1]
      [Code Root Scanning (ms): Min: 0.0, Avg: 0.0, Max: 0.0, Diff: 0.0, Sum: 0.0]
      [Object Copy (ms): Min: 0.3, Avg: 0.4, Max: 0.5, Diff: 0.2, Sum: 4.0]
      [Termination (ms): Min: 0.0, Avg: 0.0, Max: 0.1, Diff: 0.1, Sum: 0.4]
         [Termination Attempts: Min: 1, Avg: 1.1, Max: 2, Diff: 1, Sum: 11]
      [GC Worker Other (ms): Min: 0.0, Avg: 0.0, Max: 0.0, Diff: 0.0, Sum: 0.0]
      [GC Worker Total (ms): Min: 0.7, Avg: 0.7, Max: 0.7, Diff: 0.0, Sum: 7.2]
      [GC Worker End (ms): Min: 251.9, Avg: 251.9, Max: 251.9, Diff: 0.0]
   [Code Root Fixup: 0.0 ms]
   [Code Root Purge: 0.0 ms]
   [Clear CT: 0.0 ms]
   [Other: 0.2 ms]
      [Choose CSet: 0.0 ms]
      [Ref Proc: 0.1 ms]
      [Ref Enq: 0.0 ms]
      [Redirty Cards: 0.0 ms]
      [Humongous Register: 0.0 ms]
      [Humongous Reclaim: 0.0 ms]
      [Free CSet: 0.0 ms]
   [Eden: 10.0M(10.0M)->0.0B(38.0M) Survivors: 2048.0K->2048.0K Heap: 167.5M(256.0M)->158.2M(256.0M)]
 [Times: user=0.00 sys=0.00, real=0.00 secs] 
2020-11-18T13:41:08.356+0800: 0.252: [GC pause (G1 Humongous Allocation) (young) (initial-mark), 0.0006399 secs]
   [Parallel Time: 0.4 ms, GC Workers: 10]
      [GC Worker Start (ms): Min: 252.3, Avg: 252.4, Max: 252.4, Diff: 0.0]
      [Ext Root Scanning (ms): Min: 0.1, Avg: 0.2, Max: 0.2, Diff: 0.0, Sum: 1.5]
      [Update RS (ms): Min: 0.0, Avg: 0.0, Max: 0.1, Diff: 0.1, Sum: 0.3]
         [Processed Buffers: Min: 0, Avg: 1.2, Max: 2, Diff: 2, Sum: 12]
      [Scan RS (ms): Min: 0.0, Avg: 0.0, Max: 0.0, Diff: 0.0, Sum: 0.0]
      [Code Root Scanning (ms): Min: 0.0, Avg: 0.0, Max: 0.0, Diff: 0.0, Sum: 0.0]
      [Object Copy (ms): Min: 0.1, Avg: 0.1, Max: 0.2, Diff: 0.1, Sum: 1.4]
      [Termination (ms): Min: 0.0, Avg: 0.0, Max: 0.1, Diff: 0.1, Sum: 0.4]
         [Termination Attempts: Min: 1, Avg: 1.0, Max: 1, Diff: 0, Sum: 10]
      [GC Worker Other (ms): Min: 0.0, Avg: 0.0, Max: 0.0, Diff: 0.0, Sum: 0.0]
      [GC Worker Total (ms): Min: 0.3, Avg: 0.4, Max: 0.4, Diff: 0.0, Sum: 3.6]
      [GC Worker End (ms): Min: 252.7, Avg: 252.7, Max: 252.7, Diff: 0.0]
   [Code Root Fixup: 0.0 ms]
   [Code Root Purge: 0.0 ms]
   [Clear CT: 0.1 ms]
   [Other: 0.2 ms]
      [Choose CSet: 0.0 ms]
      [Ref Proc: 0.1 ms]
      [Ref Enq: 0.0 ms]
      [Redirty Cards: 0.0 ms]
      [Humongous Register: 0.0 ms]
      [Humongous Reclaim: 0.0 ms]
      [Free CSet: 0.0 ms]
   [Eden: 1024.0K(38.0M)->0.0B(37.0M) Survivors: 2048.0K->3072.0K Heap: 158.7M(256.0M)->158.4M(256.0M)]
 [Times: user=0.00 sys=0.00, real=0.00 secs] 
2020-11-18T13:41:08.357+0800: 0.253: [GC concurrent-root-region-scan-start]
2020-11-18T13:41:08.357+0800: 0.253: [GC concurrent-root-region-scan-end, 0.0000761 secs]
2020-11-18T13:41:08.357+0800: 0.253: [GC concurrent-mark-start]
2020-11-18T13:41:08.357+0800: 0.254: [GC concurrent-mark-end, 0.0006908 secs]
2020-11-18T13:41:08.357+0800: 0.254: [GC remark 2020-11-18T13:41:08.357+0800: 0.254: [Finalize Marking, 0.0000487 secs] 2020-11-18T13:41:08.357+0800: 0.254: [GC ref-proc, 0.0000672 secs] 2020-11-18T13:41:08.357+0800: 0.254: [Unloading, 0.0003147 secs], 0.0006503 secs]
 [Times: user=0.00 sys=0.00, real=0.00 secs] 
2020-11-18T13:41:08.358+0800: 0.255: [GC cleanup 165M->165M(256M), 0.0002971 secs]
 [Times: user=0.00 sys=0.00, real=0.00 secs] 
2020-11-18T13:41:08.364+0800: 0.261: [GC pause (G1 Evacuation Pause) (young), 0.0017705 secs]
   [Parallel Time: 1.5 ms, GC Workers: 10]
      [GC Worker Start (ms): Min: 261.0, Avg: 261.0, Max: 261.3, Diff: 0.3]
      [Ext Root Scanning (ms): Min: 0.0, Avg: 0.1, Max: 0.1, Diff: 0.1, Sum: 0.9]
      [Update RS (ms): Min: 0.0, Avg: 0.2, Max: 0.2, Diff: 0.2, Sum: 1.8]
         [Processed Buffers: Min: 0, Avg: 2.7, Max: 5, Diff: 5, Sum: 27]
      [Scan RS (ms): Min: 0.0, Avg: 0.0, Max: 0.0, Diff: 0.0, Sum: 0.0]
      [Code Root Scanning (ms): Min: 0.0, Avg: 0.0, Max: 0.0, Diff: 0.0, Sum: 0.0]
      [Object Copy (ms): Min: 1.0, Avg: 1.1, Max: 1.1, Diff: 0.1, Sum: 10.7]
      [Termination (ms): Min: 0.0, Avg: 0.1, Max: 0.1, Diff: 0.1, Sum: 0.5]
         [Termination Attempts: Min: 1, Avg: 1.2, Max: 2, Diff: 1, Sum: 12]
      [GC Worker Other (ms): Min: 0.0, Avg: 0.0, Max: 0.0, Diff: 0.0, Sum: 0.1]
      [GC Worker Total (ms): Min: 1.1, Avg: 1.4, Max: 1.5, Diff: 0.4, Sum: 14.0]
      [GC Worker End (ms): Min: 262.4, Avg: 262.4, Max: 262.4, Diff: 0.0]
   [Code Root Fixup: 0.0 ms]
   [Code Root Purge: 0.0 ms]
   [Clear CT: 0.1 ms]
   [Other: 0.2 ms]
      [Choose CSet: 0.0 ms]
      [Ref Proc: 0.1 ms]
      [Ref Enq: 0.0 ms]
      [Redirty Cards: 0.0 ms]
      [Humongous Register: 0.0 ms]
      [Humongous Reclaim: 0.0 ms]
      [Free CSet: 0.0 ms]
   [Eden: 37.0M(37.0M)->0.0B(7168.0K) Survivors: 3072.0K->5120.0K Heap: 209.5M(256.0M)->175.1M(256.0M)]
 [Times: user=0.00 sys=0.00, real=0.00 secs] 
2020-11-18T13:41:08.367+0800: 0.264: [GC pause (G1 Evacuation Pause) (mixed), 0.0025096 secs]
   [Parallel Time: 2.2 ms, GC Workers: 10]
      [GC Worker Start (ms): Min: 263.8, Avg: 263.8, Max: 263.9, Diff: 0.1]
      [Ext Root Scanning (ms): Min: 0.0, Avg: 0.1, Max: 0.1, Diff: 0.1, Sum: 1.0]
      [Update RS (ms): Min: 0.0, Avg: 0.1, Max: 0.1, Diff: 0.0, Sum: 0.6]
         [Processed Buffers: Min: 0, Avg: 1.7, Max: 3, Diff: 3, Sum: 17]
      [Scan RS (ms): Min: 0.0, Avg: 0.0, Max: 0.0, Diff: 0.0, Sum: 0.1]
      [Code Root Scanning (ms): Min: 0.0, Avg: 0.0, Max: 0.0, Diff: 0.0, Sum: 0.0]
      [Object Copy (ms): Min: 1.9, Avg: 2.0, Max: 2.0, Diff: 0.1, Sum: 19.6]
      [Termination (ms): Min: 0.0, Avg: 0.0, Max: 0.1, Diff: 0.1, Sum: 0.4]
         [Termination Attempts: Min: 1, Avg: 1.0, Max: 1, Diff: 0, Sum: 10]
      [GC Worker Other (ms): Min: 0.0, Avg: 0.0, Max: 0.0, Diff: 0.0, Sum: 0.0]
      [GC Worker Total (ms): Min: 2.1, Avg: 2.2, Max: 2.2, Diff: 0.1, Sum: 21.8]
      [GC Worker End (ms): Min: 266.0, Avg: 266.0, Max: 266.0, Diff: 0.0]
   [Code Root Fixup: 0.0 ms]
   [Code Root Purge: 0.0 ms]
   [Clear CT: 0.1 ms]
   [Other: 0.2 ms]
      [Choose CSet: 0.0 ms]
      [Ref Proc: 0.1 ms]
      [Ref Enq: 0.0 ms]
      [Redirty Cards: 0.1 ms]
      [Humongous Register: 0.0 ms]
      [Humongous Reclaim: 0.0 ms]
      [Free CSet: 0.0 ms]
   [Eden: 7168.0K(7168.0K)->0.0B(27.0M) Survivors: 5120.0K->2048.0K Heap: 182.8M(256.0M)->169.2M(256.0M)]
 [Times: user=0.00 sys=0.00, real=0.00 secs] 
2020-11-18T13:41:08.370+0800: 0.266: [GC pause (G1 Humongous Allocation) (young) (initial-mark), 0.0006310 secs]
   [Parallel Time: 0.4 ms, GC Workers: 10]
      [GC Worker Start (ms): Min: 266.4, Avg: 266.5, Max: 266.6, Diff: 0.1]
      [Ext Root Scanning (ms): Min: 0.0, Avg: 0.1, Max: 0.2, Diff: 0.1, Sum: 1.2]
      [Update RS (ms): Min: 0.0, Avg: 0.0, Max: 0.1, Diff: 0.1, Sum: 0.3]
         [Processed Buffers: Min: 0, Avg: 1.1, Max: 2, Diff: 2, Sum: 11]
      [Scan RS (ms): Min: 0.0, Avg: 0.0, Max: 0.0, Diff: 0.0, Sum: 0.0]
      [Code Root Scanning (ms): Min: 0.0, Avg: 0.0, Max: 0.0, Diff: 0.0, Sum: 0.0]
      [Object Copy (ms): Min: 0.0, Avg: 0.1, Max: 0.2, Diff: 0.2, Sum: 1.5]
      [Termination (ms): Min: 0.0, Avg: 0.0, Max: 0.1, Diff: 0.1, Sum: 0.4]
         [Termination Attempts: Min: 1, Avg: 1.0, Max: 1, Diff: 0, Sum: 10]
      [GC Worker Other (ms): Min: 0.0, Avg: 0.0, Max: 0.0, Diff: 0.0, Sum: 0.0]
      [GC Worker Total (ms): Min: 0.2, Avg: 0.3, Max: 0.4, Diff: 0.1, Sum: 3.4]
      [GC Worker End (ms): Min: 266.8, Avg: 266.8, Max: 266.8, Diff: 0.0]
   [Code Root Fixup: 0.0 ms]
   [Code Root Purge: 0.0 ms]
   [Clear CT: 0.1 ms]
   [Other: 0.2 ms]
      [Choose CSet: 0.0 ms]
      [Ref Proc: 0.0 ms]
      [Ref Enq: 0.0 ms]
      [Redirty Cards: 0.0 ms]
      [Humongous Register: 0.0 ms]
      [Humongous Reclaim: 0.0 ms]
      [Free CSet: 0.0 ms]
   [Eden: 1024.0K(27.0M)->0.0B(25.0M) Survivors: 2048.0K->3072.0K Heap: 169.8M(256.0M)->169.9M(256.0M)]
 [Times: user=0.00 sys=0.00, real=0.00 secs] 
2020-11-18T13:41:08.371+0800: 0.267: [GC concurrent-root-region-scan-start]
2020-11-18T13:41:08.371+0800: 0.267: [GC concurrent-root-region-scan-end, 0.0000757 secs]
2020-11-18T13:41:08.371+0800: 0.267: [GC concurrent-mark-start]
2020-11-18T13:41:08.371+0800: 0.268: [GC concurrent-mark-end, 0.0007096 secs]
2020-11-18T13:41:08.371+0800: 0.268: [GC remark 2020-11-18T13:41:08.371+0800: 0.268: [Finalize Marking, 0.0000527 secs] 2020-11-18T13:41:08.372+0800: 0.268: [GC ref-proc, 0.0000671 secs] 2020-11-18T13:41:08.372+0800: 0.268: [Unloading, 0.0003138 secs], 0.0007120 secs]
 [Times: user=0.00 sys=0.00, real=0.00 secs] 
2020-11-18T13:41:08.372+0800: 0.269: [GC cleanup 177M->177M(256M), 0.0002899 secs]
 [Times: user=0.00 sys=0.00, real=0.00 secs] 
2020-11-18T13:41:08.375+0800: 0.272: [GC pause (G1 Evacuation Pause) (young), 0.0014635 secs]
   [Parallel Time: 1.2 ms, GC Workers: 10]
      [GC Worker Start (ms): Min: 272.0, Avg: 272.0, Max: 272.1, Diff: 0.0]
      [Ext Root Scanning (ms): Min: 0.1, Avg: 0.1, Max: 0.1, Diff: 0.0, Sum: 1.1]
      [Update RS (ms): Min: 0.1, Avg: 0.2, Max: 0.2, Diff: 0.1, Sum: 1.6]
         [Processed Buffers: Min: 1, Avg: 2.6, Max: 3, Diff: 2, Sum: 26]
      [Scan RS (ms): Min: 0.0, Avg: 0.0, Max: 0.0, Diff: 0.0, Sum: 0.0]
      [Code Root Scanning (ms): Min: 0.0, Avg: 0.0, Max: 0.0, Diff: 0.0, Sum: 0.0]
      [Object Copy (ms): Min: 0.7, Avg: 0.8, Max: 0.8, Diff: 0.1, Sum: 8.0]
      [Termination (ms): Min: 0.0, Avg: 0.0, Max: 0.1, Diff: 0.1, Sum: 0.5]
         [Termination Attempts: Min: 1, Avg: 1.0, Max: 1, Diff: 0, Sum: 10]
      [GC Worker Other (ms): Min: 0.0, Avg: 0.0, Max: 0.0, Diff: 0.0, Sum: 0.1]
      [GC Worker Total (ms): Min: 1.1, Avg: 1.1, Max: 1.1, Diff: 0.0, Sum: 11.2]
      [GC Worker End (ms): Min: 273.2, Avg: 273.2, Max: 273.2, Diff: 0.0]
   [Code Root Fixup: 0.0 ms]
   [Code Root Purge: 0.0 ms]
   [Clear CT: 0.1 ms]
   [Other: 0.2 ms]
      [Choose CSet: 0.0 ms]
      [Ref Proc: 0.1 ms]
      [Ref Enq: 0.0 ms]
      [Redirty Cards: 0.0 ms]
      [Humongous Register: 0.0 ms]
      [Humongous Reclaim: 0.0 ms]
      [Free CSet: 0.0 ms]
   [Eden: 25.0M(25.0M)->0.0B(8192.0K) Survivors: 3072.0K->4096.0K Heap: 204.1M(256.0M)->181.2M(256.0M)]
 [Times: user=0.00 sys=0.00, real=0.00 secs] 
2020-11-18T13:41:08.378+0800: 0.275: [GC pause (G1 Evacuation Pause) (mixed), 0.0018801 secs]
   [Parallel Time: 1.6 ms, GC Workers: 10]
      [GC Worker Start (ms): Min: 274.8, Avg: 274.8, Max: 274.9, Diff: 0.1]
      [Ext Root Scanning (ms): Min: 0.0, Avg: 0.1, Max: 0.1, Diff: 0.1, Sum: 1.0]
      [Update RS (ms): Min: 0.2, Avg: 0.2, Max: 0.2, Diff: 0.0, Sum: 2.0]
         [Processed Buffers: Min: 2, Avg: 2.9, Max: 4, Diff: 2, Sum: 29]
      [Scan RS (ms): Min: 0.0, Avg: 0.0, Max: 0.0, Diff: 0.0, Sum: 0.1]
      [Code Root Scanning (ms): Min: 0.0, Avg: 0.0, Max: 0.0, Diff: 0.0, Sum: 0.0]
      [Object Copy (ms): Min: 1.2, Avg: 1.2, Max: 1.3, Diff: 0.1, Sum: 12.2]
      [Termination (ms): Min: 0.0, Avg: 0.0, Max: 0.1, Diff: 0.1, Sum: 0.4]
         [Termination Attempts: Min: 1, Avg: 1.0, Max: 1, Diff: 0, Sum: 10]
      [GC Worker Other (ms): Min: 0.0, Avg: 0.0, Max: 0.0, Diff: 0.0, Sum: 0.0]
      [GC Worker Total (ms): Min: 1.5, Avg: 1.6, Max: 1.6, Diff: 0.1, Sum: 15.7]
      [GC Worker End (ms): Min: 276.4, Avg: 276.4, Max: 276.4, Diff: 0.0]
   [Code Root Fixup: 0.0 ms]
   [Code Root Purge: 0.0 ms]
   [Clear CT: 0.1 ms]
   [Other: 0.2 ms]
      [Choose CSet: 0.0 ms]
      [Ref Proc: 0.1 ms]
      [Ref Enq: 0.0 ms]
      [Redirty Cards: 0.0 ms]
      [Humongous Register: 0.0 ms]
      [Humongous Reclaim: 0.0 ms]
      [Free CSet: 0.0 ms]
   [Eden: 8192.0K(8192.0K)->0.0B(15.0M) Survivors: 4096.0K->2048.0K Heap: 194.7M(256.0M)->179.3M(256.0M)]
 [Times: user=0.16 sys=0.00, real=0.00 secs] 
2020-11-18T13:41:08.381+0800: 0.277: [GC pause (G1 Humongous Allocation) (young) (initial-mark), 0.0006366 secs]
   [Parallel Time: 0.4 ms, GC Workers: 10]
      [GC Worker Start (ms): Min: 277.1, Avg: 277.1, Max: 277.1, Diff: 0.0]
      [Ext Root Scanning (ms): Min: 0.1, Avg: 0.1, Max: 0.1, Diff: 0.0, Sum: 1.0]
      [Update RS (ms): Min: 0.0, Avg: 0.0, Max: 0.0, Diff: 0.0, Sum: 0.2]
         [Processed Buffers: Min: 1, Avg: 1.2, Max: 3, Diff: 2, Sum: 12]
      [Scan RS (ms): Min: 0.0, Avg: 0.0, Max: 0.0, Diff: 0.0, Sum: 0.0]
      [Code Root Scanning (ms): Min: 0.0, Avg: 0.0, Max: 0.0, Diff: 0.0, Sum: 0.0]
      [Object Copy (ms): Min: 0.1, Avg: 0.2, Max: 0.2, Diff: 0.1, Sum: 1.6]
      [Termination (ms): Min: 0.0, Avg: 0.1, Max: 0.1, Diff: 0.1, Sum: 0.6]
         [Termination Attempts: Min: 1, Avg: 1.0, Max: 1, Diff: 0, Sum: 10]
      [GC Worker Other (ms): Min: 0.0, Avg: 0.0, Max: 0.0, Diff: 0.0, Sum: 0.0]
      [GC Worker Total (ms): Min: 0.3, Avg: 0.4, Max: 0.4, Diff: 0.0, Sum: 3.5]
      [GC Worker End (ms): Min: 277.4, Avg: 277.5, Max: 277.5, Diff: 0.0]
   [Code Root Fixup: 0.0 ms]
   [Code Root Purge: 0.0 ms]
   [Clear CT: 0.1 ms]
   [Other: 0.2 ms]
      [Choose CSet: 0.0 ms]
      [Ref Proc: 0.1 ms]
      [Ref Enq: 0.0 ms]
      [Redirty Cards: 0.1 ms]
      [Humongous Register: 0.0 ms]
      [Humongous Reclaim: 0.0 ms]
      [Free CSet: 0.0 ms]
   [Eden: 3072.0K(15.0M)->0.0B(14.0M) Survivors: 2048.0K->2048.0K Heap: 181.6M(256.0M)->180.0M(256.0M)]
 [Times: user=0.00 sys=0.00, real=0.00 secs] 
2020-11-18T13:41:08.381+0800: 0.278: [GC concurrent-root-region-scan-start]
2020-11-18T13:41:08.381+0800: 0.278: [GC concurrent-root-region-scan-end, 0.0000700 secs]
2020-11-18T13:41:08.381+0800: 0.278: [GC concurrent-mark-start]
2020-11-18T13:41:08.382+0800: 0.279: [GC concurrent-mark-end, 0.0007358 secs]
2020-11-18T13:41:08.382+0800: 0.279: [GC remark 2020-11-18T13:41:08.382+0800: 0.279: [Finalize Marking, 0.0000699 secs] 2020-11-18T13:41:08.382+0800: 0.279: [GC ref-proc, 0.0000665 secs] 2020-11-18T13:41:08.382+0800: 0.279: [Unloading, 0.0003194 secs], 0.0007265 secs]
 [Times: user=0.00 sys=0.00, real=0.00 secs] 
2020-11-18T13:41:08.383+0800: 0.279: [GC cleanup 190M->190M(256M), 0.0002721 secs]
 [Times: user=0.00 sys=0.00, real=0.00 secs] 
2020-11-18T13:41:08.384+0800: 0.281: [GC pause (G1 Evacuation Pause) (young), 0.0010927 secs]
   [Parallel Time: 0.8 ms, GC Workers: 10]
      [GC Worker Start (ms): Min: 280.6, Avg: 280.6, Max: 280.6, Diff: 0.0]
      [Ext Root Scanning (ms): Min: 0.1, Avg: 0.1, Max: 0.1, Diff: 0.0, Sum: 1.0]
      [Update RS (ms): Min: 0.1, Avg: 0.2, Max: 0.2, Diff: 0.0, Sum: 1.7]
         [Processed Buffers: Min: 3, Avg: 3.4, Max: 5, Diff: 2, Sum: 34]
      [Scan RS (ms): Min: 0.0, Avg: 0.0, Max: 0.0, Diff: 0.0, Sum: 0.0]
      [Code Root Scanning (ms): Min: 0.0, Avg: 0.0, Max: 0.0, Diff: 0.0, Sum: 0.0]
      [Object Copy (ms): Min: 0.3, Avg: 0.5, Max: 0.5, Diff: 0.2, Sum: 4.7]
      [Termination (ms): Min: 0.0, Avg: 0.0, Max: 0.2, Diff: 0.2, Sum: 0.5]
         [Termination Attempts: Min: 1, Avg: 1.0, Max: 1, Diff: 0, Sum: 10]
      [GC Worker Other (ms): Min: 0.0, Avg: 0.0, Max: 0.0, Diff: 0.0, Sum: 0.0]
      [GC Worker Total (ms): Min: 0.8, Avg: 0.8, Max: 0.8, Diff: 0.0, Sum: 7.9]
      [GC Worker End (ms): Min: 281.4, Avg: 281.4, Max: 281.4, Diff: 0.0]
   [Code Root Fixup: 0.0 ms]
   [Code Root Purge: 0.0 ms]
   [Clear CT: 0.1 ms]
   [Other: 0.2 ms]
      [Choose CSet: 0.0 ms]
      [Ref Proc: 0.1 ms]
      [Ref Enq: 0.0 ms]
      [Redirty Cards: 0.1 ms]
      [Humongous Register: 0.0 ms]
      [Humongous Reclaim: 0.0 ms]
      [Free CSet: 0.0 ms]
   [Eden: 14.0M(14.0M)->0.0B(10.0M) Survivors: 2048.0K->2048.0K Heap: 196.8M(256.0M)->185.3M(256.0M)]
 [Times: user=0.00 sys=0.00, real=0.00 secs] 
2020-11-18T13:41:08.386+0800: 0.283: [GC pause (G1 Evacuation Pause) (mixed), 0.0017061 secs]
   [Parallel Time: 1.4 ms, GC Workers: 10]
      [GC Worker Start (ms): Min: 283.0, Avg: 283.0, Max: 283.0, Diff: 0.0]
      [Ext Root Scanning (ms): Min: 0.1, Avg: 0.1, Max: 0.1, Diff: 0.0, Sum: 1.0]
      [Update RS (ms): Min: 0.1, Avg: 0.1, Max: 0.1, Diff: 0.1, Sum: 1.1]
         [Processed Buffers: Min: 1, Avg: 2.6, Max: 3, Diff: 2, Sum: 26]
      [Scan RS (ms): Min: 0.0, Avg: 0.0, Max: 0.0, Diff: 0.0, Sum: 0.1]
      [Code Root Scanning (ms): Min: 0.0, Avg: 0.0, Max: 0.0, Diff: 0.0, Sum: 0.0]
      [Object Copy (ms): Min: 1.0, Avg: 1.1, Max: 1.2, Diff: 0.1, Sum: 11.2]
      [Termination (ms): Min: 0.0, Avg: 0.0, Max: 0.1, Diff: 0.1, Sum: 0.4]
         [Termination Attempts: Min: 1, Avg: 1.0, Max: 1, Diff: 0, Sum: 10]
      [GC Worker Other (ms): Min: 0.0, Avg: 0.0, Max: 0.0, Diff: 0.0, Sum: 0.0]
      [GC Worker Total (ms): Min: 1.4, Avg: 1.4, Max: 1.4, Diff: 0.0, Sum: 13.8]
      [GC Worker End (ms): Min: 284.4, Avg: 284.4, Max: 284.4, Diff: 0.0]
   [Code Root Fixup: 0.0 ms]
   [Code Root Purge: 0.0 ms]
   [Clear CT: 0.1 ms]
   [Other: 0.2 ms]
      [Choose CSet: 0.0 ms]
      [Ref Proc: 0.1 ms]
      [Ref Enq: 0.0 ms]
      [Redirty Cards: 0.0 ms]
      [Humongous Register: 0.0 ms]
      [Humongous Reclaim: 0.0 ms]
      [Free CSet: 0.0 ms]
   [Eden: 10.0M(10.0M)->0.0B(12.0M) Survivors: 2048.0K->2048.0K Heap: 197.1M(256.0M)->183.9M(256.0M)]
 [Times: user=0.00 sys=0.00, real=0.00 secs] 
2020-11-18T13:41:08.388+0800: 0.285: [GC pause (G1 Humongous Allocation) (young) (initial-mark), 0.0005346 secs]
   [Parallel Time: 0.3 ms, GC Workers: 10]
      [GC Worker Start (ms): Min: 284.9, Avg: 284.9, Max: 284.9, Diff: 0.0]
      [Ext Root Scanning (ms): Min: 0.1, Avg: 0.1, Max: 0.1, Diff: 0.0, Sum: 1.0]
      [Update RS (ms): Min: 0.0, Avg: 0.0, Max: 0.1, Diff: 0.0, Sum: 0.2]
         [Processed Buffers: Min: 0, Avg: 1.1, Max: 2, Diff: 2, Sum: 11]
      [Scan RS (ms): Min: 0.0, Avg: 0.0, Max: 0.0, Diff: 0.0, Sum: 0.0]
      [Code Root Scanning (ms): Min: 0.0, Avg: 0.0, Max: 0.0, Diff: 0.0, Sum: 0.0]
      [Object Copy (ms): Min: 0.0, Avg: 0.1, Max: 0.1, Diff: 0.1, Sum: 0.5]
      [Termination (ms): Min: 0.0, Avg: 0.1, Max: 0.1, Diff: 0.1, Sum: 0.8]
         [Termination Attempts: Min: 1, Avg: 1.4, Max: 2, Diff: 1, Sum: 14]
      [GC Worker Other (ms): Min: 0.0, Avg: 0.0, Max: 0.0, Diff: 0.0, Sum: 0.0]
      [GC Worker Total (ms): Min: 0.2, Avg: 0.3, Max: 0.3, Diff: 0.0, Sum: 2.6]
      [GC Worker End (ms): Min: 285.1, Avg: 285.1, Max: 285.1, Diff: 0.0]
   [Code Root Fixup: 0.0 ms]
   [Code Root Purge: 0.0 ms]
   [Clear CT: 0.0 ms]
   [Other: 0.2 ms]
      [Choose CSet: 0.0 ms]
      [Ref Proc: 0.1 ms]
      [Ref Enq: 0.0 ms]
      [Redirty Cards: 0.0 ms]
      [Humongous Register: 0.0 ms]
      [Humongous Reclaim: 0.0 ms]
      [Free CSet: 0.0 ms]
   [Eden: 1024.0K(12.0M)->0.0B(13.0M) Survivors: 2048.0K->0.0B Heap: 184.4M(256.0M)->183.4M(256.0M)]
 [Times: user=0.00 sys=0.00, real=0.00 secs] 
2020-11-18T13:41:08.389+0800: 0.285: [GC concurrent-root-region-scan-start]
2020-11-18T13:41:08.389+0800: 0.285: [GC concurrent-root-region-scan-end, 0.0000050 secs]
2020-11-18T13:41:08.389+0800: 0.285: [GC concurrent-mark-start]
2020-11-18T13:41:08.390+0800: 0.286: [GC concurrent-mark-end, 0.0008699 secs]
2020-11-18T13:41:08.390+0800: 0.286: [GC remark 2020-11-18T13:41:08.390+0800: 0.286: [Finalize Marking, 0.0000713 secs] 2020-11-18T13:41:08.390+0800: 0.286: [GC ref-proc, 0.0000697 secs] 2020-11-18T13:41:08.390+0800: 0.287: [Unloading, 0.0002957 secs], 0.0006942 secs]
 [Times: user=0.00 sys=0.00, real=0.00 secs] 
2020-11-18T13:41:08.391+0800: 0.287: [GC cleanup 191M->191M(256M), 0.0002727 secs]
 [Times: user=0.00 sys=0.00, real=0.00 secs] 
2020-11-18T13:41:08.392+0800: 0.289: [GC pause (G1 Evacuation Pause) (young), 0.0010979 secs]
   [Parallel Time: 0.8 ms, GC Workers: 10]
      [GC Worker Start (ms): Min: 288.6, Avg: 288.7, Max: 289.2, Diff: 0.6]
      [Ext Root Scanning (ms): Min: 0.0, Avg: 0.1, Max: 0.1, Diff: 0.1, Sum: 0.9]
      [Update RS (ms): Min: 0.0, Avg: 0.3, Max: 0.5, Diff: 0.5, Sum: 2.6]
         [Processed Buffers: Min: 0, Avg: 3.5, Max: 6, Diff: 6, Sum: 35]
      [Scan RS (ms): Min: 0.0, Avg: 0.0, Max: 0.0, Diff: 0.0, Sum: 0.0]
      [Code Root Scanning (ms): Min: 0.0, Avg: 0.0, Max: 0.0, Diff: 0.0, Sum: 0.0]
      [Object Copy (ms): Min: 0.1, Avg: 0.3, Max: 0.4, Diff: 0.3, Sum: 3.3]
      [Termination (ms): Min: 0.0, Avg: 0.0, Max: 0.1, Diff: 0.1, Sum: 0.4]
         [Termination Attempts: Min: 1, Avg: 1.4, Max: 2, Diff: 1, Sum: 14]
      [GC Worker Other (ms): Min: 0.0, Avg: 0.0, Max: 0.0, Diff: 0.0, Sum: 0.0]
      [GC Worker Total (ms): Min: 0.2, Avg: 0.7, Max: 0.8, Diff: 0.6, Sum: 7.3]
      [GC Worker End (ms): Min: 289.4, Avg: 289.4, Max: 289.4, Diff: 0.0]
   [Code Root Fixup: 0.0 ms]
   [Code Root Purge: 0.0 ms]
   [Clear CT: 0.1 ms]
   [Other: 0.2 ms]
      [Choose CSet: 0.0 ms]
      [Ref Proc: 0.1 ms]
      [Ref Enq: 0.0 ms]
      [Redirty Cards: 0.1 ms]
      [Humongous Register: 0.0 ms]
      [Humongous Reclaim: 0.0 ms]
      [Free CSet: 0.0 ms]
   [Eden: 13.0M(13.0M)->0.0B(10.0M) Survivors: 0.0B->2048.0K Heap: 202.7M(256.0M)->187.6M(256.0M)]
 [Times: user=0.00 sys=0.00, real=0.00 secs] 
2020-11-18T13:41:08.394+0800: 0.291: [GC pause (G1 Evacuation Pause) (mixed), 0.0017067 secs]
   [Parallel Time: 1.4 ms, GC Workers: 10]
      [GC Worker Start (ms): Min: 291.0, Avg: 291.1, Max: 291.8, Diff: 0.8]
      [Ext Root Scanning (ms): Min: 0.0, Avg: 0.1, Max: 0.1, Diff: 0.1, Sum: 0.9]
      [Update RS (ms): Min: 0.0, Avg: 0.1, Max: 0.2, Diff: 0.2, Sum: 1.2]
         [Processed Buffers: Min: 0, Avg: 2.5, Max: 4, Diff: 4, Sum: 25]
      [Scan RS (ms): Min: 0.0, Avg: 0.0, Max: 0.0, Diff: 0.0, Sum: 0.1]
      [Code Root Scanning (ms): Min: 0.0, Avg: 0.0, Max: 0.0, Diff: 0.0, Sum: 0.0]
      [Object Copy (ms): Min: 0.5, Avg: 1.0, Max: 1.1, Diff: 0.6, Sum: 9.7]
      [Termination (ms): Min: 0.0, Avg: 0.0, Max: 0.1, Diff: 0.1, Sum: 0.4]
         [Termination Attempts: Min: 1, Avg: 1.0, Max: 1, Diff: 0, Sum: 10]
      [GC Worker Other (ms): Min: 0.0, Avg: 0.0, Max: 0.0, Diff: 0.0, Sum: 0.1]
      [GC Worker Total (ms): Min: 0.6, Avg: 1.2, Max: 1.4, Diff: 0.8, Sum: 12.3]
      [GC Worker End (ms): Min: 292.4, Avg: 292.4, Max: 292.4, Diff: 0.0]
   [Code Root Fixup: 0.0 ms]
   [Code Root Purge: 0.0 ms]
   [Clear CT: 0.1 ms]
   [Other: 0.2 ms]
      [Choose CSet: 0.0 ms]
      [Ref Proc: 0.1 ms]
      [Ref Enq: 0.0 ms]
      [Redirty Cards: 0.0 ms]
      [Humongous Register: 0.0 ms]
      [Humongous Reclaim: 0.0 ms]
      [Free CSet: 0.0 ms]
   [Eden: 10.0M(10.0M)->0.0B(10.0M) Survivors: 2048.0K->2048.0K Heap: 199.5M(256.0M)->188.6M(256.0M)]
 [Times: user=0.02 sys=0.00, real=0.00 secs] 
2020-11-18T13:41:08.397+0800: 0.293: [GC pause (G1 Humongous Allocation) (young) (initial-mark), 0.0006383 secs]
   [Parallel Time: 0.4 ms, GC Workers: 10]
      [GC Worker Start (ms): Min: 293.2, Avg: 293.2, Max: 293.3, Diff: 0.1]
      [Ext Root Scanning (ms): Min: 0.0, Avg: 0.1, Max: 0.1, Diff: 0.1, Sum: 1.2]
      [Update RS (ms): Min: 0.0, Avg: 0.0, Max: 0.1, Diff: 0.1, Sum: 0.3]
         [Processed Buffers: Min: 0, Avg: 1.3, Max: 2, Diff: 2, Sum: 13]
      [Scan RS (ms): Min: 0.0, Avg: 0.0, Max: 0.0, Diff: 0.0, Sum: 0.0]
      [Code Root Scanning (ms): Min: 0.0, Avg: 0.0, Max: 0.0, Diff: 0.0, Sum: 0.0]
      [Object Copy (ms): Min: 0.0, Avg: 0.1, Max: 0.2, Diff: 0.2, Sum: 1.1]
      [Termination (ms): Min: 0.0, Avg: 0.1, Max: 0.1, Diff: 0.1, Sum: 0.7]
         [Termination Attempts: Min: 1, Avg: 1.1, Max: 2, Diff: 1, Sum: 11]
      [GC Worker Other (ms): Min: 0.0, Avg: 0.0, Max: 0.0, Diff: 0.0, Sum: 0.0]
      [GC Worker Total (ms): Min: 0.2, Avg: 0.3, Max: 0.4, Diff: 0.1, Sum: 3.4]
      [GC Worker End (ms): Min: 293.5, Avg: 293.5, Max: 293.5, Diff: 0.0]
   [Code Root Fixup: 0.0 ms]
   [Code Root Purge: 0.0 ms]
   [Clear CT: 0.1 ms]
   [Other: 0.2 ms]
      [Choose CSet: 0.0 ms]
      [Ref Proc: 0.1 ms]
      [Ref Enq: 0.0 ms]
      [Redirty Cards: 0.0 ms]
      [Humongous Register: 0.0 ms]
      [Humongous Reclaim: 0.0 ms]
      [Free CSet: 0.0 ms]
   [Eden: 3072.0K(10.0M)->0.0B(11.0M) Survivors: 2048.0K->1024.0K Heap: 191.3M(256.0M)->189.2M(256.0M)]
 [Times: user=0.00 sys=0.00, real=0.00 secs] 
2020-11-18T13:41:08.397+0800: 0.294: [GC concurrent-root-region-scan-start]
2020-11-18T13:41:08.397+0800: 0.294: [GC concurrent-root-region-scan-end, 0.0000701 secs]
2020-11-18T13:41:08.397+0800: 0.294: [GC concurrent-mark-start]
2020-11-18T13:41:08.398+0800: 0.295: [GC concurrent-mark-end, 0.0007527 secs]
2020-11-18T13:41:08.398+0800: 0.295: [GC remark 2020-11-18T13:41:08.398+0800: 0.295: [Finalize Marking, 0.0000851 secs] 2020-11-18T13:41:08.398+0800: 0.295: [GC ref-proc, 0.0000685 secs] 2020-11-18T13:41:08.398+0800: 0.295: [Unloading, 0.0003377 secs], 0.0008149 secs]
 [Times: user=0.00 sys=0.00, real=0.00 secs] 
2020-11-18T13:41:08.399+0800: 0.296: [GC cleanup 197M->197M(256M), 0.0002810 secs]
 [Times: user=0.00 sys=0.00, real=0.00 secs] 
2020-11-18T13:41:08.400+0800: 0.297: [GC pause (G1 Evacuation Pause) (young), 0.0008580 secs]
   [Parallel Time: 0.6 ms, GC Workers: 10]
      [GC Worker Start (ms): Min: 296.6, Avg: 296.6, Max: 296.7, Diff: 0.1]
      [Ext Root Scanning (ms): Min: 0.0, Avg: 0.1, Max: 0.1, Diff: 0.1, Sum: 0.9]
      [Update RS (ms): Min: 0.1, Avg: 0.2, Max: 0.4, Diff: 0.3, Sum: 1.6]
         [Processed Buffers: Min: 0, Avg: 2.4, Max: 4, Diff: 4, Sum: 24]
      [Scan RS (ms): Min: 0.0, Avg: 0.0, Max: 0.0, Diff: 0.0, Sum: 0.0]
      [Code Root Scanning (ms): Min: 0.0, Avg: 0.0, Max: 0.0, Diff: 0.0, Sum: 0.0]
      [Object Copy (ms): Min: 0.0, Avg: 0.2, Max: 0.3, Diff: 0.3, Sum: 2.4]
      [Termination (ms): Min: 0.0, Avg: 0.0, Max: 0.1, Diff: 0.1, Sum: 0.5]
         [Termination Attempts: Min: 1, Avg: 1.0, Max: 1, Diff: 0, Sum: 10]
      [GC Worker Other (ms): Min: 0.0, Avg: 0.0, Max: 0.0, Diff: 0.0, Sum: 0.0]
      [GC Worker Total (ms): Min: 0.4, Avg: 0.5, Max: 0.6, Diff: 0.1, Sum: 5.4]
      [GC Worker End (ms): Min: 297.2, Avg: 297.2, Max: 297.2, Diff: 0.0]
   [Code Root Fixup: 0.0 ms]
   [Code Root Purge: 0.0 ms]
   [Clear CT: 0.0 ms]
   [Other: 0.2 ms]
      [Choose CSet: 0.0 ms]
      [Ref Proc: 0.1 ms]
      [Ref Enq: 0.0 ms]
      [Redirty Cards: 0.0 ms]
      [Humongous Register: 0.0 ms]
      [Humongous Reclaim: 0.0 ms]
      [Free CSet: 0.0 ms]
   [Eden: 11.0M(11.0M)->0.0B(10.0M) Survivors: 1024.0K->2048.0K Heap: 202.0M(256.0M)->193.3M(256.0M)]
 [Times: user=0.00 sys=0.00, real=0.00 secs] 
2020-11-18T13:41:08.402+0800: 0.299: [GC pause (G1 Evacuation Pause) (mixed), 0.0017554 secs]
   [Parallel Time: 1.5 ms, GC Workers: 10]
      [GC Worker Start (ms): Min: 298.9, Avg: 299.0, Max: 299.1, Diff: 0.1]
      [Ext Root Scanning (ms): Min: 0.0, Avg: 0.1, Max: 0.1, Diff: 0.1, Sum: 0.9]
      [Update RS (ms): Min: 0.2, Avg: 0.3, Max: 0.9, Diff: 0.8, Sum: 2.6]
         [Processed Buffers: Min: 0, Avg: 3.4, Max: 5, Diff: 5, Sum: 34]
      [Scan RS (ms): Min: 0.0, Avg: 0.0, Max: 0.0, Diff: 0.0, Sum: 0.1]
      [Code Root Scanning (ms): Min: 0.0, Avg: 0.0, Max: 0.0, Diff: 0.0, Sum: 0.0]
      [Object Copy (ms): Min: 0.4, Avg: 1.0, Max: 1.1, Diff: 0.7, Sum: 10.3]
      [Termination (ms): Min: 0.0, Avg: 0.0, Max: 0.1, Diff: 0.1, Sum: 0.4]
         [Termination Attempts: Min: 1, Avg: 1.0, Max: 1, Diff: 0, Sum: 10]
      [GC Worker Other (ms): Min: 0.0, Avg: 0.0, Max: 0.0, Diff: 0.0, Sum: 0.0]
      [GC Worker Total (ms): Min: 1.3, Avg: 1.4, Max: 1.5, Diff: 0.1, Sum: 14.4]
      [GC Worker End (ms): Min: 300.4, Avg: 300.4, Max: 300.4, Diff: 0.0]
   [Code Root Fixup: 0.0 ms]
   [Code Root Purge: 0.0 ms]
   [Clear CT: 0.1 ms]
   [Other: 0.2 ms]
      [Choose CSet: 0.0 ms]
      [Ref Proc: 0.1 ms]
      [Ref Enq: 0.0 ms]
      [Redirty Cards: 0.0 ms]
      [Humongous Register: 0.0 ms]
      [Humongous Reclaim: 0.0 ms]
      [Free CSet: 0.0 ms]
   [Eden: 10.0M(10.0M)->0.0B(10.0M) Survivors: 2048.0K->2048.0K Heap: 206.3M(256.0M)->191.3M(256.0M)]
 [Times: user=0.00 sys=0.00, real=0.00 secs] 
2020-11-18T13:41:08.405+0800: 0.301: [GC pause (G1 Humongous Allocation) (young) (initial-mark), 0.0006404 secs]
   [Parallel Time: 0.4 ms, GC Workers: 10]
      [GC Worker Start (ms): Min: 301.1, Avg: 301.1, Max: 301.1, Diff: 0.0]
      [Ext Root Scanning (ms): Min: 0.1, Avg: 0.1, Max: 0.1, Diff: 0.0, Sum: 1.0]
      [Update RS (ms): Min: 0.0, Avg: 0.0, Max: 0.1, Diff: 0.1, Sum: 0.2]
         [Processed Buffers: Min: 1, Avg: 1.1, Max: 2, Diff: 1, Sum: 11]
      [Scan RS (ms): Min: 0.0, Avg: 0.0, Max: 0.0, Diff: 0.0, Sum: 0.0]
      [Code Root Scanning (ms): Min: 0.0, Avg: 0.0, Max: 0.0, Diff: 0.0, Sum: 0.0]
      [Object Copy (ms): Min: 0.2, Avg: 0.2, Max: 0.2, Diff: 0.1, Sum: 2.1]
      [Termination (ms): Min: 0.0, Avg: 0.0, Max: 0.1, Diff: 0.1, Sum: 0.5]
         [Termination Attempts: Min: 1, Avg: 1.1, Max: 2, Diff: 1, Sum: 11]
      [GC Worker Other (ms): Min: 0.0, Avg: 0.0, Max: 0.0, Diff: 0.0, Sum: 0.0]
      [GC Worker Total (ms): Min: 0.4, Avg: 0.4, Max: 0.4, Diff: 0.0, Sum: 3.8]
      [GC Worker End (ms): Min: 301.5, Avg: 301.5, Max: 301.5, Diff: 0.0]
   [Code Root Fixup: 0.0 ms]
   [Code Root Purge: 0.0 ms]
   [Clear CT: 0.1 ms]
   [Other: 0.2 ms]
      [Choose CSet: 0.0 ms]
      [Ref Proc: 0.1 ms]
      [Ref Enq: 0.0 ms]
      [Redirty Cards: 0.0 ms]
      [Humongous Register: 0.0 ms]
      [Humongous Reclaim: 0.0 ms]
      [Free CSet: 0.0 ms]
   [Eden: 3072.0K(10.0M)->0.0B(10.0M) Survivors: 2048.0K->2048.0K Heap: 194.1M(256.0M)->192.5M(256.0M)]
 [Times: user=0.00 sys=0.00, real=0.00 secs] 
2020-11-18T13:41:08.405+0800: 0.302: [GC concurrent-root-region-scan-start]
2020-11-18T13:41:08.405+0800: 0.302: [GC concurrent-root-region-scan-end, 0.0000267 secs]
2020-11-18T13:41:08.405+0800: 0.302: [GC concurrent-mark-start]
2020-11-18T13:41:08.406+0800: 0.303: [GC concurrent-mark-end, 0.0010292 secs]
2020-11-18T13:41:08.406+0800: 0.303: [GC remark 2020-11-18T13:41:08.407+0800: 0.303: [Finalize Marking, 0.0000884 secs] 2020-11-18T13:41:08.407+0800: 0.303: [GC ref-proc, 0.0000676 secs] 2020-11-18T13:41:08.407+0800: 0.303: [Unloading, 0.0003265 secs], 0.0007944 secs]
 [Times: user=0.00 sys=0.00, real=0.00 secs] 
2020-11-18T13:41:08.407+0800: 0.304: [GC cleanup 201M->201M(256M), 0.0002436 secs]
 [Times: user=0.00 sys=0.00, real=0.00 secs] 
2020-11-18T13:41:08.408+0800: 0.305: [GC pause (G1 Evacuation Pause) (young), 0.0009556 secs]
   [Parallel Time: 0.7 ms, GC Workers: 10]
      [GC Worker Start (ms): Min: 304.7, Avg: 304.7, Max: 304.8, Diff: 0.1]
      [Ext Root Scanning (ms): Min: 0.0, Avg: 0.1, Max: 0.1, Diff: 0.1, Sum: 1.0]
      [Update RS (ms): Min: 0.1, Avg: 0.2, Max: 0.5, Diff: 0.3, Sum: 2.1]
         [Processed Buffers: Min: 0, Avg: 3.1, Max: 4, Diff: 4, Sum: 31]
      [Scan RS (ms): Min: 0.0, Avg: 0.0, Max: 0.0, Diff: 0.0, Sum: 0.0]
      [Code Root Scanning (ms): Min: 0.0, Avg: 0.0, Max: 0.0, Diff: 0.0, Sum: 0.0]
      [Object Copy (ms): Min: 0.0, Avg: 0.3, Max: 0.3, Diff: 0.3, Sum: 2.8]
      [Termination (ms): Min: 0.0, Avg: 0.0, Max: 0.1, Diff: 0.1, Sum: 0.3]
         [Termination Attempts: Min: 1, Avg: 1.0, Max: 1, Diff: 0, Sum: 10]
      [GC Worker Other (ms): Min: 0.0, Avg: 0.0, Max: 0.0, Diff: 0.0, Sum: 0.1]
      [GC Worker Total (ms): Min: 0.5, Avg: 0.6, Max: 0.7, Diff: 0.1, Sum: 6.3]
      [GC Worker End (ms): Min: 305.3, Avg: 305.3, Max: 305.3, Diff: 0.0]
   [Code Root Fixup: 0.0 ms]
   [Code Root Purge: 0.0 ms]
   [Clear CT: 0.0 ms]
   [Other: 0.2 ms]
      [Choose CSet: 0.0 ms]
      [Ref Proc: 0.1 ms]
      [Ref Enq: 0.0 ms]
      [Redirty Cards: 0.0 ms]
      [Humongous Register: 0.0 ms]
      [Humongous Reclaim: 0.0 ms]
      [Free CSet: 0.0 ms]
   [Eden: 10.0M(10.0M)->0.0B(10.0M) Survivors: 2048.0K->2048.0K Heap: 205.0M(256.0M)->194.5M(256.0M)]
 [Times: user=0.00 sys=0.00, real=0.00 secs] 
2020-11-18T13:41:08.411+0800: 0.307: [GC pause (G1 Evacuation Pause) (mixed), 0.0012681 secs]
   [Parallel Time: 1.0 ms, GC Workers: 10]
      [GC Worker Start (ms): Min: 307.1, Avg: 307.1, Max: 307.2, Diff: 0.0]
      [Ext Root Scanning (ms): Min: 0.1, Avg: 0.1, Max: 0.1, Diff: 0.0, Sum: 1.0]
      [Update RS (ms): Min: 0.2, Avg: 0.2, Max: 0.2, Diff: 0.1, Sum: 1.8]
         [Processed Buffers: Min: 3, Avg: 3.5, Max: 5, Diff: 2, Sum: 35]
      [Scan RS (ms): Min: 0.0, Avg: 0.0, Max: 0.0, Diff: 0.0, Sum: 0.0]
      [Code Root Scanning (ms): Min: 0.0, Avg: 0.0, Max: 0.0, Diff: 0.0, Sum: 0.0]
      [Object Copy (ms): Min: 0.5, Avg: 0.6, Max: 0.6, Diff: 0.1, Sum: 5.7]
      [Termination (ms): Min: 0.0, Avg: 0.1, Max: 0.1, Diff: 0.1, Sum: 0.6]
         [Termination Attempts: Min: 1, Avg: 1.0, Max: 1, Diff: 0, Sum: 10]
      [GC Worker Other (ms): Min: 0.0, Avg: 0.0, Max: 0.0, Diff: 0.0, Sum: 0.1]
      [GC Worker Total (ms): Min: 0.9, Avg: 0.9, Max: 1.0, Diff: 0.0, Sum: 9.3]
      [GC Worker End (ms): Min: 308.1, Avg: 308.1, Max: 308.1, Diff: 0.0]
   [Code Root Fixup: 0.0 ms]
   [Code Root Purge: 0.0 ms]
   [Clear CT: 0.1 ms]
   [Other: 0.2 ms]
      [Choose CSet: 0.0 ms]
      [Ref Proc: 0.1 ms]
      [Ref Enq: 0.0 ms]
      [Redirty Cards: 0.1 ms]
      [Humongous Register: 0.0 ms]
      [Humongous Reclaim: 0.0 ms]
      [Free CSet: 0.0 ms]
   [Eden: 10.0M(10.0M)->0.0B(10.0M) Survivors: 2048.0K->2048.0K Heap: 207.5M(256.0M)->196.8M(256.0M)]
 [Times: user=0.00 sys=0.00, real=0.00 secs] 
2020-11-18T13:41:08.412+0800: 0.309: [GC pause (G1 Humongous Allocation) (young) (initial-mark), 0.0006347 secs]
   [Parallel Time: 0.4 ms, GC Workers: 10]
      [GC Worker Start (ms): Min: 308.6, Avg: 308.6, Max: 308.7, Diff: 0.1]
      [Ext Root Scanning (ms): Min: 0.0, Avg: 0.1, Max: 0.3, Diff: 0.3, Sum: 1.3]
      [Update RS (ms): Min: 0.0, Avg: 0.0, Max: 0.0, Diff: 0.0, Sum: 0.2]
         [Processed Buffers: Min: 0, Avg: 1.1, Max: 3, Diff: 3, Sum: 11]
      [Scan RS (ms): Min: 0.0, Avg: 0.0, Max: 0.0, Diff: 0.0, Sum: 0.0]
      [Code Root Scanning (ms): Min: 0.0, Avg: 0.0, Max: 0.0, Diff: 0.0, Sum: 0.0]
      [Object Copy (ms): Min: 0.0, Avg: 0.2, Max: 0.2, Diff: 0.2, Sum: 1.6]
      [Termination (ms): Min: 0.0, Avg: 0.0, Max: 0.1, Diff: 0.1, Sum: 0.3]
         [Termination Attempts: Min: 1, Avg: 1.0, Max: 1, Diff: 0, Sum: 10]
      [GC Worker Other (ms): Min: 0.0, Avg: 0.0, Max: 0.0, Diff: 0.0, Sum: 0.0]
      [GC Worker Total (ms): Min: 0.3, Avg: 0.4, Max: 0.4, Diff: 0.1, Sum: 3.5]
      [GC Worker End (ms): Min: 308.9, Avg: 308.9, Max: 308.9, Diff: 0.0]
   [Code Root Fixup: 0.0 ms]
   [Code Root Purge: 0.0 ms]
   [Clear CT: 0.1 ms]
   [Other: 0.2 ms]
      [Choose CSet: 0.0 ms]
      [Ref Proc: 0.1 ms]
      [Ref Enq: 0.0 ms]
      [Redirty Cards: 0.0 ms]
      [Humongous Register: 0.0 ms]
      [Humongous Reclaim: 0.0 ms]
      [Free CSet: 0.0 ms]
   [Eden: 2048.0K(10.0M)->0.0B(11.0M) Survivors: 2048.0K->1024.0K Heap: 197.9M(256.0M)->197.3M(256.0M)]
 [Times: user=0.00 sys=0.00, real=0.00 secs] 
2020-11-18T13:41:08.413+0800: 0.309: [GC concurrent-root-region-scan-start]
2020-11-18T13:41:08.413+0800: 0.309: [GC concurrent-root-region-scan-end, 0.0000304 secs]
2020-11-18T13:41:08.413+0800: 0.309: [GC concurrent-mark-start]
2020-11-18T13:41:08.414+0800: 0.310: [GC concurrent-mark-end, 0.0008421 secs]
2020-11-18T13:41:08.414+0800: 0.310: [GC remark 2020-11-18T13:41:08.414+0800: 0.310: [Finalize Marking, 0.0000793 secs] 2020-11-18T13:41:08.414+0800: 0.310: [GC ref-proc, 0.0000679 secs] 2020-11-18T13:41:08.414+0800: 0.310: [Unloading, 0.0003361 secs], 0.0007638 secs]
 [Times: user=0.00 sys=0.00, real=0.00 secs] 
2020-11-18T13:41:08.415+0800: 0.311: [GC cleanup 204M->204M(256M), 0.0002850 secs]
 [Times: user=0.00 sys=0.00, real=0.00 secs] 
2020-11-18T13:41:08.416+0800: 0.312: [GC pause (G1 Evacuation Pause) (young), 0.0009043 secs]
   [Parallel Time: 0.6 ms, GC Workers: 10]
      [GC Worker Start (ms): Min: 312.2, Avg: 312.2, Max: 312.3, Diff: 0.1]
      [Ext Root Scanning (ms): Min: 0.0, Avg: 0.1, Max: 0.1, Diff: 0.1, Sum: 0.9]
      [Update RS (ms): Min: 0.1, Avg: 0.2, Max: 0.2, Diff: 0.0, Sum: 1.6]
         [Processed Buffers: Min: 2, Avg: 3.1, Max: 4, Diff: 2, Sum: 31]
      [Scan RS (ms): Min: 0.0, Avg: 0.0, Max: 0.0, Diff: 0.0, Sum: 0.0]
      [Code Root Scanning (ms): Min: 0.0, Avg: 0.0, Max: 0.0, Diff: 0.0, Sum: 0.0]
      [Object Copy (ms): Min: 0.2, Avg: 0.3, Max: 0.3, Diff: 0.1, Sum: 2.9]
      [Termination (ms): Min: 0.0, Avg: 0.0, Max: 0.1, Diff: 0.1, Sum: 0.4]
         [Termination Attempts: Min: 1, Avg: 1.0, Max: 1, Diff: 0, Sum: 10]
      [GC Worker Other (ms): Min: 0.0, Avg: 0.0, Max: 0.0, Diff: 0.0, Sum: 0.0]
      [GC Worker Total (ms): Min: 0.5, Avg: 0.6, Max: 0.6, Diff: 0.1, Sum: 5.9]
      [GC Worker End (ms): Min: 312.8, Avg: 312.8, Max: 312.8, Diff: 0.0]
   [Code Root Fixup: 0.0 ms]
   [Code Root Purge: 0.0 ms]
   [Clear CT: 0.1 ms]
   [Other: 0.2 ms]
      [Choose CSet: 0.0 ms]
      [Ref Proc: 0.1 ms]
      [Ref Enq: 0.0 ms]
      [Redirty Cards: 0.1 ms]
      [Humongous Register: 0.0 ms]
      [Humongous Reclaim: 0.0 ms]
      [Free CSet: 0.0 ms]
   [Eden: 11.0M(11.0M)->0.0B(10.0M) Survivors: 1024.0K->2048.0K Heap: 210.8M(256.0M)->203.1M(256.0M)]
 [Times: user=0.00 sys=0.00, real=0.00 secs] 
2020-11-18T13:41:08.418+0800: 0.314: [GC pause (G1 Evacuation Pause) (mixed) (to-space exhausted), 0.0011548 secs]
   [Parallel Time: 0.9 ms, GC Workers: 10]
      [GC Worker Start (ms): Min: 314.4, Avg: 314.5, Max: 314.5, Diff: 0.0]
      [Ext Root Scanning (ms): Min: 0.1, Avg: 0.1, Max: 0.1, Diff: 0.0, Sum: 1.0]
      [Update RS (ms): Min: 0.2, Avg: 0.2, Max: 0.2, Diff: 0.0, Sum: 1.6]
         [Processed Buffers: Min: 2, Avg: 3.2, Max: 4, Diff: 2, Sum: 32]
      [Scan RS (ms): Min: 0.0, Avg: 0.0, Max: 0.0, Diff: 0.0, Sum: 0.1]
      [Code Root Scanning (ms): Min: 0.0, Avg: 0.0, Max: 0.0, Diff: 0.0, Sum: 0.0]
      [Object Copy (ms): Min: 0.5, Avg: 0.5, Max: 0.5, Diff: 0.0, Sum: 5.0]
      [Termination (ms): Min: 0.0, Avg: 0.0, Max: 0.0, Diff: 0.0, Sum: 0.3]
         [Termination Attempts: Min: 1, Avg: 1.0, Max: 1, Diff: 0, Sum: 10]
      [GC Worker Other (ms): Min: 0.0, Avg: 0.0, Max: 0.0, Diff: 0.0, Sum: 0.1]
      [GC Worker Total (ms): Min: 0.8, Avg: 0.8, Max: 0.8, Diff: 0.0, Sum: 8.0]
      [GC Worker End (ms): Min: 315.2, Avg: 315.2, Max: 315.3, Diff: 0.0]
   [Code Root Fixup: 0.0 ms]
   [Code Root Purge: 0.0 ms]
   [Clear CT: 0.1 ms]
   [Other: 0.2 ms]
      [Evacuation Failure: 0.1 ms]
      [Choose CSet: 0.0 ms]
      [Ref Proc: 0.1 ms]
      [Ref Enq: 0.0 ms]
      [Redirty Cards: 0.0 ms]
      [Humongous Register: 0.0 ms]
      [Humongous Reclaim: 0.0 ms]
      [Free CSet: 0.0 ms]
   [Eden: 10.0M(10.0M)->0.0B(10.0M) Survivors: 2048.0K->2048.0K Heap: 215.7M(256.0M)->214.8M(256.0M)]
 [Times: user=0.00 sys=0.00, real=0.00 secs] 
2020-11-18T13:41:08.420+0800: 0.317: [GC pause (G1 Humongous Allocation) (young) (initial-mark) (to-space exhausted), 0.0007748 secs]
   [Parallel Time: 0.4 ms, GC Workers: 10]
      [GC Worker Start (ms): Min: 316.7, Avg: 316.8, Max: 316.9, Diff: 0.2]
      [Ext Root Scanning (ms): Min: 0.0, Avg: 0.1, Max: 0.2, Diff: 0.2, Sum: 1.5]
      [Update RS (ms): Min: 0.0, Avg: 0.0, Max: 0.1, Diff: 0.1, Sum: 0.3]
         [Processed Buffers: Min: 0, Avg: 2.2, Max: 7, Diff: 7, Sum: 22]
      [Scan RS (ms): Min: 0.0, Avg: 0.0, Max: 0.0, Diff: 0.0, Sum: 0.0]
      [Code Root Scanning (ms): Min: 0.0, Avg: 0.0, Max: 0.0, Diff: 0.0, Sum: 0.0]
      [Object Copy (ms): Min: 0.0, Avg: 0.1, Max: 0.1, Diff: 0.1, Sum: 0.8]
      [Termination (ms): Min: 0.0, Avg: 0.0, Max: 0.1, Diff: 0.1, Sum: 0.4]
         [Termination Attempts: Min: 1, Avg: 1.0, Max: 1, Diff: 0, Sum: 10]
      [GC Worker Other (ms): Min: 0.0, Avg: 0.0, Max: 0.0, Diff: 0.0, Sum: 0.1]
      [GC Worker Total (ms): Min: 0.2, Avg: 0.3, Max: 0.4, Diff: 0.2, Sum: 3.1]
      [GC Worker End (ms): Min: 317.1, Avg: 317.1, Max: 317.1, Diff: 0.0]
   [Code Root Fixup: 0.0 ms]
   [Code Root Purge: 0.0 ms]
   [Clear CT: 0.1 ms]
   [Other: 0.3 ms]
      [Evacuation Failure: 0.1 ms]
      [Choose CSet: 0.0 ms]
      [Ref Proc: 0.1 ms]
      [Ref Enq: 0.0 ms]
      [Redirty Cards: 0.1 ms]
      [Humongous Register: 0.1 ms]
      [Humongous Reclaim: 0.0 ms]
      [Free CSet: 0.0 ms]
   [Eden: 7168.0K(10.0M)->0.0B(11.0M) Survivors: 2048.0K->1024.0K Heap: 221.3M(256.0M)->218.2M(256.0M)]
 [Times: user=0.00 sys=0.00, real=0.00 secs] 
2020-11-18T13:41:08.421+0800: 0.318: [GC concurrent-root-region-scan-start]
2020-11-18T13:41:08.421+0800: 0.318: [GC concurrent-root-region-scan-end, 0.0000826 secs]
2020-11-18T13:41:08.421+0800: 0.318: [GC concurrent-mark-start]
2020-11-18T13:41:08.422+0800: 0.318: [GC pause (G1 Evacuation Pause) (young) (to-space exhausted), 0.0005194 secs]
   [Parallel Time: 0.2 ms, GC Workers: 10]
      [GC Worker Start (ms): Min: 318.4, Avg: 318.4, Max: 318.4, Diff: 0.0]
      [Ext Root Scanning (ms): Min: 0.1, Avg: 0.1, Max: 0.1, Diff: 0.0, Sum: 1.0]
      [Update RS (ms): Min: 0.0, Avg: 0.1, Max: 0.1, Diff: 0.1, Sum: 0.5]
         [Processed Buffers: Min: 1, Avg: 2.1, Max: 4, Diff: 3, Sum: 21]
      [Scan RS (ms): Min: 0.0, Avg: 0.0, Max: 0.0, Diff: 0.0, Sum: 0.0]
      [Code Root Scanning (ms): Min: 0.0, Avg: 0.0, Max: 0.0, Diff: 0.0, Sum: 0.0]
      [Object Copy (ms): Min: 0.0, Avg: 0.0, Max: 0.0, Diff: 0.0, Sum: 0.2]
      [Termination (ms): Min: 0.0, Avg: 0.0, Max: 0.0, Diff: 0.0, Sum: 0.2]
         [Termination Attempts: Min: 1, Avg: 1.0, Max: 1, Diff: 0, Sum: 10]
      [GC Worker Other (ms): Min: 0.0, Avg: 0.0, Max: 0.0, Diff: 0.0, Sum: 0.0]
      [GC Worker Total (ms): Min: 0.2, Avg: 0.2, Max: 0.2, Diff: 0.0, Sum: 1.9]
      [GC Worker End (ms): Min: 318.6, Avg: 318.6, Max: 318.6, Diff: 0.0]
   [Code Root Fixup: 0.0 ms]
   [Code Root Purge: 0.0 ms]
   [Clear CT: 0.0 ms]
   [Other: 0.2 ms]
      [Evacuation Failure: 0.1 ms]
      [Choose CSet: 0.0 ms]
      [Ref Proc: 0.1 ms]
      [Ref Enq: 0.0 ms]
      [Redirty Cards: 0.1 ms]
      [Humongous Register: 0.0 ms]
      [Humongous Reclaim: 0.0 ms]
      [Free CSet: 0.0 ms]
   [Eden: 4096.0K(11.0M)->0.0B(12.0M) Survivors: 1024.0K->0.0B Heap: 222.8M(256.0M)->221.8M(256.0M)]
 [Times: user=0.00 sys=0.00, real=0.00 secs] 
2020-11-18T13:41:08.423+0800: 0.319: [GC pause (G1 Humongous Allocation) (young) (to-space exhausted), 0.0004270 secs]
   [Parallel Time: 0.2 ms, GC Workers: 10]
      [GC Worker Start (ms): Min: 319.0, Avg: 319.1, Max: 319.1, Diff: 0.0]
      [Ext Root Scanning (ms): Min: 0.1, Avg: 0.1, Max: 0.1, Diff: 0.0, Sum: 1.0]
      [Update RS (ms): Min: 0.0, Avg: 0.0, Max: 0.0, Diff: 0.0, Sum: 0.2]
         [Processed Buffers: Min: 0, Avg: 1.5, Max: 3, Diff: 3, Sum: 15]
      [Scan RS (ms): Min: 0.0, Avg: 0.0, Max: 0.0, Diff: 0.0, Sum: 0.0]
      [Code Root Scanning (ms): Min: 0.0, Avg: 0.0, Max: 0.0, Diff: 0.0, Sum: 0.0]
      [Object Copy (ms): Min: 0.0, Avg: 0.0, Max: 0.0, Diff: 0.0, Sum: 0.0]
      [Termination (ms): Min: 0.0, Avg: 0.0, Max: 0.0, Diff: 0.0, Sum: 0.1]
         [Termination Attempts: Min: 1, Avg: 1.0, Max: 1, Diff: 0, Sum: 10]
      [GC Worker Other (ms): Min: 0.0, Avg: 0.0, Max: 0.0, Diff: 0.0, Sum: 0.1]
      [GC Worker Total (ms): Min: 0.1, Avg: 0.1, Max: 0.2, Diff: 0.0, Sum: 1.3]
      [GC Worker End (ms): Min: 319.2, Avg: 319.2, Max: 319.2, Diff: 0.0]
   [Code Root Fixup: 0.0 ms]
   [Code Root Purge: 0.0 ms]
   [Clear CT: 0.0 ms]
   [Other: 0.2 ms]
      [Evacuation Failure: 0.0 ms]
      [Choose CSet: 0.0 ms]
      [Ref Proc: 0.0 ms]
      [Ref Enq: 0.0 ms]
      [Redirty Cards: 0.0 ms]
      [Humongous Register: 0.0 ms]
      [Humongous Reclaim: 0.0 ms]
      [Free CSet: 0.0 ms]
   [Eden: 1024.0K(12.0M)->0.0B(12.0M) Survivors: 0.0B->0.0B Heap: 222.2M(256.0M)->222.2M(256.0M)]
 [Times: user=0.00 sys=0.00, real=0.00 secs] 
2020-11-18T13:41:08.423+0800: 0.320: [Full GC (Allocation Failure)  222M->184M(256M), 0.0160765 secs]
   [Eden: 0.0B(12.0M)->0.0B(12.0M) Survivors: 0.0B->0.0B Heap: 222.2M(256.0M)->184.7M(256.0M)], [Metaspace: 3294K->3294K(1056768K)]
 [Times: user=0.01 sys=0.00, real=0.02 secs] 
2020-11-18T13:41:08.439+0800: 0.336: [GC concurrent-mark-abort]
2020-11-18T13:41:08.440+0800: 0.336: [GC pause (G1 Humongous Allocation) (young) (initial-mark), 0.0005778 secs]
   [Parallel Time: 0.3 ms, GC Workers: 10]
      [GC Worker Start (ms): Min: 336.0, Avg: 336.1, Max: 336.2, Diff: 0.2]
      [Ext Root Scanning (ms): Min: 0.0, Avg: 0.1, Max: 0.3, Diff: 0.3, Sum: 1.4]
      [Update RS (ms): Min: 0.0, Avg: 0.0, Max: 0.1, Diff: 0.1, Sum: 0.5]
         [Processed Buffers: Min: 0, Avg: 0.7, Max: 1, Diff: 1, Sum: 7]
      [Scan RS (ms): Min: 0.0, Avg: 0.0, Max: 0.0, Diff: 0.0, Sum: 0.0]
      [Code Root Scanning (ms): Min: 0.0, Avg: 0.0, Max: 0.0, Diff: 0.0, Sum: 0.0]
      [Object Copy (ms): Min: 0.0, Avg: 0.0, Max: 0.0, Diff: 0.0, Sum: 0.1]
      [Termination (ms): Min: 0.0, Avg: 0.0, Max: 0.1, Diff: 0.1, Sum: 0.3]
         [Termination Attempts: Min: 1, Avg: 1.0, Max: 1, Diff: 0, Sum: 10]
      [GC Worker Other (ms): Min: 0.0, Avg: 0.0, Max: 0.0, Diff: 0.0, Sum: 0.1]
      [GC Worker Total (ms): Min: 0.1, Avg: 0.2, Max: 0.3, Diff: 0.2, Sum: 2.3]
      [GC Worker End (ms): Min: 336.3, Avg: 336.3, Max: 336.3, Diff: 0.0]
   [Code Root Fixup: 0.0 ms]
   [Code Root Purge: 0.0 ms]
   [Clear CT: 0.1 ms]
   [Other: 0.2 ms]
      [Choose CSet: 0.0 ms]
      [Ref Proc: 0.1 ms]
      [Ref Enq: 0.0 ms]
      [Redirty Cards: 0.1 ms]
      [Humongous Register: 0.0 ms]
      [Humongous Reclaim: 0.0 ms]
      [Free CSet: 0.0 ms]
   [Eden: 1024.0K(12.0M)->0.0B(11.0M) Survivors: 0.0B->1024.0K Heap: 185.9M(256.0M)->185.6M(256.0M)]
 [Times: user=0.00 sys=0.00, real=0.00 secs] 
2020-11-18T13:41:08.440+0800: 0.337: [GC concurrent-root-region-scan-start]
2020-11-18T13:41:08.440+0800: 0.337: [GC concurrent-root-region-scan-end, 0.0000721 secs]
2020-11-18T13:41:08.440+0800: 0.337: [GC concurrent-mark-start]
2020-11-18T13:41:08.441+0800: 0.337: [GC concurrent-mark-end, 0.0006028 secs]
2020-11-18T13:41:08.441+0800: 0.337: [GC remark 2020-11-18T13:41:08.441+0800: 0.337: [Finalize Marking, 0.0000666 secs] 2020-11-18T13:41:08.441+0800: 0.337: [GC ref-proc, 0.0000694 secs] 2020-11-18T13:41:08.441+0800: 0.338: [Unloading, 0.0003209 secs], 0.0007985 secs]
 [Times: user=0.16 sys=0.00, real=0.00 secs] 
2020-11-18T13:41:08.442+0800: 0.338: [GC cleanup 189M->189M(256M), 0.0002619 secs]
 [Times: user=0.00 sys=0.00, real=0.00 secs] 
2020-11-18T13:41:08.443+0800: 0.340: [GC pause (G1 Evacuation Pause) (young), 0.0009246 secs]
   [Parallel Time: 0.7 ms, GC Workers: 10]
      [GC Worker Start (ms): Min: 339.8, Avg: 339.8, Max: 339.8, Diff: 0.0]
      [Ext Root Scanning (ms): Min: 0.1, Avg: 0.1, Max: 0.1, Diff: 0.0, Sum: 1.1]
      [Update RS (ms): Min: 0.1, Avg: 0.1, Max: 0.1, Diff: 0.0, Sum: 1.4]
         [Processed Buffers: Min: 2, Avg: 2.2, Max: 3, Diff: 1, Sum: 22]
      [Scan RS (ms): Min: 0.0, Avg: 0.0, Max: 0.0, Diff: 0.0, Sum: 0.0]
      [Code Root Scanning (ms): Min: 0.0, Avg: 0.0, Max: 0.0, Diff: 0.0, Sum: 0.0]
      [Object Copy (ms): Min: 0.2, Avg: 0.3, Max: 0.4, Diff: 0.1, Sum: 2.8]
      [Termination (ms): Min: 0.0, Avg: 0.1, Max: 0.1, Diff: 0.1, Sum: 0.7]
         [Termination Attempts: Min: 1, Avg: 1.1, Max: 2, Diff: 1, Sum: 11]
      [GC Worker Other (ms): Min: 0.0, Avg: 0.0, Max: 0.0, Diff: 0.0, Sum: 0.1]
      [GC Worker Total (ms): Min: 0.6, Avg: 0.6, Max: 0.6, Diff: 0.0, Sum: 6.1]
      [GC Worker End (ms): Min: 340.4, Avg: 340.4, Max: 340.4, Diff: 0.0]
   [Code Root Fixup: 0.0 ms]
   [Code Root Purge: 0.0 ms]
   [Clear CT: 0.1 ms]
   [Other: 0.2 ms]
      [Choose CSet: 0.0 ms]
      [Ref Proc: 0.1 ms]
      [Ref Enq: 0.0 ms]
      [Redirty Cards: 0.1 ms]
      [Humongous Register: 0.0 ms]
      [Humongous Reclaim: 0.0 ms]
      [Free CSet: 0.0 ms]
   [Eden: 11.0M(11.0M)->0.0B(10.0M) Survivors: 1024.0K->2048.0K Heap: 198.9M(256.0M)->191.1M(256.0M)]
 [Times: user=0.00 sys=0.00, real=0.00 secs] 
2020-11-18T13:41:08.445+0800: 0.341: [GC pause (G1 Humongous Allocation) (young) (initial-mark), 0.0006284 secs]
   [Parallel Time: 0.4 ms, GC Workers: 10]
      [GC Worker Start (ms): Min: 340.9, Avg: 341.0, Max: 341.0, Diff: 0.0]
      [Ext Root Scanning (ms): Min: 0.1, Avg: 0.1, Max: 0.1, Diff: 0.0, Sum: 1.0]
      [Update RS (ms): Min: 0.0, Avg: 0.0, Max: 0.0, Diff: 0.0, Sum: 0.2]
         [Processed Buffers: Min: 1, Avg: 1.1, Max: 2, Diff: 1, Sum: 11]
      [Scan RS (ms): Min: 0.0, Avg: 0.0, Max: 0.0, Diff: 0.0, Sum: 0.0]
      [Code Root Scanning (ms): Min: 0.0, Avg: 0.0, Max: 0.0, Diff: 0.0, Sum: 0.0]
      [Object Copy (ms): Min: 0.2, Avg: 0.2, Max: 0.2, Diff: 0.1, Sum: 2.0]
      [Termination (ms): Min: 0.0, Avg: 0.0, Max: 0.1, Diff: 0.1, Sum: 0.4]
         [Termination Attempts: Min: 1, Avg: 1.0, Max: 1, Diff: 0, Sum: 10]
      [GC Worker Other (ms): Min: 0.0, Avg: 0.0, Max: 0.0, Diff: 0.0, Sum: 0.0]
      [GC Worker Total (ms): Min: 0.3, Avg: 0.4, Max: 0.4, Diff: 0.0, Sum: 3.5]
      [GC Worker End (ms): Min: 341.3, Avg: 341.3, Max: 341.3, Diff: 0.0]
   [Code Root Fixup: 0.0 ms]
   [Code Root Purge: 0.0 ms]
   [Clear CT: 0.1 ms]
   [Other: 0.2 ms]
      [Choose CSet: 0.0 ms]
      [Ref Proc: 0.1 ms]
      [Ref Enq: 0.0 ms]
      [Redirty Cards: 0.0 ms]
      [Humongous Register: 0.0 ms]
      [Humongous Reclaim: 0.0 ms]
      [Free CSet: 0.0 ms]
   [Eden: 2048.0K(10.0M)->0.0B(11.0M) Survivors: 2048.0K->1024.0K Heap: 192.6M(256.0M)->192.1M(256.0M)]
 [Times: user=0.00 sys=0.00, real=0.00 secs] 
2020-11-18T13:41:08.445+0800: 0.342: [GC concurrent-root-region-scan-start]
2020-11-18T13:41:08.445+0800: 0.342: [GC concurrent-root-region-scan-end, 0.0000569 secs]
2020-11-18T13:41:08.445+0800: 0.342: [GC concurrent-mark-start]
2020-11-18T13:41:08.446+0800: 0.342: [GC concurrent-mark-end, 0.0004712 secs]
2020-11-18T13:41:08.446+0800: 0.342: [GC remark 2020-11-18T13:41:08.446+0800: 0.342: [Finalize Marking, 0.0000540 secs] 2020-11-18T13:41:08.446+0800: 0.342: [GC ref-proc, 0.0000676 secs] 2020-11-18T13:41:08.446+0800: 0.342: [Unloading, 0.0002979 secs], 0.0007240 secs]
 [Times: user=0.00 sys=0.00, real=0.00 secs] 
2020-11-18T13:41:08.447+0800: 0.343: [GC cleanup 198M->198M(256M), 0.0002623 secs]
 [Times: user=0.00 sys=0.00, real=0.00 secs] 
2020-11-18T13:41:08.448+0800: 0.344: [GC pause (G1 Evacuation Pause) (young) (to-space exhausted), 0.0005828 secs]
   [Parallel Time: 0.3 ms, GC Workers: 10]
      [GC Worker Start (ms): Min: 343.9, Avg: 343.9, Max: 343.9, Diff: 0.0]
      [Ext Root Scanning (ms): Min: 0.1, Avg: 0.1, Max: 0.1, Diff: 0.0, Sum: 1.0]
      [Update RS (ms): Min: 0.1, Avg: 0.1, Max: 0.2, Diff: 0.1, Sum: 1.3]
         [Processed Buffers: Min: 2, Avg: 2.7, Max: 3, Diff: 1, Sum: 27]
      [Scan RS (ms): Min: 0.0, Avg: 0.0, Max: 0.0, Diff: 0.0, Sum: 0.0]
      [Code Root Scanning (ms): Min: 0.0, Avg: 0.0, Max: 0.0, Diff: 0.0, Sum: 0.0]
      [Object Copy (ms): Min: 0.0, Avg: 0.0, Max: 0.0, Diff: 0.0, Sum: 0.1]
      [Termination (ms): Min: 0.0, Avg: 0.0, Max: 0.0, Diff: 0.0, Sum: 0.3]
         [Termination Attempts: Min: 1, Avg: 1.5, Max: 3, Diff: 2, Sum: 15]
      [GC Worker Other (ms): Min: 0.0, Avg: 0.0, Max: 0.0, Diff: 0.0, Sum: 0.0]
      [GC Worker Total (ms): Min: 0.3, Avg: 0.3, Max: 0.3, Diff: 0.0, Sum: 2.7]
      [GC Worker End (ms): Min: 344.2, Avg: 344.2, Max: 344.2, Diff: 0.0]
   [Code Root Fixup: 0.0 ms]
   [Code Root Purge: 0.0 ms]
   [Clear CT: 0.1 ms]
   [Other: 0.2 ms]
      [Evacuation Failure: 0.1 ms]
      [Choose CSet: 0.0 ms]
      [Ref Proc: 0.0 ms]
      [Ref Enq: 0.0 ms]
      [Redirty Cards: 0.1 ms]
      [Humongous Register: 0.0 ms]
      [Humongous Reclaim: 0.0 ms]
      [Free CSet: 0.0 ms]
   [Eden: 9216.0K(11.0M)->0.0B(12.0M) Survivors: 1024.0K->0.0B Heap: 203.2M(256.0M)->201.1M(256.0M)]
 [Times: user=0.00 sys=0.00, real=0.00 secs] 
2020-11-18T13:41:08.449+0800: 0.345: [GC pause (G1 Evacuation Pause) (mixed) (to-space exhausted), 0.0005151 secs]
   [Parallel Time: 0.2 ms, GC Workers: 10]
      [GC Worker Start (ms): Min: 345.2, Avg: 345.2, Max: 345.3, Diff: 0.1]
      [Ext Root Scanning (ms): Min: 0.0, Avg: 0.1, Max: 0.1, Diff: 0.1, Sum: 0.9]
      [Update RS (ms): Min: 0.0, Avg: 0.0, Max: 0.0, Diff: 0.0, Sum: 0.2]
         [Processed Buffers: Min: 0, Avg: 1.4, Max: 3, Diff: 3, Sum: 14]
      [Scan RS (ms): Min: 0.0, Avg: 0.0, Max: 0.0, Diff: 0.0, Sum: 0.0]
      [Code Root Scanning (ms): Min: 0.0, Avg: 0.0, Max: 0.0, Diff: 0.0, Sum: 0.0]
      [Object Copy (ms): Min: 0.0, Avg: 0.0, Max: 0.0, Diff: 0.0, Sum: 0.2]
      [Termination (ms): Min: 0.0, Avg: 0.0, Max: 0.0, Diff: 0.0, Sum: 0.2]
         [Termination Attempts: Min: 1, Avg: 1.0, Max: 1, Diff: 0, Sum: 10]
      [GC Worker Other (ms): Min: 0.0, Avg: 0.0, Max: 0.0, Diff: 0.0, Sum: 0.0]
      [GC Worker Total (ms): Min: 0.1, Avg: 0.2, Max: 0.2, Diff: 0.1, Sum: 1.6]
      [GC Worker End (ms): Min: 345.3, Avg: 345.3, Max: 345.3, Diff: 0.0]
   [Code Root Fixup: 0.0 ms]
   [Code Root Purge: 0.0 ms]
   [Clear CT: 0.0 ms]
   [Other: 0.2 ms]
      [Evacuation Failure: 0.1 ms]
      [Choose CSet: 0.0 ms]
      [Ref Proc: 0.1 ms]
      [Ref Enq: 0.0 ms]
      [Redirty Cards: 0.0 ms]
      [Humongous Register: 0.0 ms]
      [Humongous Reclaim: 0.0 ms]
      [Free CSet: 0.0 ms]
   [Eden: 3072.0K(12.0M)->0.0B(12.0M) Survivors: 0.0B->0.0B Heap: 204.1M(256.0M)->204.1M(256.0M)]
 [Times: user=0.00 sys=0.00, real=0.00 secs] 
2020-11-18T13:41:08.449+0800: 0.346: [Full GC (Allocation Failure)  204M->191M(256M), 0.0137710 secs]
   [Eden: 0.0B(12.0M)->0.0B(12.0M) Survivors: 0.0B->0.0B Heap: 204.1M(256.0M)->191.9M(256.0M)], [Metaspace: 3294K->3294K(1056768K)]
 [Times: user=0.02 sys=0.00, real=0.01 secs] 
2020-11-18T13:41:08.464+0800: 0.360: [GC pause (G1 Humongous Allocation) (young) (initial-mark), 0.0005008 secs]
   [Parallel Time: 0.3 ms, GC Workers: 10]
      [GC Worker Start (ms): Min: 360.3, Avg: 360.4, Max: 360.4, Diff: 0.0]
      [Ext Root Scanning (ms): Min: 0.1, Avg: 0.1, Max: 0.1, Diff: 0.0, Sum: 1.2]
      [Update RS (ms): Min: 0.0, Avg: 0.0, Max: 0.1, Diff: 0.1, Sum: 0.1]
         [Processed Buffers: Min: 0, Avg: 0.2, Max: 1, Diff: 1, Sum: 2]
      [Scan RS (ms): Min: 0.0, Avg: 0.0, Max: 0.0, Diff: 0.0, Sum: 0.0]
      [Code Root Scanning (ms): Min: 0.0, Avg: 0.0, Max: 0.0, Diff: 0.0, Sum: 0.0]
      [Object Copy (ms): Min: 0.0, Avg: 0.0, Max: 0.1, Diff: 0.1, Sum: 0.3]
      [Termination (ms): Min: 0.0, Avg: 0.0, Max: 0.1, Diff: 0.1, Sum: 0.5]
         [Termination Attempts: Min: 1, Avg: 2.0, Max: 3, Diff: 2, Sum: 20]
      [GC Worker Other (ms): Min: 0.0, Avg: 0.0, Max: 0.0, Diff: 0.0, Sum: 0.0]
      [GC Worker Total (ms): Min: 0.2, Avg: 0.2, Max: 0.2, Diff: 0.0, Sum: 2.2]
      [GC Worker End (ms): Min: 360.6, Avg: 360.6, Max: 360.6, Diff: 0.0]
   [Code Root Fixup: 0.0 ms]
   [Code Root Purge: 0.0 ms]
   [Clear CT: 0.1 ms]
   [Other: 0.2 ms]
      [Choose CSet: 0.0 ms]
      [Ref Proc: 0.0 ms]
      [Ref Enq: 0.0 ms]
      [Redirty Cards: 0.1 ms]
      [Humongous Register: 0.0 ms]
      [Humongous Reclaim: 0.0 ms]
      [Free CSet: 0.0 ms]
   [Eden: 6144.0K(12.0M)->0.0B(11.0M) Survivors: 0.0B->1024.0K Heap: 197.4M(256.0M)->192.9M(256.0M)]
 [Times: user=0.00 sys=0.00, real=0.00 secs] 
2020-11-18T13:41:08.465+0800: 0.361: [GC concurrent-root-region-scan-start]
2020-11-18T13:41:08.465+0800: 0.361: [GC concurrent-root-region-scan-end, 0.0000667 secs]
2020-11-18T13:41:08.465+0800: 0.361: [GC concurrent-mark-start]
2020-11-18T13:41:08.465+0800: 0.361: [GC concurrent-mark-end, 0.0004922 secs]
2020-11-18T13:41:08.465+0800: 0.361: [GC remark 2020-11-18T13:41:08.465+0800: 0.361: [Finalize Marking, 0.0000496 secs] 2020-11-18T13:41:08.465+0800: 0.362: [GC ref-proc, 0.0000685 secs] 2020-11-18T13:41:08.465+0800: 0.362: [Unloading, 0.0002830 secs], 0.0007218 secs]
 [Times: user=0.00 sys=0.00, real=0.00 secs] 
2020-11-18T13:41:08.466+0800: 0.362: [GC cleanup 201M->201M(256M), 0.0002629 secs]
 [Times: user=0.00 sys=0.00, real=0.00 secs] 
2020-11-18T13:41:08.466+0800: 0.363: [GC pause (G1 Evacuation Pause) (young) (to-space exhausted), 0.0006976 secs]
   [Parallel Time: 0.4 ms, GC Workers: 10]
      [GC Worker Start (ms): Min: 362.6, Avg: 362.8, Max: 362.8, Diff: 0.2]
      [Ext Root Scanning (ms): Min: 0.0, Avg: 0.0, Max: 0.1, Diff: 0.1, Sum: 0.1]
      [Update RS (ms): Min: 0.1, Avg: 0.1, Max: 0.2, Diff: 0.1, Sum: 1.4]
         [Processed Buffers: Min: 2, Avg: 2.7, Max: 7, Diff: 5, Sum: 27]
      [Scan RS (ms): Min: 0.0, Avg: 0.0, Max: 0.0, Diff: 0.0, Sum: 0.0]
      [Code Root Scanning (ms): Min: 0.0, Avg: 0.0, Max: 0.0, Diff: 0.0, Sum: 0.0]
      [Object Copy (ms): Min: 0.0, Avg: 0.0, Max: 0.0, Diff: 0.0, Sum: 0.1]
      [Termination (ms): Min: 0.0, Avg: 0.0, Max: 0.0, Diff: 0.0, Sum: 0.1]
         [Termination Attempts: Min: 1, Avg: 1.1, Max: 2, Diff: 1, Sum: 11]
      [GC Worker Other (ms): Min: 0.0, Avg: 0.0, Max: 0.0, Diff: 0.0, Sum: 0.0]
      [GC Worker Total (ms): Min: 0.1, Avg: 0.2, Max: 0.4, Diff: 0.2, Sum: 1.8]
      [GC Worker End (ms): Min: 362.9, Avg: 362.9, Max: 362.9, Diff: 0.0]
   [Code Root Fixup: 0.0 ms]
   [Code Root Purge: 0.0 ms]
   [Clear CT: 0.1 ms]
   [Other: 0.2 ms]
      [Evacuation Failure: 0.1 ms]
      [Choose CSet: 0.0 ms]
      [Ref Proc: 0.1 ms]
      [Ref Enq: 0.0 ms]
      [Redirty Cards: 0.0 ms]
      [Humongous Register: 0.0 ms]
      [Humongous Reclaim: 0.0 ms]
      [Free CSet: 0.0 ms]
   [Eden: 6144.0K(11.0M)->0.0B(12.0M) Survivors: 1024.0K->0.0B Heap: 201.4M(256.0M)->199.7M(256.0M)]
 [Times: user=0.00 sys=0.00, real=0.00 secs] 
2020-11-18T13:41:08.468+0800: 0.364: [GC pause (G1 Evacuation Pause) (young) (to-space exhausted), 0.0005038 secs]
   [Parallel Time: 0.2 ms, GC Workers: 10]
      [GC Worker Start (ms): Min: 363.9, Avg: 363.9, Max: 363.9, Diff: 0.0]
      [Ext Root Scanning (ms): Min: 0.1, Avg: 0.1, Max: 0.1, Diff: 0.0, Sum: 1.0]
      [Update RS (ms): Min: 0.0, Avg: 0.0, Max: 0.1, Diff: 0.1, Sum: 0.5]
         [Processed Buffers: Min: 1, Avg: 1.5, Max: 2, Diff: 1, Sum: 15]
      [Scan RS (ms): Min: 0.0, Avg: 0.0, Max: 0.0, Diff: 0.0, Sum: 0.0]
      [Code Root Scanning (ms): Min: 0.0, Avg: 0.0, Max: 0.0, Diff: 0.0, Sum: 0.0]
      [Object Copy (ms): Min: 0.0, Avg: 0.0, Max: 0.0, Diff: 0.0, Sum: 0.0]
      [Termination (ms): Min: 0.0, Avg: 0.0, Max: 0.0, Diff: 0.0, Sum: 0.2]
         [Termination Attempts: Min: 1, Avg: 1.0, Max: 1, Diff: 0, Sum: 10]
      [GC Worker Other (ms): Min: 0.0, Avg: 0.0, Max: 0.0, Diff: 0.0, Sum: 0.1]
      [GC Worker Total (ms): Min: 0.2, Avg: 0.2, Max: 0.2, Diff: 0.0, Sum: 1.7]
      [GC Worker End (ms): Min: 364.1, Avg: 364.1, Max: 364.1, Diff: 0.0]
   [Code Root Fixup: 0.0 ms]
   [Code Root Purge: 0.0 ms]
   [Clear CT: 0.1 ms]
   [Other: 0.2 ms]
      [Evacuation Failure: 0.1 ms]
      [Choose CSet: 0.0 ms]
      [Ref Proc: 0.1 ms]
      [Ref Enq: 0.0 ms]
      [Redirty Cards: 0.1 ms]
      [Humongous Register: 0.0 ms]
      [Humongous Reclaim: 0.0 ms]
      [Free CSet: 0.0 ms]
   [Eden: 2048.0K(12.0M)->0.0B(12.0M) Survivors: 0.0B->0.0B Heap: 202.3M(256.0M)->201.7M(256.0M)]
 [Times: user=0.00 sys=0.00, real=0.00 secs] 
2020-11-18T13:41:08.468+0800: 0.365: [GC pause (G1 Evacuation Pause) (young) (initial-mark) (to-space exhausted), 0.0004620 secs]
   [Parallel Time: 0.2 ms, GC Workers: 10]
      [GC Worker Start (ms): Min: 364.6, Avg: 364.7, Max: 364.7, Diff: 0.0]
      [Ext Root Scanning (ms): Min: 0.1, Avg: 0.1, Max: 0.1, Diff: 0.0, Sum: 1.0]
      [Update RS (ms): Min: 0.0, Avg: 0.0, Max: 0.0, Diff: 0.0, Sum: 0.1]
         [Processed Buffers: Min: 1, Avg: 1.4, Max: 3, Diff: 2, Sum: 14]
      [Scan RS (ms): Min: 0.0, Avg: 0.0, Max: 0.0, Diff: 0.0, Sum: 0.0]
      [Code Root Scanning (ms): Min: 0.0, Avg: 0.0, Max: 0.0, Diff: 0.0, Sum: 0.0]
      [Object Copy (ms): Min: 0.0, Avg: 0.0, Max: 0.0, Diff: 0.0, Sum: 0.0]
      [Termination (ms): Min: 0.0, Avg: 0.0, Max: 0.0, Diff: 0.0, Sum: 0.3]
         [Termination Attempts: Min: 1, Avg: 1.4, Max: 2, Diff: 1, Sum: 14]
      [GC Worker Other (ms): Min: 0.0, Avg: 0.0, Max: 0.0, Diff: 0.0, Sum: 0.0]
      [GC Worker Total (ms): Min: 0.1, Avg: 0.1, Max: 0.2, Diff: 0.0, Sum: 1.4]
      [GC Worker End (ms): Min: 364.8, Avg: 364.8, Max: 364.8, Diff: 0.0]
   [Code Root Fixup: 0.0 ms]
   [Code Root Purge: 0.0 ms]
   [Clear CT: 0.1 ms]
   [Other: 0.2 ms]
      [Evacuation Failure: 0.1 ms]
      [Choose CSet: 0.0 ms]
      [Ref Proc: 0.0 ms]
      [Ref Enq: 0.0 ms]
      [Redirty Cards: 0.1 ms]
      [Humongous Register: 0.0 ms]
      [Humongous Reclaim: 0.0 ms]
      [Free CSet: 0.0 ms]
   [Eden: 1024.0K(12.0M)->0.0B(12.0M) Survivors: 0.0B->0.0B Heap: 202.7M(256.0M)->202.7M(256.0M)]
 [Times: user=0.00 sys=0.00, real=0.00 secs] 
2020-11-18T13:41:08.469+0800: 0.365: [GC concurrent-root-region-scan-start]
2020-11-18T13:41:08.469+0800: 0.365: [GC concurrent-root-region-scan-end, 0.0000040 secs]
2020-11-18T13:41:08.469+0800: 0.365: [GC concurrent-mark-start]
2020-11-18T13:41:08.469+0800: 0.365: [Full GC (Allocation Failure)  202M->193M(256M), 0.0135632 secs]
   [Eden: 0.0B(12.0M)->0.0B(12.0M) Survivors: 0.0B->0.0B Heap: 202.7M(256.0M)->193.8M(256.0M)], [Metaspace: 3294K->3294K(1056768K)]
 [Times: user=0.02 sys=0.00, real=0.01 secs] 
2020-11-18T13:41:08.483+0800: 0.379: [GC concurrent-mark-abort]
2020-11-18T13:41:08.483+0800: 0.379: [GC pause (G1 Humongous Allocation) (young) (initial-mark), 0.0005573 secs]
   [Parallel Time: 0.3 ms, GC Workers: 10]
      [GC Worker Start (ms): Min: 379.3, Avg: 379.4, Max: 379.5, Diff: 0.2]
      [Ext Root Scanning (ms): Min: 0.0, Avg: 0.0, Max: 0.2, Diff: 0.2, Sum: 0.5]
      [Update RS (ms): Min: 0.0, Avg: 0.0, Max: 0.1, Diff: 0.1, Sum: 0.2]
         [Processed Buffers: Min: 0, Avg: 0.2, Max: 1, Diff: 1, Sum: 2]
      [Scan RS (ms): Min: 0.0, Avg: 0.0, Max: 0.0, Diff: 0.0, Sum: 0.0]
      [Code Root Scanning (ms): Min: 0.0, Avg: 0.0, Max: 0.0, Diff: 0.0, Sum: 0.0]
      [Object Copy (ms): Min: 0.0, Avg: 0.0, Max: 0.1, Diff: 0.1, Sum: 0.2]
      [Termination (ms): Min: 0.0, Avg: 0.1, Max: 0.1, Diff: 0.1, Sum: 0.5]
         [Termination Attempts: Min: 1, Avg: 1.7, Max: 5, Diff: 4, Sum: 17]
      [GC Worker Other (ms): Min: 0.0, Avg: 0.0, Max: 0.0, Diff: 0.0, Sum: 0.0]
      [GC Worker Total (ms): Min: 0.1, Avg: 0.1, Max: 0.3, Diff: 0.2, Sum: 1.4]
      [GC Worker End (ms): Min: 379.6, Avg: 379.6, Max: 379.6, Diff: 0.0]
   [Code Root Fixup: 0.0 ms]
   [Code Root Purge: 0.0 ms]
   [Clear CT: 0.1 ms]
   [Other: 0.2 ms]
      [Choose CSet: 0.0 ms]
      [Ref Proc: 0.0 ms]
      [Ref Enq: 0.0 ms]
      [Redirty Cards: 0.1 ms]
      [Humongous Register: 0.0 ms]
      [Humongous Reclaim: 0.0 ms]
      [Free CSet: 0.0 ms]
   [Eden: 4096.0K(12.0M)->0.0B(11.0M) Survivors: 0.0B->1024.0K Heap: 197.8M(256.0M)->194.7M(256.0M)]
 [Times: user=0.00 sys=0.00, real=0.00 secs] 
2020-11-18T13:41:08.484+0800: 0.380: [GC concurrent-root-region-scan-start]
2020-11-18T13:41:08.484+0800: 0.380: [GC concurrent-root-region-scan-end, 0.0000576 secs]
2020-11-18T13:41:08.484+0800: 0.380: [GC concurrent-mark-start]
2020-11-18T13:41:08.484+0800: 0.380: [GC pause (G1 Evacuation Pause) (young) (to-space exhausted), 0.0006462 secs]
   [Parallel Time: 0.4 ms, GC Workers: 10]
      [GC Worker Start (ms): Min: 380.4, Avg: 380.4, Max: 380.4, Diff: 0.0]
      [Ext Root Scanning (ms): Min: 0.1, Avg: 0.1, Max: 0.1, Diff: 0.0, Sum: 1.0]
      [Update RS (ms): Min: 0.2, Avg: 0.2, Max: 0.2, Diff: 0.1, Sum: 1.8]
         [Processed Buffers: Min: 3, Avg: 3.1, Max: 4, Diff: 1, Sum: 31]
      [Scan RS (ms): Min: 0.0, Avg: 0.0, Max: 0.0, Diff: 0.0, Sum: 0.0]
      [Code Root Scanning (ms): Min: 0.0, Avg: 0.0, Max: 0.0, Diff: 0.0, Sum: 0.0]
      [Object Copy (ms): Min: 0.0, Avg: 0.0, Max: 0.0, Diff: 0.0, Sum: 0.1]
      [Termination (ms): Min: 0.0, Avg: 0.0, Max: 0.0, Diff: 0.0, Sum: 0.2]
         [Termination Attempts: Min: 1, Avg: 1.0, Max: 1, Diff: 0, Sum: 10]
      [GC Worker Other (ms): Min: 0.0, Avg: 0.0, Max: 0.0, Diff: 0.0, Sum: 0.0]
      [GC Worker Total (ms): Min: 0.3, Avg: 0.3, Max: 0.3, Diff: 0.0, Sum: 3.1]
      [GC Worker End (ms): Min: 380.7, Avg: 380.7, Max: 380.7, Diff: 0.0]
   [Code Root Fixup: 0.0 ms]
   [Code Root Purge: 0.0 ms]
   [Clear CT: 0.0 ms]
   [Other: 0.2 ms]
      [Evacuation Failure: 0.1 ms]
      [Choose CSet: 0.0 ms]
      [Ref Proc: 0.1 ms]
      [Ref Enq: 0.0 ms]
      [Redirty Cards: 0.1 ms]
      [Humongous Register: 0.0 ms]
      [Humongous Reclaim: 0.0 ms]
      [Free CSet: 0.0 ms]
   [Eden: 3072.0K(11.0M)->0.0B(12.0M) Survivors: 1024.0K->0.0B Heap: 200.9M(256.0M)->198.6M(256.0M)]
 [Times: user=0.00 sys=0.00, real=0.00 secs] 
2020-11-18T13:41:08.485+0800: 0.381: [GC concurrent-mark-end, 0.0012560 secs]
2020-11-18T13:41:08.485+0800: 0.381: [GC remark 2020-11-18T13:41:08.485+0800: 0.381: [Finalize Marking, 0.0000541 secs] 2020-11-18T13:41:08.485+0800: 0.381: [GC ref-proc, 0.0000659 secs] 2020-11-18T13:41:08.485+0800: 0.381: [Unloading, 0.0003098 secs], 0.0007527 secs]
 [Times: user=0.00 sys=0.00, real=0.00 secs] 
2020-11-18T13:41:08.486+0800: 0.382: [GC cleanup 199M->199M(256M), 0.0002731 secs]
 [Times: user=0.00 sys=0.00, real=0.00 secs] 
2020-11-18T13:41:08.486+0800: 0.383: [GC pause (G1 Evacuation Pause) (young) (to-space exhausted), 0.0005242 secs]
   [Parallel Time: 0.2 ms, GC Workers: 10]
      [GC Worker Start (ms): Min: 382.6, Avg: 382.6, Max: 382.6, Diff: 0.0]
      [Ext Root Scanning (ms): Min: 0.1, Avg: 0.1, Max: 0.1, Diff: 0.0, Sum: 1.0]
      [Update RS (ms): Min: 0.0, Avg: 0.1, Max: 0.1, Diff: 0.1, Sum: 0.5]
         [Processed Buffers: Min: 1, Avg: 1.6, Max: 3, Diff: 2, Sum: 16]
      [Scan RS (ms): Min: 0.0, Avg: 0.0, Max: 0.0, Diff: 0.0, Sum: 0.0]
      [Code Root Scanning (ms): Min: 0.0, Avg: 0.0, Max: 0.0, Diff: 0.0, Sum: 0.0]
      [Object Copy (ms): Min: 0.0, Avg: 0.0, Max: 0.0, Diff: 0.0, Sum: 0.0]
      [Termination (ms): Min: 0.0, Avg: 0.0, Max: 0.1, Diff: 0.1, Sum: 0.2]
         [Termination Attempts: Min: 1, Avg: 1.1, Max: 2, Diff: 1, Sum: 11]
      [GC Worker Other (ms): Min: 0.0, Avg: 0.0, Max: 0.0, Diff: 0.0, Sum: 0.0]
      [GC Worker Total (ms): Min: 0.2, Avg: 0.2, Max: 0.2, Diff: 0.0, Sum: 1.8]
      [GC Worker End (ms): Min: 382.8, Avg: 382.8, Max: 382.8, Diff: 0.0]
   [Code Root Fixup: 0.0 ms]
   [Code Root Purge: 0.0 ms]
   [Clear CT: 0.1 ms]
   [Other: 0.2 ms]
      [Evacuation Failure: 0.1 ms]
      [Choose CSet: 0.0 ms]
      [Ref Proc: 0.1 ms]
      [Ref Enq: 0.0 ms]
      [Redirty Cards: 0.1 ms]
      [Humongous Register: 0.0 ms]
      [Humongous Reclaim: 0.0 ms]
      [Free CSet: 0.0 ms]
   [Eden: 2048.0K(12.0M)->0.0B(12.0M) Survivors: 0.0B->0.0B Heap: 201.3M(256.0M)->200.6M(256.0M)]
 [Times: user=0.00 sys=0.00, real=0.00 secs] 
2020-11-18T13:41:08.487+0800: 0.383: [GC pause (G1 Humongous Allocation) (young), 0.0004114 secs]
   [Parallel Time: 0.2 ms, GC Workers: 10]
      [GC Worker Start (ms): Min: 383.2, Avg: 383.2, Max: 383.3, Diff: 0.0]
      [Ext Root Scanning (ms): Min: 0.1, Avg: 0.1, Max: 0.1, Diff: 0.0, Sum: 0.9]
      [Update RS (ms): Min: 0.0, Avg: 0.0, Max: 0.1, Diff: 0.0, Sum: 0.2]
         [Processed Buffers: Min: 0, Avg: 0.9, Max: 2, Diff: 2, Sum: 9]
      [Scan RS (ms): Min: 0.0, Avg: 0.0, Max: 0.0, Diff: 0.0, Sum: 0.0]
      [Code Root Scanning (ms): Min: 0.0, Avg: 0.0, Max: 0.0, Diff: 0.0, Sum: 0.0]
      [Object Copy (ms): Min: 0.0, Avg: 0.0, Max: 0.0, Diff: 0.0, Sum: 0.0]
      [Termination (ms): Min: 0.0, Avg: 0.0, Max: 0.1, Diff: 0.1, Sum: 0.4]
         [Termination Attempts: Min: 1, Avg: 1.0, Max: 1, Diff: 0, Sum: 10]
      [GC Worker Other (ms): Min: 0.0, Avg: 0.0, Max: 0.0, Diff: 0.0, Sum: 0.0]
      [GC Worker Total (ms): Min: 0.1, Avg: 0.2, Max: 0.2, Diff: 0.0, Sum: 1.5]
      [GC Worker End (ms): Min: 383.4, Avg: 383.4, Max: 383.4, Diff: 0.0]
   [Code Root Fixup: 0.0 ms]
   [Code Root Purge: 0.0 ms]
   [Clear CT: 0.1 ms]
   [Other: 0.1 ms]
      [Choose CSet: 0.0 ms]
      [Ref Proc: 0.0 ms]
      [Ref Enq: 0.0 ms]
      [Redirty Cards: 0.1 ms]
      [Humongous Register: 0.0 ms]
      [Humongous Reclaim: 0.0 ms]
      [Free CSet: 0.0 ms]
   [Eden: 1024.0K(12.0M)->0.0B(12.0M) Survivors: 0.0B->0.0B Heap: 200.7M(256.0M)->200.6M(256.0M)]
 [Times: user=0.00 sys=0.00, real=0.00 secs] 
2020-11-18T13:41:08.488+0800: 0.384: [GC pause (G1 Humongous Allocation) (young), 0.0004849 secs]
   [Parallel Time: 0.3 ms, GC Workers: 10]
      [GC Worker Start (ms): Min: 383.8, Avg: 383.8, Max: 383.8, Diff: 0.0]
      [Ext Root Scanning (ms): Min: 0.1, Avg: 0.1, Max: 0.1, Diff: 0.0, Sum: 0.9]
      [Update RS (ms): Min: 0.0, Avg: 0.0, Max: 0.1, Diff: 0.1, Sum: 0.4]
         [Processed Buffers: Min: 0, Avg: 0.6, Max: 1, Diff: 1, Sum: 6]
      [Scan RS (ms): Min: 0.0, Avg: 0.0, Max: 0.0, Diff: 0.0, Sum: 0.0]
      [Code Root Scanning (ms): Min: 0.0, Avg: 0.0, Max: 0.0, Diff: 0.0, Sum: 0.0]
      [Object Copy (ms): Min: 0.0, Avg: 0.0, Max: 0.0, Diff: 0.0, Sum: 0.0]
      [Termination (ms): Min: 0.0, Avg: 0.1, Max: 0.1, Diff: 0.1, Sum: 0.6]
         [Termination Attempts: Min: 1, Avg: 1.0, Max: 1, Diff: 0, Sum: 10]
      [GC Worker Other (ms): Min: 0.0, Avg: 0.0, Max: 0.0, Diff: 0.0, Sum: 0.0]
      [GC Worker Total (ms): Min: 0.2, Avg: 0.2, Max: 0.2, Diff: 0.0, Sum: 1.9]
      [GC Worker End (ms): Min: 384.0, Avg: 384.0, Max: 384.0, Diff: 0.0]
   [Code Root Fixup: 0.0 ms]
   [Code Root Purge: 0.0 ms]
   [Clear CT: 0.1 ms]
   [Other: 0.2 ms]
      [Choose CSet: 0.0 ms]
      [Ref Proc: 0.1 ms]
      [Ref Enq: 0.0 ms]
      [Redirty Cards: 0.1 ms]
      [Humongous Register: 0.0 ms]
      [Humongous Reclaim: 0.0 ms]
      [Free CSet: 0.0 ms]
   [Eden: 0.0B(12.0M)->0.0B(12.0M) Survivors: 0.0B->0.0B Heap: 201.2M(256.0M)->200.6M(256.0M)]
 [Times: user=0.00 sys=0.00, real=0.00 secs] 
2020-11-18T13:41:08.488+0800: 0.384: [GC pause (G1 Evacuation Pause) (young), 0.0004509 secs]
   [Parallel Time: 0.2 ms, GC Workers: 10]
      [GC Worker Start (ms): Min: 384.4, Avg: 384.4, Max: 384.4, Diff: 0.0]
      [Ext Root Scanning (ms): Min: 0.1, Avg: 0.1, Max: 0.1, Diff: 0.0, Sum: 0.9]
      [Update RS (ms): Min: 0.0, Avg: 0.0, Max: 0.1, Diff: 0.1, Sum: 0.5]
         [Processed Buffers: Min: 0, Avg: 0.7, Max: 1, Diff: 1, Sum: 7]
      [Scan RS (ms): Min: 0.0, Avg: 0.0, Max: 0.0, Diff: 0.0, Sum: 0.0]
      [Code Root Scanning (ms): Min: 0.0, Avg: 0.0, Max: 0.0, Diff: 0.0, Sum: 0.0]
      [Object Copy (ms): Min: 0.0, Avg: 0.0, Max: 0.0, Diff: 0.0, Sum: 0.0]
      [Termination (ms): Min: 0.0, Avg: 0.1, Max: 0.1, Diff: 0.1, Sum: 0.5]
         [Termination Attempts: Min: 1, Avg: 1.0, Max: 1, Diff: 0, Sum: 10]
      [GC Worker Other (ms): Min: 0.0, Avg: 0.0, Max: 0.0, Diff: 0.0, Sum: 0.0]
      [GC Worker Total (ms): Min: 0.2, Avg: 0.2, Max: 0.2, Diff: 0.0, Sum: 1.9]
      [GC Worker End (ms): Min: 384.6, Avg: 384.6, Max: 384.6, Diff: 0.0]
   [Code Root Fixup: 0.0 ms]
   [Code Root Purge: 0.0 ms]
   [Clear CT: 0.1 ms]
   [Other: 0.1 ms]
      [Choose CSet: 0.0 ms]
      [Ref Proc: 0.0 ms]
      [Ref Enq: 0.0 ms]
      [Redirty Cards: 0.1 ms]
      [Humongous Register: 0.0 ms]
      [Humongous Reclaim: 0.0 ms]
      [Free CSet: 0.0 ms]
   [Eden: 0.0B(12.0M)->0.0B(12.0M) Survivors: 0.0B->0.0B Heap: 201.3M(256.0M)->200.6M(256.0M)]
 [Times: user=0.09 sys=0.00, real=0.00 secs] 
2020-11-18T13:41:08.489+0800: 0.385: [GC pause (G1 Evacuation Pause) (young) (to-space exhausted), 0.0011162 secs]
   [Parallel Time: 0.2 ms, GC Workers: 10]
      [GC Worker Start (ms): Min: 385.0, Avg: 385.1, Max: 385.1, Diff: 0.0]
      [Ext Root Scanning (ms): Min: 0.1, Avg: 0.1, Max: 0.1, Diff: 0.0, Sum: 0.9]
      [Update RS (ms): Min: 0.0, Avg: 0.0, Max: 0.1, Diff: 0.1, Sum: 0.1]
         [Processed Buffers: Min: 0, Avg: 0.3, Max: 1, Diff: 1, Sum: 3]
      [Scan RS (ms): Min: 0.0, Avg: 0.0, Max: 0.0, Diff: 0.0, Sum: 0.0]
      [Code Root Scanning (ms): Min: 0.0, Avg: 0.0, Max: 0.0, Diff: 0.0, Sum: 0.0]
      [Object Copy (ms): Min: 0.0, Avg: 0.0, Max: 0.0, Diff: 0.0, Sum: 0.0]
      [Termination (ms): Min: 0.0, Avg: 0.1, Max: 0.1, Diff: 0.1, Sum: 0.7]
         [Termination Attempts: Min: 1, Avg: 1.7, Max: 3, Diff: 2, Sum: 17]
      [GC Worker Other (ms): Min: 0.0, Avg: 0.0, Max: 0.0, Diff: 0.0, Sum: 0.0]
      [GC Worker Total (ms): Min: 0.2, Avg: 0.2, Max: 0.2, Diff: 0.0, Sum: 1.8]
      [GC Worker End (ms): Min: 385.2, Avg: 385.2, Max: 385.2, Diff: 0.0]
   [Code Root Fixup: 0.0 ms]
   [Code Root Purge: 0.0 ms]
   [Clear CT: 0.3 ms]
   [Other: 0.6 ms]
      [Evacuation Failure: 0.2 ms]
      [Choose CSet: 0.0 ms]
      [Ref Proc: 0.1 ms]
      [Ref Enq: 0.0 ms]
      [Redirty Cards: 0.3 ms]
      [Humongous Register: 0.0 ms]
      [Humongous Reclaim: 0.0 ms]
      [Free CSet: 0.0 ms]
   [Eden: 1024.0K(12.0M)->0.0B(12.0M) Survivors: 0.0B->0.0B Heap: 201.6M(256.0M)->201.6M(256.0M)]
 [Times: user=0.00 sys=0.00, real=0.00 secs] 
2020-11-18T13:41:08.490+0800: 0.386: [Full GC (Allocation Failure)  201M->197M(256M), 0.0132142 secs]
   [Eden: 0.0B(12.0M)->0.0B(12.0M) Survivors: 0.0B->0.0B Heap: 201.6M(256.0M)->197.6M(256.0M)], [Metaspace: 3294K->3294K(1056768K)]
 [Times: user=0.00 sys=0.00, real=0.01 secs] 
2020-11-18T13:41:08.503+0800: 0.400: [GC pause (G1 Humongous Allocation) (young) (initial-mark), 0.0009381 secs]
   [Parallel Time: 0.3 ms, GC Workers: 10]
      [GC Worker Start (ms): Min: 399.7, Avg: 399.7, Max: 399.7, Diff: 0.1]
      [Ext Root Scanning (ms): Min: 0.1, Avg: 0.1, Max: 0.1, Diff: 0.1, Sum: 1.0]
      [Update RS (ms): Min: 0.0, Avg: 0.0, Max: 0.1, Diff: 0.1, Sum: 0.1]
         [Processed Buffers: Min: 0, Avg: 0.2, Max: 1, Diff: 1, Sum: 2]
      [Scan RS (ms): Min: 0.0, Avg: 0.0, Max: 0.0, Diff: 0.0, Sum: 0.0]
      [Code Root Scanning (ms): Min: 0.0, Avg: 0.0, Max: 0.0, Diff: 0.0, Sum: 0.0]
      [Object Copy (ms): Min: 0.0, Avg: 0.0, Max: 0.0, Diff: 0.0, Sum: 0.1]
      [Termination (ms): Min: 0.0, Avg: 0.1, Max: 0.1, Diff: 0.1, Sum: 0.7]
         [Termination Attempts: Min: 1, Avg: 2.0, Max: 4, Diff: 3, Sum: 20]
      [GC Worker Other (ms): Min: 0.0, Avg: 0.0, Max: 0.0, Diff: 0.0, Sum: 0.0]
      [GC Worker Total (ms): Min: 0.1, Avg: 0.2, Max: 0.2, Diff: 0.1, Sum: 1.9]
      [GC Worker End (ms): Min: 399.9, Avg: 399.9, Max: 399.9, Diff: 0.0]
   [Code Root Fixup: 0.0 ms]
   [Code Root Purge: 0.0 ms]
   [Clear CT: 0.3 ms]
   [Other: 0.4 ms]
      [Choose CSet: 0.0 ms]
      [Ref Proc: 0.1 ms]
      [Ref Enq: 0.0 ms]
      [Redirty Cards: 0.2 ms]
      [Humongous Register: 0.0 ms]
      [Humongous Reclaim: 0.0 ms]
      [Free CSet: 0.0 ms]
   [Eden: 1024.0K(12.0M)->0.0B(11.0M) Survivors: 0.0B->1024.0K Heap: 198.4M(256.0M)->197.7M(256.0M)]
 [Times: user=0.00 sys=0.00, real=0.00 secs] 
2020-11-18T13:41:08.504+0800: 0.401: [GC concurrent-root-region-scan-start]
2020-11-18T13:41:08.505+0800: 0.401: [GC concurrent-root-region-scan-end, 0.0000930 secs]
2020-11-18T13:41:08.505+0800: 0.401: [GC concurrent-mark-start]
2020-11-18T13:41:08.505+0800: 0.401: [GC pause (G1 Evacuation Pause) (young) (to-space exhausted), 0.0006903 secs]
   [Parallel Time: 0.3 ms, GC Workers: 10]
      [GC Worker Start (ms): Min: 401.1, Avg: 401.1, Max: 401.2, Diff: 0.1]
      [Ext Root Scanning (ms): Min: 0.1, Avg: 0.1, Max: 0.1, Diff: 0.1, Sum: 0.9]
      [Update RS (ms): Min: 0.1, Avg: 0.1, Max: 0.1, Diff: 0.0, Sum: 0.8]
         [Processed Buffers: Min: 1, Avg: 1.6, Max: 2, Diff: 1, Sum: 16]
      [Scan RS (ms): Min: 0.0, Avg: 0.0, Max: 0.0, Diff: 0.0, Sum: 0.0]
      [Code Root Scanning (ms): Min: 0.0, Avg: 0.0, Max: 0.0, Diff: 0.0, Sum: 0.0]
      [Object Copy (ms): Min: 0.0, Avg: 0.0, Max: 0.0, Diff: 0.0, Sum: 0.0]
      [Termination (ms): Min: 0.0, Avg: 0.0, Max: 0.0, Diff: 0.0, Sum: 0.3]
         [Termination Attempts: Min: 1, Avg: 1.0, Max: 1, Diff: 0, Sum: 10]
      [GC Worker Other (ms): Min: 0.0, Avg: 0.0, Max: 0.0, Diff: 0.0, Sum: 0.0]
      [GC Worker Total (ms): Min: 0.2, Avg: 0.2, Max: 0.3, Diff: 0.1, Sum: 2.2]
      [GC Worker End (ms): Min: 401.3, Avg: 401.4, Max: 401.4, Diff: 0.0]
   [Code Root Fixup: 0.0 ms]
   [Code Root Purge: 0.0 ms]
   [Clear CT: 0.1 ms]
   [Other: 0.4 ms]
      [Evacuation Failure: 0.1 ms]
      [Choose CSet: 0.0 ms]
      [Ref Proc: 0.1 ms]
      [Ref Enq: 0.0 ms]
      [Redirty Cards: 0.1 ms]
      [Humongous Register: 0.0 ms]
      [Humongous Reclaim: 0.0 ms]
      [Free CSet: 0.0 ms]
   [Eden: 1024.0K(11.0M)->0.0B(12.0M) Survivors: 1024.0K->0.0B Heap: 200.1M(256.0M)->200.1M(256.0M)]
 [Times: user=0.00 sys=0.00, real=0.00 secs] 
2020-11-18T13:41:08.506+0800: 0.402: [Full GC (Allocation Failure)  200M->198M(256M), 0.0139574 secs]
   [Eden: 0.0B(12.0M)->0.0B(12.0M) Survivors: 0.0B->0.0B Heap: 200.1M(256.0M)->198.3M(256.0M)], [Metaspace: 3294K->3294K(1056768K)]
 [Times: user=0.00 sys=0.00, real=0.01 secs] 
2020-11-18T13:41:08.520+0800: 0.416: [GC concurrent-mark-abort]
2020-11-18T13:41:08.520+0800: 0.416: [GC pause (G1 Humongous Allocation) (young) (initial-mark) (to-space exhausted), 0.0012961 secs]
   [Parallel Time: 0.3 ms, GC Workers: 10]
      [GC Worker Start (ms): Min: 416.3, Avg: 416.4, Max: 416.4, Diff: 0.1]
      [Ext Root Scanning (ms): Min: 0.1, Avg: 0.1, Max: 0.2, Diff: 0.1, Sum: 1.1]
      [Update RS (ms): Min: 0.0, Avg: 0.0, Max: 0.1, Diff: 0.1, Sum: 0.1]
         [Processed Buffers: Min: 0, Avg: 0.2, Max: 1, Diff: 1, Sum: 2]
      [Scan RS (ms): Min: 0.0, Avg: 0.0, Max: 0.0, Diff: 0.0, Sum: 0.0]
      [Code Root Scanning (ms): Min: 0.0, Avg: 0.0, Max: 0.0, Diff: 0.0, Sum: 0.0]
      [Object Copy (ms): Min: 0.0, Avg: 0.0, Max: 0.0, Diff: 0.0, Sum: 0.0]
      [Termination (ms): Min: 0.0, Avg: 0.1, Max: 0.1, Diff: 0.1, Sum: 0.7]
         [Termination Attempts: Min: 1, Avg: 2.0, Max: 3, Diff: 2, Sum: 20]
      [GC Worker Other (ms): Min: 0.0, Avg: 0.0, Max: 0.0, Diff: 0.0, Sum: 0.0]
      [GC Worker Total (ms): Min: 0.2, Avg: 0.2, Max: 0.3, Diff: 0.1, Sum: 2.1]
      [GC Worker End (ms): Min: 416.6, Avg: 416.6, Max: 416.6, Diff: 0.0]
   [Code Root Fixup: 0.0 ms]
   [Code Root Purge: 0.0 ms]
   [Clear CT: 0.3 ms]
   [Other: 0.7 ms]
      [Evacuation Failure: 0.2 ms]
      [Choose CSet: 0.0 ms]
      [Ref Proc: 0.2 ms]
      [Ref Enq: 0.0 ms]
      [Redirty Cards: 0.2 ms]
      [Humongous Register: 0.0 ms]
      [Humongous Reclaim: 0.0 ms]
      [Free CSet: 0.0 ms]
   [Eden: 3072.0K(12.0M)->0.0B(12.0M) Survivors: 0.0B->0.0B Heap: 200.8M(256.0M)->199.3M(256.0M)]
 [Times: user=0.16 sys=0.00, real=0.00 secs] 
2020-11-18T13:41:08.522+0800: 0.418: [GC concurrent-root-region-scan-start]
2020-11-18T13:41:08.522+0800: 0.418: [GC concurrent-root-region-scan-end, 0.0000051 secs]
2020-11-18T13:41:08.522+0800: 0.418: [GC concurrent-mark-start]
2020-11-18T13:41:08.522+0800: 0.418: [GC pause (G1 Humongous Allocation) (young) (to-space exhausted), 0.0007182 secs]
   [Parallel Time: 0.3 ms, GC Workers: 10]
      [GC Worker Start (ms): Min: 418.2, Avg: 418.3, Max: 418.3, Diff: 0.1]
      [Ext Root Scanning (ms): Min: 0.1, Avg: 0.1, Max: 0.1, Diff: 0.1, Sum: 1.1]
      [Update RS (ms): Min: 0.0, Avg: 0.0, Max: 0.1, Diff: 0.1, Sum: 0.4]
         [Processed Buffers: Min: 1, Avg: 1.1, Max: 2, Diff: 1, Sum: 11]
      [Scan RS (ms): Min: 0.0, Avg: 0.0, Max: 0.0, Diff: 0.0, Sum: 0.0]
      [Code Root Scanning (ms): Min: 0.0, Avg: 0.0, Max: 0.0, Diff: 0.0, Sum: 0.0]
      [Object Copy (ms): Min: 0.0, Avg: 0.0, Max: 0.0, Diff: 0.0, Sum: 0.0]
      [Termination (ms): Min: 0.0, Avg: 0.0, Max: 0.1, Diff: 0.1, Sum: 0.4]
         [Termination Attempts: Min: 1, Avg: 1.0, Max: 1, Diff: 0, Sum: 10]
      [GC Worker Other (ms): Min: 0.0, Avg: 0.0, Max: 0.0, Diff: 0.0, Sum: 0.1]
      [GC Worker Total (ms): Min: 0.2, Avg: 0.2, Max: 0.2, Diff: 0.1, Sum: 2.1]
      [GC Worker End (ms): Min: 418.5, Avg: 418.5, Max: 418.5, Diff: 0.0]
   [Code Root Fixup: 0.0 ms]
   [Code Root Purge: 0.0 ms]
   [Clear CT: 0.2 ms]
   [Other: 0.3 ms]
      [Evacuation Failure: 0.1 ms]
      [Choose CSet: 0.0 ms]
      [Ref Proc: 0.0 ms]
      [Ref Enq: 0.0 ms]
      [Redirty Cards: 0.1 ms]
      [Humongous Register: 0.0 ms]
      [Humongous Reclaim: 0.0 ms]
      [Free CSet: 0.0 ms]
   [Eden: 1024.0K(12.0M)->0.0B(12.0M) Survivors: 0.0B->0.0B Heap: 200.1M(256.0M)->199.6M(256.0M)]
 [Times: user=0.00 sys=0.00, real=0.00 secs] 
2020-11-18T13:41:08.523+0800: 0.419: [GC pause (G1 Evacuation Pause) (young), 0.0004503 secs]
   [Parallel Time: 0.2 ms, GC Workers: 10]
      [GC Worker Start (ms): Min: 419.1, Avg: 419.1, Max: 419.1, Diff: 0.0]
      [Ext Root Scanning (ms): Min: 0.1, Avg: 0.1, Max: 0.1, Diff: 0.0, Sum: 0.9]
      [Update RS (ms): Min: 0.0, Avg: 0.1, Max: 0.1, Diff: 0.1, Sum: 0.5]
         [Processed Buffers: Min: 0, Avg: 1.3, Max: 2, Diff: 2, Sum: 13]
      [Scan RS (ms): Min: 0.0, Avg: 0.0, Max: 0.0, Diff: 0.0, Sum: 0.0]
      [Code Root Scanning (ms): Min: 0.0, Avg: 0.0, Max: 0.0, Diff: 0.0, Sum: 0.0]
      [Object Copy (ms): Min: 0.0, Avg: 0.0, Max: 0.0, Diff: 0.0, Sum: 0.0]
      [Termination (ms): Min: 0.0, Avg: 0.0, Max: 0.1, Diff: 0.1, Sum: 0.3]
         [Termination Attempts: Min: 1, Avg: 1.0, Max: 1, Diff: 0, Sum: 10]
      [GC Worker Other (ms): Min: 0.0, Avg: 0.0, Max: 0.0, Diff: 0.0, Sum: 0.0]
      [GC Worker Total (ms): Min: 0.2, Avg: 0.2, Max: 0.2, Diff: 0.0, Sum: 1.7]
      [GC Worker End (ms): Min: 419.3, Avg: 419.3, Max: 419.3, Diff: 0.0]
   [Code Root Fixup: 0.0 ms]
   [Code Root Purge: 0.0 ms]
   [Clear CT: 0.1 ms]
   [Other: 0.2 ms]
      [Choose CSet: 0.0 ms]
      [Ref Proc: 0.1 ms]
      [Ref Enq: 0.0 ms]
      [Redirty Cards: 0.1 ms]
      [Humongous Register: 0.0 ms]
      [Humongous Reclaim: 0.0 ms]
      [Free CSet: 0.0 ms]
   [Eden: 0.0B(12.0M)->0.0B(12.0M) Survivors: 0.0B->0.0B Heap: 200.4M(256.0M)->200.4M(256.0M)]
 [Times: user=0.00 sys=0.00, real=0.00 secs] 
2020-11-18T13:41:08.524+0800: 0.420: [GC pause (G1 Evacuation Pause) (young), 0.0004708 secs]
   [Parallel Time: 0.3 ms, GC Workers: 10]
      [GC Worker Start (ms): Min: 419.6, Avg: 419.7, Max: 419.7, Diff: 0.0]
      [Ext Root Scanning (ms): Min: 0.1, Avg: 0.1, Max: 0.1, Diff: 0.0, Sum: 0.9]
      [Update RS (ms): Min: 0.0, Avg: 0.0, Max: 0.1, Diff: 0.1, Sum: 0.2]
         [Processed Buffers: Min: 0, Avg: 0.2, Max: 1, Diff: 1, Sum: 2]
      [Scan RS (ms): Min: 0.0, Avg: 0.0, Max: 0.0, Diff: 0.0, Sum: 0.0]
      [Code Root Scanning (ms): Min: 0.0, Avg: 0.0, Max: 0.0, Diff: 0.0, Sum: 0.0]
      [Object Copy (ms): Min: 0.0, Avg: 0.0, Max: 0.0, Diff: 0.0, Sum: 0.0]
      [Termination (ms): Min: 0.0, Avg: 0.1, Max: 0.1, Diff: 0.1, Sum: 0.8]
         [Termination Attempts: Min: 1, Avg: 1.0, Max: 1, Diff: 0, Sum: 10]
      [GC Worker Other (ms): Min: 0.0, Avg: 0.0, Max: 0.0, Diff: 0.0, Sum: 0.0]
      [GC Worker Total (ms): Min: 0.2, Avg: 0.2, Max: 0.2, Diff: 0.0, Sum: 1.9]
      [GC Worker End (ms): Min: 419.8, Avg: 419.8, Max: 419.9, Diff: 0.0]
   [Code Root Fixup: 0.0 ms]
   [Code Root Purge: 0.0 ms]
   [Clear CT: 0.1 ms]
   [Other: 0.1 ms]
      [Choose CSet: 0.0 ms]
      [Ref Proc: 0.0 ms]
      [Ref Enq: 0.0 ms]
      [Redirty Cards: 0.1 ms]
      [Humongous Register: 0.0 ms]
      [Humongous Reclaim: 0.0 ms]
      [Free CSet: 0.0 ms]
   [Eden: 0.0B(12.0M)->0.0B(12.0M) Survivors: 0.0B->0.0B Heap: 200.4M(256.0M)->200.4M(256.0M)]
 [Times: user=0.00 sys=0.00, real=0.00 secs] 
2020-11-18T13:41:08.524+0800: 0.420: [Full GC (Allocation Failure)  200M->198M(256M), 0.0027447 secs]
   [Eden: 0.0B(12.0M)->0.0B(12.0M) Survivors: 0.0B->0.0B Heap: 200.4M(256.0M)->198.9M(256.0M)], [Metaspace: 3294K->3294K(1056768K)]
 [Times: user=0.00 sys=0.00, real=0.00 secs] 
2020-11-18T13:41:08.527+0800: 0.423: [GC concurrent-mark-abort]
2020-11-18T13:41:08.527+0800: 0.423: [GC pause (G1 Humongous Allocation) (young) (initial-mark) (to-space exhausted), 0.0005389 secs]
   [Parallel Time: 0.2 ms, GC Workers: 10]
      [GC Worker Start (ms): Min: 423.2, Avg: 423.2, Max: 423.2, Diff: 0.0]
      [Ext Root Scanning (ms): Min: 0.1, Avg: 0.1, Max: 0.1, Diff: 0.0, Sum: 1.0]
      [Update RS (ms): Min: 0.0, Avg: 0.0, Max: 0.1, Diff: 0.1, Sum: 0.1]
         [Processed Buffers: Min: 0, Avg: 0.2, Max: 1, Diff: 1, Sum: 2]
      [Scan RS (ms): Min: 0.0, Avg: 0.0, Max: 0.0, Diff: 0.0, Sum: 0.0]
      [Code Root Scanning (ms): Min: 0.0, Avg: 0.0, Max: 0.0, Diff: 0.0, Sum: 0.0]
      [Object Copy (ms): Min: 0.0, Avg: 0.0, Max: 0.0, Diff: 0.0, Sum: 0.0]
      [Termination (ms): Min: 0.0, Avg: 0.1, Max: 0.1, Diff: 0.1, Sum: 0.8]
         [Termination Attempts: Min: 1, Avg: 1.5, Max: 2, Diff: 1, Sum: 15]
      [GC Worker Other (ms): Min: 0.0, Avg: 0.0, Max: 0.0, Diff: 0.0, Sum: 0.0]
      [GC Worker Total (ms): Min: 0.2, Avg: 0.2, Max: 0.2, Diff: 0.0, Sum: 2.0]
      [GC Worker End (ms): Min: 423.4, Avg: 423.4, Max: 423.4, Diff: 0.0]
   [Code Root Fixup: 0.0 ms]
   [Code Root Purge: 0.0 ms]
   [Clear CT: 0.1 ms]
   [Other: 0.2 ms]
      [Evacuation Failure: 0.1 ms]
      [Choose CSet: 0.0 ms]
      [Ref Proc: 0.0 ms]
      [Ref Enq: 0.0 ms]
      [Redirty Cards: 0.1 ms]
      [Humongous Register: 0.0 ms]
      [Humongous Reclaim: 0.0 ms]
      [Free CSet: 0.0 ms]
   [Eden: 1024.0K(12.0M)->0.0B(12.0M) Survivors: 0.0B->0.0B Heap: 199.4M(256.0M)->199.4M(256.0M)]
 [Times: user=0.00 sys=0.00, real=0.00 secs] 
2020-11-18T13:41:08.528+0800: 0.424: [GC concurrent-root-region-scan-start]
2020-11-18T13:41:08.528+0800: 0.424: [GC concurrent-root-region-scan-end, 0.0000037 secs]
2020-11-18T13:41:08.528+0800: 0.424: [GC concurrent-mark-start]
2020-11-18T13:41:08.528+0800: 0.424: [GC pause (G1 Humongous Allocation) (young), 0.0004350 secs]
   [Parallel Time: 0.2 ms, GC Workers: 10]
      [GC Worker Start (ms): Min: 423.8, Avg: 423.8, Max: 423.8, Diff: 0.0]
      [Ext Root Scanning (ms): Min: 0.1, Avg: 0.1, Max: 0.1, Diff: 0.0, Sum: 0.9]
      [Update RS (ms): Min: 0.0, Avg: 0.0, Max: 0.1, Diff: 0.1, Sum: 0.1]
         [Processed Buffers: Min: 0, Avg: 0.4, Max: 1, Diff: 1, Sum: 4]
      [Scan RS (ms): Min: 0.0, Avg: 0.0, Max: 0.0, Diff: 0.0, Sum: 0.0]
      [Code Root Scanning (ms): Min: 0.0, Avg: 0.0, Max: 0.0, Diff: 0.0, Sum: 0.0]
      [Object Copy (ms): Min: 0.0, Avg: 0.0, Max: 0.0, Diff: 0.0, Sum: 0.0]
      [Termination (ms): Min: 0.0, Avg: 0.1, Max: 0.1, Diff: 0.1, Sum: 0.8]
         [Termination Attempts: Min: 1, Avg: 1.0, Max: 1, Diff: 0, Sum: 10]
      [GC Worker Other (ms): Min: 0.0, Avg: 0.0, Max: 0.0, Diff: 0.0, Sum: 0.0]
      [GC Worker Total (ms): Min: 0.2, Avg: 0.2, Max: 0.2, Diff: 0.0, Sum: 1.9]
      [GC Worker End (ms): Min: 424.0, Avg: 424.0, Max: 424.0, Diff: 0.0]
   [Code Root Fixup: 0.0 ms]
   [Code Root Purge: 0.0 ms]
   [Clear CT: 0.1 ms]
   [Other: 0.2 ms]
      [Choose CSet: 0.0 ms]
      [Ref Proc: 0.1 ms]
      [Ref Enq: 0.0 ms]
      [Redirty Cards: 0.1 ms]
      [Humongous Register: 0.0 ms]
      [Humongous Reclaim: 0.0 ms]
      [Free CSet: 0.0 ms]
   [Eden: 0.0B(12.0M)->0.0B(12.0M) Survivors: 0.0B->0.0B Heap: 199.4M(256.0M)->199.4M(256.0M)]
 [Times: user=0.00 sys=0.00, real=0.00 secs] 
2020-11-18T13:41:08.528+0800: 0.424: [Full GC (Allocation Failure)  199M->198M(256M), 0.0019672 secs]
   [Eden: 0.0B(12.0M)->0.0B(12.0M) Survivors: 0.0B->0.0B Heap: 199.4M(256.0M)->199.0M(256.0M)], [Metaspace: 3294K->3294K(1056768K)]
 [Times: user=0.00 sys=0.00, real=0.00 secs] 
2020-11-18T13:41:08.530+0800: 0.426: [GC concurrent-mark-abort]
2020-11-18T13:41:08.530+0800: 0.426: [GC pause (G1 Evacuation Pause) (young), 0.0004600 secs]
   [Parallel Time: 0.2 ms, GC Workers: 10]
      [GC Worker Start (ms): Min: 426.4, Avg: 426.4, Max: 426.5, Diff: 0.0]
      [Ext Root Scanning (ms): Min: 0.1, Avg: 0.1, Max: 0.1, Diff: 0.0, Sum: 0.9]
      [Update RS (ms): Min: 0.0, Avg: 0.0, Max: 0.1, Diff: 0.1, Sum: 0.4]
         [Processed Buffers: Min: 0, Avg: 0.6, Max: 1, Diff: 1, Sum: 6]
      [Scan RS (ms): Min: 0.0, Avg: 0.0, Max: 0.0, Diff: 0.0, Sum: 0.0]
      [Code Root Scanning (ms): Min: 0.0, Avg: 0.0, Max: 0.0, Diff: 0.0, Sum: 0.0]
      [Object Copy (ms): Min: 0.0, Avg: 0.0, Max: 0.0, Diff: 0.0, Sum: 0.0]
      [Termination (ms): Min: 0.0, Avg: 0.1, Max: 0.1, Diff: 0.1, Sum: 0.6]
         [Termination Attempts: Min: 1, Avg: 1.0, Max: 1, Diff: 0, Sum: 10]
      [GC Worker Other (ms): Min: 0.0, Avg: 0.0, Max: 0.0, Diff: 0.0, Sum: 0.0]
      [GC Worker Total (ms): Min: 0.2, Avg: 0.2, Max: 0.2, Diff: 0.0, Sum: 2.0]
      [GC Worker End (ms): Min: 426.6, Avg: 426.6, Max: 426.6, Diff: 0.0]
   [Code Root Fixup: 0.0 ms]
   [Code Root Purge: 0.0 ms]
   [Clear CT: 0.1 ms]
   [Other: 0.2 ms]
      [Choose CSet: 0.0 ms]
      [Ref Proc: 0.1 ms]
      [Ref Enq: 0.0 ms]
      [Redirty Cards: 0.1 ms]
      [Humongous Register: 0.0 ms]
      [Humongous Reclaim: 0.0 ms]
      [Free CSet: 0.0 ms]
   [Eden: 0.0B(12.0M)->0.0B(12.0M) Survivors: 0.0B->0.0B Heap: 199.5M(256.0M)->199.0M(256.0M)]
 [Times: user=0.00 sys=0.00, real=0.00 secs] 
2020-11-18T13:41:08.531+0800: 0.427: [GC pause (G1 Humongous Allocation) (young) (initial-mark), 0.0004734 secs]
   [Parallel Time: 0.2 ms, GC Workers: 10]
      [GC Worker Start (ms): Min: 427.0, Avg: 427.0, Max: 427.0, Diff: 0.0]
      [Ext Root Scanning (ms): Min: 0.1, Avg: 0.1, Max: 0.1, Diff: 0.0, Sum: 0.9]
      [Update RS (ms): Min: 0.0, Avg: 0.0, Max: 0.1, Diff: 0.1, Sum: 0.1]
         [Processed Buffers: Min: 0, Avg: 0.2, Max: 1, Diff: 1, Sum: 2]
      [Scan RS (ms): Min: 0.0, Avg: 0.0, Max: 0.0, Diff: 0.0, Sum: 0.0]
      [Code Root Scanning (ms): Min: 0.0, Avg: 0.0, Max: 0.0, Diff: 0.0, Sum: 0.0]
      [Object Copy (ms): Min: 0.0, Avg: 0.0, Max: 0.0, Diff: 0.0, Sum: 0.0]
      [Termination (ms): Min: 0.0, Avg: 0.1, Max: 0.1, Diff: 0.1, Sum: 0.8]
         [Termination Attempts: Min: 1, Avg: 1.0, Max: 1, Diff: 0, Sum: 10]
      [GC Worker Other (ms): Min: 0.0, Avg: 0.0, Max: 0.0, Diff: 0.0, Sum: 0.0]
      [GC Worker Total (ms): Min: 0.2, Avg: 0.2, Max: 0.2, Diff: 0.0, Sum: 1.9]
      [GC Worker End (ms): Min: 427.2, Avg: 427.2, Max: 427.2, Diff: 0.0]
   [Code Root Fixup: 0.0 ms]
   [Code Root Purge: 0.0 ms]
   [Clear CT: 0.1 ms]
   [Other: 0.2 ms]
      [Choose CSet: 0.0 ms]
      [Ref Proc: 0.1 ms]
      [Ref Enq: 0.0 ms]
      [Redirty Cards: 0.1 ms]
      [Humongous Register: 0.0 ms]
      [Humongous Reclaim: 0.0 ms]
      [Free CSet: 0.0 ms]
   [Eden: 1024.0K(12.0M)->0.0B(12.0M) Survivors: 0.0B->0.0B Heap: 199.3M(256.0M)->199.0M(256.0M)]
 [Times: user=0.00 sys=0.00, real=0.00 secs] 
2020-11-18T13:41:08.531+0800: 0.427: [GC concurrent-root-region-scan-start]
2020-11-18T13:41:08.531+0800: 0.427: [GC concurrent-root-region-scan-end, 0.0000037 secs]
2020-11-18T13:41:08.531+0800: 0.427: [GC concurrent-mark-start]
2020-11-18T13:41:08.532+0800: 0.428: [GC pause (G1 Evacuation Pause) (young), 0.0012303 secs]
   [Parallel Time: 0.3 ms, GC Workers: 10]
      [GC Worker Start (ms): Min: 427.6, Avg: 427.6, Max: 427.6, Diff: 0.0]
      [Ext Root Scanning (ms): Min: 0.1, Avg: 0.1, Max: 0.1, Diff: 0.0, Sum: 0.9]
      [Update RS (ms): Min: 0.0, Avg: 0.0, Max: 0.1, Diff: 0.1, Sum: 0.4]
         [Processed Buffers: Min: 0, Avg: 0.7, Max: 1, Diff: 1, Sum: 7]
      [Scan RS (ms): Min: 0.0, Avg: 0.0, Max: 0.0, Diff: 0.0, Sum: 0.0]
      [Code Root Scanning (ms): Min: 0.0, Avg: 0.0, Max: 0.0, Diff: 0.0, Sum: 0.0]
      [Object Copy (ms): Min: 0.0, Avg: 0.0, Max: 0.0, Diff: 0.0, Sum: 0.0]
      [Termination (ms): Min: 0.0, Avg: 0.1, Max: 0.1, Diff: 0.1, Sum: 0.6]
         [Termination Attempts: Min: 1, Avg: 1.0, Max: 1, Diff: 0, Sum: 10]
      [GC Worker Other (ms): Min: 0.0, Avg: 0.0, Max: 0.0, Diff: 0.0, Sum: 0.0]
      [GC Worker Total (ms): Min: 0.2, Avg: 0.2, Max: 0.2, Diff: 0.0, Sum: 2.0]
      [GC Worker End (ms): Min: 427.8, Avg: 427.8, Max: 427.8, Diff: 0.0]
   [Code Root Fixup: 0.0 ms]
   [Code Root Purge: 0.0 ms]
   [Clear CT: 0.4 ms]
   [Other: 0.5 ms]
      [Choose CSet: 0.0 ms]
      [Ref Proc: 0.3 ms]
      [Ref Enq: 0.0 ms]
      [Redirty Cards: 0.2 ms]
      [Humongous Register: 0.0 ms]
      [Humongous Reclaim: 0.0 ms]
      [Free CSet: 0.0 ms]
   [Eden: 0.0B(12.0M)->0.0B(12.0M) Survivors: 0.0B->0.0B Heap: 199.5M(256.0M)->199.5M(256.0M)]
 [Times: user=0.00 sys=0.00, real=0.00 secs] 
2020-11-18T13:41:08.533+0800: 0.429: [GC pause (G1 Evacuation Pause) (young), 0.0004733 secs]
   [Parallel Time: 0.2 ms, GC Workers: 10]
      [GC Worker Start (ms): Min: 429.0, Avg: 429.0, Max: 429.0, Diff: 0.0]
      [Ext Root Scanning (ms): Min: 0.1, Avg: 0.1, Max: 0.1, Diff: 0.0, Sum: 0.9]
      [Update RS (ms): Min: 0.0, Avg: 0.0, Max: 0.1, Diff: 0.1, Sum: 0.1]
         [Processed Buffers: Min: 0, Avg: 0.2, Max: 1, Diff: 1, Sum: 2]
      [Scan RS (ms): Min: 0.0, Avg: 0.0, Max: 0.0, Diff: 0.0, Sum: 0.0]
      [Code Root Scanning (ms): Min: 0.0, Avg: 0.0, Max: 0.0, Diff: 0.0, Sum: 0.0]
      [Object Copy (ms): Min: 0.0, Avg: 0.0, Max: 0.0, Diff: 0.0, Sum: 0.0]
      [Termination (ms): Min: 0.0, Avg: 0.1, Max: 0.1, Diff: 0.1, Sum: 0.8]
         [Termination Attempts: Min: 1, Avg: 1.0, Max: 1, Diff: 0, Sum: 10]
      [GC Worker Other (ms): Min: 0.0, Avg: 0.0, Max: 0.0, Diff: 0.0, Sum: 0.0]
      [GC Worker Total (ms): Min: 0.2, Avg: 0.2, Max: 0.2, Diff: 0.1, Sum: 1.9]
      [GC Worker End (ms): Min: 429.2, Avg: 429.2, Max: 429.2, Diff: 0.0]
   [Code Root Fixup: 0.0 ms]
   [Code Root Purge: 0.0 ms]
   [Clear CT: 0.1 ms]
   [Other: 0.2 ms]
      [Choose CSet: 0.0 ms]
      [Ref Proc: 0.1 ms]
      [Ref Enq: 0.0 ms]
      [Redirty Cards: 0.1 ms]
      [Humongous Register: 0.0 ms]
      [Humongous Reclaim: 0.0 ms]
      [Free CSet: 0.0 ms]
   [Eden: 0.0B(12.0M)->0.0B(12.0M) Survivors: 0.0B->0.0B Heap: 199.5M(256.0M)->199.5M(256.0M)]
 [Times: user=0.00 sys=0.00, real=0.00 secs] 
2020-11-18T13:41:08.533+0800: 0.430: [Full GC (Allocation Failure)  199M->199M(256M), 0.0019850 secs]
   [Eden: 0.0B(12.0M)->0.0B(12.0M) Survivors: 0.0B->0.0B Heap: 199.5M(256.0M)->199.3M(256.0M)], [Metaspace: 3294K->3294K(1056768K)]
 [Times: user=0.00 sys=0.00, real=0.00 secs] 
2020-11-18T13:41:08.535+0800: 0.432: [Full GC (Allocation Failure)  199M->199M(256M), 0.0056035 secs]
   [Eden: 0.0B(12.0M)->0.0B(12.0M) Survivors: 0.0B->0.0B Heap: 199.3M(256.0M)->199.3M(256.0M)], [Metaspace: 3294K->3294K(1056768K)]
 [Times: user=0.02 sys=0.00, real=0.01 secs] 
2020-11-18T13:41:08.541+0800: 0.437: [GC concurrent-mark-abort]
2020-11-18T13:41:08.541+0800: 0.437: [GC pause (G1 Evacuation Pause) (young), 0.0015548 secs]
   [Parallel Time: 0.4 ms, GC Workers: 10]
      [GC Worker Start (ms): Min: 437.4, Avg: 437.4, Max: 437.5, Diff: 0.1]
      [Ext Root Scanning (ms): Min: 0.0, Avg: 0.1, Max: 0.1, Diff: 0.1, Sum: 0.9]
      [Update RS (ms): Min: 0.0, Avg: 0.0, Max: 0.1, Diff: 0.1, Sum: 0.1]
         [Processed Buffers: Min: 0, Avg: 0.3, Max: 1, Diff: 1, Sum: 3]
      [Scan RS (ms): Min: 0.0, Avg: 0.0, Max: 0.0, Diff: 0.0, Sum: 0.0]
      [Code Root Scanning (ms): Min: 0.0, Avg: 0.0, Max: 0.0, Diff: 0.0, Sum: 0.0]
      [Object Copy (ms): Min: 0.0, Avg: 0.0, Max: 0.0, Diff: 0.0, Sum: 0.0]
      [Termination (ms): Min: 0.0, Avg: 0.1, Max: 0.1, Diff: 0.1, Sum: 0.8]
         [Termination Attempts: Min: 1, Avg: 1.0, Max: 1, Diff: 0, Sum: 10]
      [GC Worker Other (ms): Min: 0.0, Avg: 0.0, Max: 0.0, Diff: 0.0, Sum: 0.0]
      [GC Worker Total (ms): Min: 0.1, Avg: 0.2, Max: 0.2, Diff: 0.1, Sum: 1.9]
      [GC Worker End (ms): Min: 437.6, Avg: 437.6, Max: 437.6, Diff: 0.0]
   [Code Root Fixup: 0.0 ms]
   [Code Root Purge: 0.0 ms]
   [Clear CT: 0.3 ms]
   [Other: 0.9 ms]
      [Choose CSet: 0.0 ms]
      [Ref Proc: 0.4 ms]
      [Ref Enq: 0.0 ms]
      [Redirty Cards: 0.4 ms]
      [Humongous Register: 0.0 ms]
      [Humongous Reclaim: 0.0 ms]
      [Free CSet: 0.0 ms]
   [Eden: 0.0B(12.0M)->0.0B(12.0M) Survivors: 0.0B->0.0B Heap: 199.3M(256.0M)->199.3M(256.0M)]
 [Times: user=0.00 sys=0.00, real=0.00 secs] 
2020-11-18T13:41:08.543+0800: 0.439: [GC pause (G1 Evacuation Pause) (young) (initial-mark), 0.0006773 secs]
   [Parallel Time: 0.3 ms, GC Workers: 10]
      [GC Worker Start (ms): Min: 439.2, Avg: 439.2, Max: 439.2, Diff: 0.1]
      [Ext Root Scanning (ms): Min: 0.1, Avg: 0.1, Max: 0.1, Diff: 0.1, Sum: 0.9]
      [Update RS (ms): Min: 0.0, Avg: 0.0, Max: 0.1, Diff: 0.1, Sum: 0.1]
         [Processed Buffers: Min: 0, Avg: 0.2, Max: 1, Diff: 1, Sum: 2]
      [Scan RS (ms): Min: 0.0, Avg: 0.0, Max: 0.0, Diff: 0.0, Sum: 0.0]
      [Code Root Scanning (ms): Min: 0.0, Avg: 0.0, Max: 0.0, Diff: 0.0, Sum: 0.0]
      [Object Copy (ms): Min: 0.0, Avg: 0.0, Max: 0.0, Diff: 0.0, Sum: 0.0]
      [Termination (ms): Min: 0.0, Avg: 0.1, Max: 0.1, Diff: 0.1, Sum: 0.9]
         [Termination Attempts: Min: 1, Avg: 1.0, Max: 1, Diff: 0, Sum: 10]
      [GC Worker Other (ms): Min: 0.0, Avg: 0.0, Max: 0.0, Diff: 0.0, Sum: 0.0]
      [GC Worker Total (ms): Min: 0.2, Avg: 0.2, Max: 0.2, Diff: 0.1, Sum: 2.0]
      [GC Worker End (ms): Min: 439.4, Avg: 439.4, Max: 439.4, Diff: 0.0]
   [Code Root Fixup: 0.0 ms]
   [Code Root Purge: 0.0 ms]
   [Clear CT: 0.1 ms]
   [Other: 0.3 ms]
      [Choose CSet: 0.0 ms]
      [Ref Proc: 0.1 ms]
      [Ref Enq: 0.0 ms]
      [Redirty Cards: 0.1 ms]
      [Humongous Register: 0.0 ms]
      [Humongous Reclaim: 0.0 ms]
      [Free CSet: 0.0 ms]
   [Eden: 0.0B(12.0M)->0.0B(12.0M) Survivors: 0.0B->0.0B Heap: 199.3M(256.0M)->199.3M(256.0M)]
 [Times: user=0.00 sys=0.00, real=0.00 secs] 
2020-11-18T13:41:08.544+0800: 0.440: [GC concurrent-root-region-scan-start]
2020-11-18T13:41:08.544+0800: 0.440: [GC concurrent-root-region-scan-end, 0.0000045 secs]
2020-11-18T13:41:08.544+0800: 0.440: [GC concurrent-mark-start]
2020-11-18T13:41:08.544+0800: 0.440: [Full GC (Allocation Failure)  199M->617K(8192K), 0.0145647 secs]
   [Eden: 0.0B(12.0M)->0.0B(4096.0K) Survivors: 0.0B->0.0B Heap: 199.3M(256.0M)->617.4K(8192.0K)], [Metaspace: 3294K->3294K(1056768K)]
 [Times: user=0.00 sys=0.02, real=0.02 secs] 
2020-11-18T13:41:08.559+0800: 0.455: [GC concurrent-mark-abort]
Heap
 garbage-first heap   total 8192K, used 617K [0x00000000f0000000, 0x00000000f0100040, 0x0000000100000000)
  region size 1024K, 1 young (1024K), 0 survivors (0K)
 Metaspace       used 3326K, capacity 4500K, committed 4864K, reserved 1056768K
  class space    used 362K, capacity 388K, committed 512K, reserved 1048576K
